Product: MDK-ARM Standard 5.10
Component: ARM Compiler 5.04 update 1 (build 49)
Tool: armlink [5040049]

==============================================================================

Section Cross References

    main.o(.text) refers to sys.o(.text) for NVIC_Configuration
    main.o(.text) refers to delay.o(.text) for delay_init
    main.o(.text) refers to usart.o(.text) for uart_init
    main.o(.text) refers to led.o(.text) for LED_Init
    main.o(.text) refers to ili93xx.o(.text) for TFTLCD_Init
    main.o(.text) refers to malloc.o(.text) for mem_init
    main.o(.text) refers to stm32f10x_rcc.o(.text) for RCC_AHBPeriphClockCmd
    main.o(.text) refers to gui_core.o(i.GUI_Init) for GUI_Init
    main.o(.text) refers to gui_setcolor.o(i.GUI_SetBkColor) for GUI_SetBkColor
    main.o(.text) refers to gui_setcolor.o(i.GUI_SetColor) for GUI_SetColor
    main.o(.text) refers to gui_dispstringat.o(i.GUI_DispStringAt) for GUI_DispStringAt
    main.o(.text) refers to gui_drawroundedrect.o(i.GUI_DrawRoundedRect) for GUI_DrawRoundedRect
    main.o(.text) refers to gui_drawroundedframe.o(i.GUI_DrawRoundedFrame) for GUI_DrawRoundedFrame
    main.o(.text) refers to gui_val.o(i.GUI_DispDec) for GUI_DispDec
    main.o(.text) refers to gui_dispstring.o(i.GUI_DispString) for GUI_DispString
    main.o(.text) refers to gui_val.o(i.GUI_DispDecAt) for GUI_DispDecAt
    main.o(.text) refers to gui_val.o(i.GUI_DispDecShift) for GUI_DispDecShift
    main.o(.text) refers to gui_val.o(i.GUI_DispDecSpace) for GUI_DispDecSpace
    main.o(.text) refers to gui_val.o(i.GUI_DispSDec) for GUI_DispSDec
    main.o(.text) refers to gui_val.o(i.GUI_DispSDecShift) for GUI_DispSDecShift
    main.o(.text) refers to gui_valf.o(i.GUI_DispFloat) for GUI_DispFloat
    main.o(.text) refers to gui_goto.o(i.GUI_GotoX) for GUI_GotoX
    main.o(.text) refers to gui_valf.o(i.GUI_DispFloatFix) for GUI_DispFloatFix
    main.o(.text) refers to gui_valf.o(i.GUI_DispSFloatFix) for GUI_DispSFloatFix
    main.o(.text) refers to gui_valf.o(i.GUI_DispFloatMin) for GUI_DispFloatMin
    main.o(.text) refers to gui_valf.o(i.GUI_DispSFloatMin) for GUI_DispSFloatMin
    main.o(.text) refers to gui_dispbin.o(i.GUI_DispBin) for GUI_DispBin
    main.o(.text) refers to gui_dispbin.o(i.GUI_DispBinAt) for GUI_DispBinAt
    main.o(.text) refers to gui_disphex.o(i.GUI_DispHex) for GUI_DispHex
    main.o(.text) refers to gui_disphex.o(i.GUI_DispHexAt) for GUI_DispHexAt
    main.o(.text) refers to gui_getversionstring.o(i.GUI_GetVersionString) for GUI_GetVersionString
    main.o(.text) refers to os_time.o(.text) for OSTimeDlyHMSM
    main.o(.text) refers to gui_touch_driveranalog.o(i.GUI_TOUCH_Exec) for GUI_TOUCH_Exec
    main.o(.text) refers to os_cpu_a.o(.text) for OS_CPU_SR_Save
    main.o(.text) refers to os_task.o(.text) for OSTaskCreate
    main.o(.text) refers to os_core.o(.text) for OSInit
    main.o(.text) refers to touch.o(.data) for tp_dev
    main.o(.text) refers to main.o(.bss) for EMWIN_TASK_STK
    stm32f10x_it.o(.text) refers to ili93xx.o(.text) for LCD_ShowString
    system_stm32f10x.o(.text) refers to system_stm32f10x.o(.data) for SystemCoreClock
    led.o(.text) refers to stm32f10x_rcc.o(.text) for RCC_APB2PeriphClockCmd
    led.o(.text) refers to stm32f10x_gpio.o(.text) for GPIO_Init
    key.o(.text) refers to stm32f10x_rcc.o(.text) for RCC_APB2PeriphClockCmd
    key.o(.text) refers to stm32f10x_gpio.o(.text) for GPIO_PinRemapConfig
    key.o(.text) refers to delay.o(.text) for delay_ms
    key.o(.text) refers to key.o(.data) for key_up
    ili93xx.o(.text) refers to _printf_percent.o(.ARM.Collect$$_printf_percent$$00000000) for _printf_percent
    ili93xx.o(.text) refers to _printf_x.o(.ARM.Collect$$_printf_percent$$0000000C) for _printf_x
    ili93xx.o(.text) refers to _printf_hex_int.o(.text) for _printf_longlong_hex
    ili93xx.o(.text) refers to stm32f10x_gpio.o(.text) for GPIO_ResetBits
    ili93xx.o(.text) refers to delay.o(.text) for delay_us
    ili93xx.o(.text) refers to ili93xx.o(.bss) for lcddev
    ili93xx.o(.text) refers to ili93xx.o(.data) for POINT_COLOR
    ili93xx.o(.text) refers to stm32f10x_rcc.o(.text) for RCC_APB2PeriphClockCmd
    ili93xx.o(.text) refers to noretval__2printf.o(.text) for __2printf
    ili93xx.o(.text) refers to ili93xx.o(.constdata) for asc2_1206
    24cxx.o(.text) refers to myiic.o(.text) for IIC_Init
    24cxx.o(.text) refers to delay.o(.text) for delay_ms
    myiic.o(.text) refers to stm32f10x_rcc.o(.text) for RCC_APB2PeriphClockCmd
    myiic.o(.text) refers to stm32f10x_gpio.o(.text) for GPIO_Init
    myiic.o(.text) refers to delay.o(.text) for delay_us
    ctiic.o(.text) refers to delay.o(.text) for delay_us
    ott2001a.o(.text) refers to _printf_percent.o(.ARM.Collect$$_printf_percent$$00000000) for _printf_percent
    ott2001a.o(.text) refers to _printf_x.o(.ARM.Collect$$_printf_percent$$0000000C) for _printf_x
    ott2001a.o(.text) refers to _printf_hex_int.o(.text) for _printf_longlong_hex
[...]
    OSIdleCtrMax                             0x200001e0   Data           4  os_core.o(.data)
    OSIdleCtrRun                             0x200001e4   Data           4  os_core.o(.data)
    OSStatRdy                                0x200001e8   Data           1  os_core.o(.data)
    OSIntNesting                             0x200001e9   Data           1  os_core.o(.data)
    OSLockNesting                            0x200001ea   Data           1  os_core.o(.data)
    OSPrioCur                                0x200001eb   Data           1  os_core.o(.data)
    OSPrioHighRdy                            0x200001ec   Data           1  os_core.o(.data)
    OSRdyGrp                                 0x200001ed   Data           1  os_core.o(.data)
    OSRdyTbl                                 0x200001ee   Data           8  os_core.o(.data)
    OSRunning                                0x200001f6   Data           1  os_core.o(.data)
    OSTaskCtr                                0x200001f7   Data           1  os_core.o(.data)
    OSIdleCtr                                0x200001f8   Data           4  os_core.o(.data)
    OSTCBCur                                 0x200001fc   Data           4  os_core.o(.data)
    OSTCBFreeList                            0x20000200   Data           4  os_core.o(.data)
    OSTCBHighRdy                             0x20000204   Data           4  os_core.o(.data)
    OSTCBList                                0x20000208   Data           4  os_core.o(.data)
    OSTickStepState                          0x2000020c   Data           1  os_core.o(.data)
    OSQFreeList                              0x20000210   Data           4  os_core.o(.data)
    OSTime                                   0x20000214   Data           4  os_core.o(.data)
    GUI_DecChar                              0x20000220   Data           1  gui_core.o(.data)
    GUI_pfGetpPalConvTable                   0x20000224   Data           4  gui_core.o(.data)
    GUI__pFontDefault                        0x20000228   Data           4  gui_core.o(.data)
    GUI_pContext                             0x2000022c   Data           4  gui_core.o(.data)
    GUI_pUC_API                              0x20000230   Data           4  gui_core.o(.data)
    GUI__apDevice                            0x20000244   Data           8  gui_core.o(.data)
    WM_pfHandlePID                           0x2000024c   Data           4  gui_core.o(.data)
    GUI_pfDispCharStyle                      0x20000250   Data           4  gui_core.o(.data)
    GUI__aNumBuffers                         0x20000254   Data           2  gui_core.o(.data)
    GUI_pLCD_APIList                         0x20000258   Data           4  gui_core.o(.data)
    GUI_OrgX                                 0x2000025c   Data           2  gui_core.o(.data)
    GUI_OrgY                                 0x2000025e   Data           2  gui_core.o(.data)
    GUI_CharLine_pfLog2Vis                   0x200002c0   Data           4  gui_charline.o(.data)
    GUITASK__EntranceCnt                     0x200002e0   Data           4  gui_task.o(.data)
    LCD__pSetColorAPI                        0x200002f8   Data           4  lcd.o(.data)
    LCD__aConvTable                          0x20000300   Data           4  lcd_color.o(.data)
    WM__PaintCallbackCnt                     0x2000030c   Data           1  wm.o(.data)
    WM__NumWindows                           0x2000030e   Data           2  wm.o(.data)
    WM__NumInvalidWindows                    0x20000310   Data           2  wm.o(.data)
    WM__TouchedLayer                         0x20000314   Data           4  wm.o(.data)
    WM__FirstWin                             0x20000318   Data           4  wm.o(.data)
    WM__pFirstCriticalHandle                 0x2000031c   Data           4  wm.o(.data)
    WM__CreateFlags                          0x20000320   Data           4  wm.o(.data)
    WM_pfPollPID                             0x20000324   Data           4  wm.o(.data)
    WM_MULTIBUF__pAPI                        0x20000328   Data           4  wm.o(.data)
    WM__TransWindowCnt                       0x2000032c   Data           4  wm.o(.data)
    WM__hATransWindow                        0x20000330   Data           4  wm.o(.data)
    WM__hCreateStatic                        0x20000334   Data           4  wm.o(.data)
    WM__pExecGestures                        0x20000338   Data           4  wm.o(.data)
    WM__ahDesktopWin                         0x2000034c   Data           8  wm.o(.data)
    WM__aBkColor                             0x20000354   Data           8  wm.o(.data)
    WM__ahCapture                            0x2000035c   Data           8  wm.o(.data)
    WM__ahWinFocus                           0x20000364   Data           8  wm.o(.data)
    WM__CaptureReleaseAuto                   0x2000036c   Data           1  wm.o(.data)
    WM__ModalLayer                           0x200003a0   Data           4  wm_touch.o(.data)
    START_TASK_STK                           0x200003ac   Data         256  main.o(.bss)
    LED_TASK_STK                             0x200004ac   Data         256  main.o(.bss)
    EMWIN_TASK_STK                           0x200005ac   Data       12384  main.o(.bss)
    TOUCH_TASK_STK                           0x2000360c   Data         256  main.o(.bss)
    lcddev                                   0x2000370c   Data          14  ili93xx.o(.bss)
    USART_RX_BUF                             0x2000371a   Data         200  usart.o(.bss)
    membase                                  0x200037e4   Data       20480  malloc.o(.bss)
    memmapbase                               0x200087e4   Data        1280  malloc.o(.bss)
    OSEventTbl                               0x20008ce4   Data         200  os_core.o(.bss)
    OSFlagTbl                                0x20008dac   Data          80  os_core.o(.bss)
    OSTaskStatStk                            0x20008dfc   Data         512  os_core.o(.bss)
    OSTaskIdleStk                            0x20008ffc   Data         512  os_core.o(.bss)
    OSTCBPrioTbl                             0x200091fc   Data         256  os_core.o(.bss)
    OSTCBTbl                                 0x200092fc   Data        1848  os_core.o(.bss)
    OSQTbl                                   0x20009a34   Data         120  os_core.o(.bss)
    GUI_ALLOC__Context                       0x20009aac   Data         188  gui_alloc.o(.bss)
    WM__aCHWinModal                          0x20009d04   Data          16  wm_touch.o(.bss)
    WM__aCHWinLast                           0x20009d14   Data          16  wm_touch.o(.bss)
    WM__aCHWinMouseOver                      0x20009d24   Data          16  wm_touch.o(.bss)
    __libspace_start                         0x20009d4c   Data          96  libspace.o(.bss)
    __temporary_stack_top$libspace           0x20009dac   Data           0  libspace.o(.bss)



==============================================================================

Memory Map of the image

  Image Entry point : 0x08000131

  Load Region LR_IROM1 (Base: 0x08000000, Size: 0x00018004, Max: 0x00040000, ABSOLUTE, COMPRESSED[0x00017d30])

    Execution Region ER_IROM1 (Base: 0x08000000, Size: 0x00017c58, Max: 0x00040000, ABSOLUTE)

    Base Addr    Size         Type   Attr      Idx    E Section Name        Object

    0x08000000   0x00000130   Data   RO          549    RESET               startup_stm32f10x_hd.o
    0x08000130   0x00000008   Code   RO         2780  * !!!main             c_w.l(__main.o)
    0x08000138   0x00000034   Code   RO         3041    !!!scatter          c_w.l(__scatter.o)
    0x0800016c   0x0000005a   Code   RO         3039    !!dczerorl2         c_w.l(__dczerorl2.o)
    0x080001c6   0x00000002   PAD
    0x080001c8   0x0000001c   Code   RO         3043    !!handler_zi        c_w.l(__scatter_zi.o)
    0x080001e4   0x00000000   Code   RO         2765    .ARM.Collect$$_printf_percent$$00000000  c_w.l(_printf_percent.o)
    0x080001e4   0x00000006   Code   RO         2763    .ARM.Collect$$_printf_percent$$00000009  c_w.l(_printf_d.o)
    0x080001ea   0x00000006   Code   RO         2764    .ARM.Collect$$_printf_percent$$0000000A  c_w.l(_printf_u.o)
    0x080001f0   0x00000006   Code   RO         2762    .ARM.Collect$$_printf_percent$$0000000C  c_w.l(_printf_x.o)
    0x080001f6   0x00000006   Code   RO         2760    .ARM.Collect$$_printf_percent$$00000013  c_w.l(_printf_c.o)
    0x080001fc   0x00000006   Code   RO         2761    .ARM.Collect$$_printf_percent$$00000014  c_w.l(_printf_s.o)
    0x08000202   0x00000004   Code   RO         2861    .ARM.Collect$$_printf_percent$$00000017  c_w.l(_printf_percent_end.o)
    0x08000206   0x00000002   Code   RO         2919    .ARM.Collect$$libinit$$00000000  c_w.l(libinit.o)
    0x08000208   0x00000000   Code   RO         2923    .ARM.Collect$$libinit$$00000002  c_w.l(libinit2.o)
    0x08000208   0x00000000   Code   RO         2926    .ARM.Collect$$libinit$$00000008  c_w.l(libinit2.o)
    0x08000208   0x00000000   Code   RO         2928    .ARM.Collect$$libinit$$0000000A  c_w.l(libinit2.o)
    0x08000208   0x00000000   Code   RO         2930    .ARM.Collect$$libinit$$0000000C  c_w.l(libinit2.o)
    0x08000208   0x00000000   Code   RO         2933    .ARM.Collect$$libinit$$0000000F  c_w.l(libinit2.o)
    0x08000208   0x00000000   Code   RO         2935    .ARM.Collect$$libinit$$00000011  c_w.l(libinit2.o)
    0x08000208   0x00000000   Code   RO         2937    .ARM.Collect$$libinit$$00000013  c_w.l(libinit2.o)
    0x08000208   0x00000000   Code   RO         2939    .ARM.Collect$$libinit$$00000015  c_w.l(libinit2.o)
    0x08000208   0x00000000   Code   RO         2941    .ARM.Collect$$libinit$$00000017  c_w.l(libinit2.o)
    0x08000208   0x00000000   Code   RO         2943    .ARM.Collect$$libinit$$00000019  c_w.l(libinit2.o)
    0x08000208   0x00000000   Code   RO         2945    .ARM.Collect$$libinit$$0000001B  c_w.l(libinit2.o)
    0x08000208   0x00000000   Code   RO         2947    .ARM.Collect$$libinit$$0000001D  c_w.l(libinit2.o)
    0x08000208   0x00000000   Code   RO         2949    .ARM.Collect$$libinit$$0000001F  c_w.l(libinit2.o)
    0x08000208   0x00000000   Code   RO         2951    .ARM.Collect$$libinit$$00000021  c_w.l(libinit2.o)
    0x08000208   0x00000000   Code   RO         2953    .ARM.Collect$$libinit$$00000023  c_w.l(libinit2.o)
    0x08000208   0x00000000   Code   RO         2957    .ARM.Collect$$libinit$$0000002A  c_w.l(libinit2.o)
    0x08000208   0x00000000   Code   RO         2959    .ARM.Collect$$libinit$$0000002C  c_w.l(libinit2.o)
    0x08000208   0x00000000   Code   RO         2961    .ARM.Collect$$libinit$$0000002E  c_w.l(libinit2.o)
    0x08000208   0x00000000   Code   RO         2963    .ARM.Collect$$libinit$$00000030  c_w.l(libinit2.o)
    0x08000208   0x00000002   Code   RO         2964    .ARM.Collect$$libinit$$00000031  c_w.l(libinit2.o)
    0x0800020a   0x00000002   Code   RO         2982    .ARM.Collect$$libshutdown$$00000000  c_w.l(libshutdown.o)
    0x0800020c   0x00000000   Code   RO         2993    .ARM.Collect$$libshutdown$$00000003  c_w.l(libshutdown2.o)
    0x0800020c   0x00000000   Code   RO         2996    .ARM.Collect$$libshutdown$$00000006  c_w.l(libshutdown2.o)
    0x0800020c   0x00000000   Code   RO         2999    .ARM.Collect$$libshutdown$$00000009  c_w.l(libshutdown2.o)
    0x0800020c   0x00000000   Code   RO         3001    .ARM.Collect$$libshutdown$$0000000B  c_w.l(libshutdown2.o)
    0x0800020c   0x00000000   Code   RO         3004    .ARM.Collect$$libshutdown$$0000000E  c_w.l(libshutdown2.o)
    0x0800020c   0x00000002   Code   RO         3005    .ARM.Collect$$libshutdown$$0000000F  c_w.l(libshutdown2.o)
    0x0800020e   0x00000000   Code   RO         2852    .ARM.Collect$$rtentry$$00000000  c_w.l(rtentry.o)
    0x0800020e   0x00000000   Code   RO         2880    .ARM.Collect$$rtentry$$00000002  c_w.l(rtentry2.o)
    0x0800020e   0x00000006   Code   RO         2892    .ARM.Collect$$rtentry$$00000004  c_w.l(rtentry4.o)
    0x08000214   0x00000000   Code   RO         2882    .ARM.Collect$$rtentry$$00000009  c_w.l(rtentry2.o)
    0x08000214   0x00000004   Code   RO         2883    .ARM.Collect$$rtentry$$0000000A  c_w.l(rtentry2.o)
    0x08000218   0x00000000   Code   RO         2885    .ARM.Collect$$rtentry$$0000000C  c_w.l(rtentry2.o)
    0x08000218   0x00000008   Code   RO         2886    .ARM.Collect$$rtentry$$0000000D  c_w.l(rtentry2.o)
    0x08000220   0x00000002   Code   RO         2920    .ARM.Collect$$rtexit$$00000000  c_w.l(rtexit.o)
    0x08000222   0x00000000   Code   RO         2966    .ARM.Collect$$rtexit$$00000002  c_w.l(rtexit2.o)
    0x08000222   0x00000004   Code   RO         2967    .ARM.Collect$$rtexit$$00000003  c_w.l(rtexit2.o)
    0x08000226   0x00000006   Code   RO         2968    .ARM.Collect$$rtexit$$00000004  c_w.l(rtexit2.o)
    0x0800022c   0x00000498   Code   RO            1    .text               main.o
    0x080006c4   0x00000040   Code   RO          143    .text               stm32f10x_it.o
    0x08000704   0x000001e0   Code   RO          227    .text               system_stm32f10x.o
    0x080008e4   0x00000050   Code   RO          245    .text               led.o
    0x08000934   0x000058ac   Code   RO          290    .text               ili93xx.o
    0x080061e0   0x0000017a   Code   RO          321    .text               24cxx.o
    0x0800635a   0x00000002   PAD
    0x0800635c   0x00000258   Code   RO          339    .text               myiic.o
    0x080065b4   0x00000260   Code   RO          351    .text               ctiic.o
    0x08006814   0x00000370   Code   RO          366    .text               ott2001a.o
    0x08006b84   0x00000c04   Code   RO          393    .text               touch.o
    0x08007788   0x000000f4   Code   RO          421    .text               delay.o
    0x0800787c   0x0000000c   Code   RO          449    .text               sys.o
    0x08007888   0x00000150   Code   RO          461    .text               usart.o
    0x080079d8   0x00000c40   Code   RO          484    .text               usmart.o
    0x08008618   0x00000528   Code   RO          524    .text               usmart_str.o
    0x08008b40   0x00000040   Code   RO          550    .text               startup_stm32f10x_hd.o
    0x08008b80   0x000000dc   Code   RO          554    .text               misc.o
    0x08008c5c   0x0000035c   Code   RO          611    .text               stm32f10x_gpio.o
    0x08008fb8   0x000003a4   Code   RO          653    .text               stm32f10x_rcc.o
    0x0800935c   0x00000e1a   Code   RO          682    .text               stm32f10x_tim.o
    0x0800a176   0x00000002   PAD
    0x0800a178   0x00000408   Code   RO          694    .text               stm32f10x_usart.o
    0x0800a580   0x000001a0   Code   RO          706    .text               malloc.o
    0x0800a720   0x00000114   Code   RO          726    .text               gui_x_os.o
    0x0800a834   0x00000028   Code   RO          752    .text               guiconf.o
    0x0800a85c   0x00000280   Code   RO          824    .text               lcdconf_flexcolor_template.o
    0x0800aadc   0x00000018   Code   RO          840    .text               gui_x_touch_analog.o
    0x0800aaf4   0x00000890   Code   RO          864    .text               os_core.o
    0x0800b384   0x0000080c   Code   RO          884    .text               os_flag.o
    0x0800bb90   0x000003cc   Code   RO          896    .text               os_mbox.o
    0x0800bf5c   0x000005e8   Code   RO          926    .text               os_q.o
    0x0800c544   0x0000038c   Code   RO          938    .text               os_sem.o
    0x0800c8d0   0x000007c4   Code   RO          950    .text               os_task.o
    0x0800d094   0x000001b0   Code   RO          962    .text               os_time.o
    0x0800d244   0x000000ae   Code   RO          980    .text               os_cpu_c.o
    0x0800d2f2   0x00000002   PAD
    0x0800d2f4   0x000000b4   Code   RO         1002    .text               os_cpu_a.o
    0x0800d3a8   0x00000002   Code   RO         2705    .text               c_w.l(use_no_semi_2.o)
    0x0800d3aa   0x00000002   PAD
    0x0800d3ac   0x00000018   Code   RO         2709    .text               c_w.l(noretval__2printf.o)
    0x0800d3c4   0x0000004e   Code   RO         2713    .text               c_w.l(_printf_pad.o)
    0x0800d412   0x00000052   Code   RO         2715    .text               c_w.l(_printf_str.o)
    0x0800d464   0x00000074   Code   RO         2717    .text               c_w.l(_printf_dec.o)
    0x0800d4d8   0x00000058   Code   RO         2722    .text               c_w.l(_printf_hex_int.o)
    0x0800d530   0x00000188   Code   RO         2757    .text               c_w.l(__printf_flags_ss_wp.o)
    0x0800d6b8   0x00000058   Code   RO         2766    .text               c_w.l(memcmp.o)
    0x0800d710   0x0000008a   Code   RO         2768    .text               c_w.l(rt_memcpy_v6.o)
    0x0800d79a   0x00000084   Code   RO         2770    .text               c_w.l(rt_memmove_v6.o)
    0x0800d81e   0x00000064   Code   RO         2772    .text               c_w.l(rt_memcpy_w.o)
    0x0800d882   0x0000004e   Code   RO         2776    .text               c_w.l(rt_memclr_w.o)
    0x0800d8d0   0x00000006   Code   RO         2778    .text               c_w.l(heapauxi.o)
    0x0800d8d6   0x00000002   Code   RO         2850    .text               c_w.l(use_no_semi.o)
    0x0800d8d8   0x00000016   Code   RO         2853    .text               c_w.l(_rserrno.o)
    0x0800d8ee   0x000000b2   Code   RO         2855    .text               c_w.l(_printf_intcommon.o)
    0x0800d9a0   0x0000002c   Code   RO         2857    .text               c_w.l(_printf_char.o)
    0x0800d9cc   0x00000024   Code   RO         2859    .text               c_w.l(_printf_char_file.o)
    0x0800d9f0   0x0000007a   Code   RO         2862    .text               c_w.l(rt_memmove_w.o)
    0x0800da6a   0x00000002   PAD
    0x0800da6c   0x00000008   Code   RO         2897    .text               c_w.l(rt_errno_addr_intlibspace.o)
    0x0800da74   0x00000030   Code   RO         2899    .text               c_w.l(_printf_char_common.o)
    0x0800daa4   0x00000008   Code   RO         2901    .text               c_w.l(ferror.o)
    0x0800daac   0x00000008   Code   RO         2905    .text               c_w.l(libspace.o)
    0x0800dab4   0x0000004a   Code   RO         2908    .text               c_w.l(sys_stackheap_outer.o)
    0x0800dafe   0x0000000c   Code   RO         2912    .text               c_w.l(exit.o)
    0x0800db0a   0x00000040   Code   RO         1412    i.GUIDRV_FlexColor_Config  STemWin526_CM3_OS_Keil.lib(guidrv_flexcolor.o)
    0x0800db4a   0x00000032   Code   RO         1413    i.GUIDRV_FlexColor_SetFunc  STemWin526_CM3_OS_Keil.lib(guidrv_flexcolor.o)
    0x0800db7c   0x0000006c   Code   RO         1539    i.GUIDRV_FlexColor_SetFunc66709  STemWin526_CM3_OS_Keil.lib(guidrv_flexcolor_func66709.o)
    0x0800dbe8   0x00000068   Code   RO         1521    i.GUIDRV_FlexColor_SetMode16bppC0B16  STemWin526_CM3_OS_Keil.lib(guidrv_flexcolor_16bpp_c0b16.o)
    0x0800dc50   0x000000c0   Code   RO         1417    i.GUIDRV_FlexColor__GetPixelIndexNoCache  STemWin526_CM3_OS_Keil.lib(guidrv_flexcolor.o)
    0x0800dd10   0x00000038   Code   RO         1418    i.GUIDRV_FlexColor__InitOnce  STemWin526_CM3_OS_Keil.lib(guidrv_flexcolor.o)
    0x0800dd48   0x00000038   Code   RO         1423    i.GUIDRV_FlexColor__SetLog2Phys  STemWin526_CM3_OS_Keil.lib(guidrv_flexcolor.o)
    0x0800dd80   0x0000009c   Code   RO         1425    i.GUIDRV_FlexColor__SetPixelIndexNoCache  STemWin526_CM3_OS_Keil.lib(guidrv_flexcolor.o)
    0x0800de1c   0x00000134   Code   RO         1769    i.GUIMONO_DispChar  STemWin526_CM3_OS_Keil.lib(gui_charm.o)
    0x0800df50   0x00000018   Code   RO         1770    i.GUIMONO_GetCharDistX  STemWin526_CM3_OS_Keil.lib(gui_charm.o)
    0x0800df68   0x00000006   Code   RO         1771    i.GUIMONO_GetFontInfo  STemWin526_CM3_OS_Keil.lib(gui_charm.o)
    0x0800df6e   0x00000038   Code   RO         1772    i.GUIMONO_IsInFont  STemWin526_CM3_OS_Keil.lib(gui_charm.o)
    0x0800dfa6   0x00000002   PAD
    0x0800dfa8   0x0000004c   Code   RO         1924    i.GUITASK_CopyContext  STemWin526_CM3_OS_Keil.lib(gui_task.o)
    0x0800dff4   0x00000040   Code   RO         1926    i.GUITASK_Init      STemWin526_CM3_OS_Keil.lib(gui_task.o)
    0x0800e034   0x0000001e   Code   RO         1005    i.GUI_ALLOC_AllocNoInit  STemWin526_CM3_OS_Keil.lib(gui_alloc.o)
    0x0800e052   0x0000002e   Code   RO         2172    i.GUI_ALLOC_AllocZero  STemWin526_CM3_OS_Keil.lib(gui_alloc_alloczero.o)
    0x0800e080   0x00000010   Code   RO         1006    i.GUI_ALLOC_AssignMemory  STemWin526_CM3_OS_Keil.lib(gui_alloc.o)
    0x0800e090   0x0000003c   Code   RO         1007    i.GUI_ALLOC_Free    STemWin526_CM3_OS_Keil.lib(gui_alloc.o)
    0x0800e0cc   0x00000018   Code   RO         1008    i.GUI_ALLOC_FreeFixedBlock  STemWin526_CM3_OS_Keil.lib(gui_alloc.o)
    0x0800e0e4   0x000000b0   Code   RO         1011    i.GUI_ALLOC_GetFixedBlock  STemWin526_CM3_OS_Keil.lib(gui_alloc.o)
    0x0800e194   0x00000040   Code   RO         1012    i.GUI_ALLOC_GetMaxSize  STemWin526_CM3_OS_Keil.lib(gui_alloc.o)
    0x0800e1d4   0x0000001c   Code   RO         1019    i.GUI_ALLOC_LockH   STemWin526_CM3_OS_Keil.lib(gui_alloc.o)
    0x0800e1f0   0x0000001c   Code   RO         1021    i.GUI_ALLOC_SetAvBlockSize  STemWin526_CM3_OS_Keil.lib(gui_alloc.o)
    0x0800e20c   0x00000030   Code   RO         1024    i.GUI_ALLOC_UnlockH  STemWin526_CM3_OS_Keil.lib(gui_alloc.o)
    0x0800e23c   0x00000018   Code   RO         1025    i.GUI_ALLOC_h2p     STemWin526_CM3_OS_Keil.lib(gui_alloc.o)
    0x0800e254   0x00000022   Code   RO         1730    i.GUI_AddBin        STemWin526_CM3_OS_Keil.lib(gui_addbin.o)
    0x0800e276   0x0000001a   Code   RO         1732    i.GUI_AddDecMin     STemWin526_CM3_OS_Keil.lib(gui_adddecmin.o)
    0x0800e290   0x00000098   Code   RO         1734    i.GUI_AddDecShift   STemWin526_CM3_OS_Keil.lib(gui_adddecshift.o)
    0x0800e328   0x0000002c   Code   RO         1741    i.GUI_AddHex        STemWin526_CM3_OS_Keil.lib(gui_addhex.o)
    0x0800e354   0x00000018   Code   RO         1735    i.GUI_AddSign       STemWin526_CM3_OS_Keil.lib(gui_adddecshift.o)
    0x0800e36c   0x00000078   Code   RO         1117    i.GUI_CURSOR_SetPositionEx  STemWin526_CM3_OS_Keil.lib(gui_curs1.o)
    0x0800e3e4   0x0000003c   Code   RO         2377    i.GUI_CalcColorDist  STemWin526_CM3_OS_Keil.lib(gui_calccolordist.o)
    0x0800e420   0x0000001c   Code   RO         1075    i.GUI_Clear         STemWin526_CM3_OS_Keil.lib(gui_core.o)
    0x0800e43c   0x00000068   Code   RO         1076    i.GUI_ClearRect     STemWin526_CM3_OS_Keil.lib(gui_core.o)
    0x0800e4a4   0x00000050   Code   RO         1144    i.GUI_DEVICE_Create  STemWin526_CM3_OS_Keil.lib(gui_device.o)
    0x0800e4f4   0x00000028   Code   RO         1145    i.GUI_DEVICE_CreateAndLink  STemWin526_CM3_OS_Keil.lib(gui_device.o)
    0x0800e51c   0x00000004   Code   RO         1146    i.GUI_DEVICE_Delete  STemWin526_CM3_OS_Keil.lib(gui_device.o)
    0x0800e520   0x00000088   Code   RO         1147    i.GUI_DEVICE_Link   STemWin526_CM3_OS_Keil.lib(gui_device.o)
    0x0800e5a8   0x00000012   Code   RO         1148    i.GUI_DEVICE_LinkDevices  STemWin526_CM3_OS_Keil.lib(gui_device.o)
    0x0800e5ba   0x00000004   Code   RO         1149    i.GUI_DEVICE_Unlink  STemWin526_CM3_OS_Keil.lib(gui_device.o)
    0x0800e5be   0x00000002   PAD
    0x0800e5c0   0x00000044   Code   RO         1150    i.GUI_DEVICE_UnlinkTaskDevices  STemWin526_CM3_OS_Keil.lib(gui_device.o)
    0x0800e604   0x00000024   Code   RO         1152    i.GUI_DEVICE__GetpDriver  STemWin526_CM3_OS_Keil.lib(gui_device.o)
    0x0800e628   0x00000018   Code   RO         1165    i.GUI_DispBin       STemWin526_CM3_OS_Keil.lib(gui_dispbin.o)
    0x0800e640   0x00000022   Code   RO         1166    i.GUI_DispBinAt     STemWin526_CM3_OS_Keil.lib(gui_dispbin.o)
    0x0800e662   0x00000006   Code   RO         1241    i.GUI_DispDec       STemWin526_CM3_OS_Keil.lib(gui_val.o)
    0x0800e668   0x00000022   Code   RO         1242    i.GUI_DispDecAt     STemWin526_CM3_OS_Keil.lib(gui_val.o)
    0x0800e68a   0x00000014   Code   RO         1244    i.GUI_DispDecShift  STemWin526_CM3_OS_Keil.lib(gui_val.o)
    0x0800e69e   0x00000036   Code   RO         1245    i.GUI_DispDecSpace  STemWin526_CM3_OS_Keil.lib(gui_val.o)
    0x0800e6d4   0x00000034   Code   RO         1255    i.GUI_DispFloat     STemWin526_CM3_OS_Keil.lib(gui_valf.o)
    0x0800e708   0x00000006   Code   RO         1256    i.GUI_DispFloatFix  STemWin526_CM3_OS_Keil.lib(gui_valf.o)
    0x0800e70e   0x00000006   Code   RO         1257    i.GUI_DispFloatMin  STemWin526_CM3_OS_Keil.lib(gui_valf.o)
    0x0800e714   0x00000014   Code   RO         1169    i.GUI_DispHex       STemWin526_CM3_OS_Keil.lib(gui_disphex.o)
    0x0800e728   0x0000001e   Code   RO         1170    i.GUI_DispHexAt     STemWin526_CM3_OS_Keil.lib(gui_disphex.o)
    0x0800e746   0x00000006   Code   RO         1246    i.GUI_DispSDec      STemWin526_CM3_OS_Keil.lib(gui_val.o)
    0x0800e74c   0x0000002a   Code   RO         1247    i.GUI_DispSDecShift  STemWin526_CM3_OS_Keil.lib(gui_val.o)
    0x0800e776   0x00000006   Code   RO         1258    i.GUI_DispSFloatFix  STemWin526_CM3_OS_Keil.lib(gui_valf.o)
    0x0800e77c   0x00000006   Code   RO         1259    i.GUI_DispSFloatMin  STemWin526_CM3_OS_Keil.lib(gui_valf.o)
    0x0800e782   0x00000002   PAD
    0x0800e784   0x00000108   Code   RO         1173    i.GUI_DispString    STemWin526_CM3_OS_Keil.lib(gui_dispstring.o)
    0x0800e88c   0x00000028   Code   RO         1175    i.GUI_DispStringAt  STemWin526_CM3_OS_Keil.lib(gui_dispstringat.o)
    0x0800e8b4   0x00000074   Code   RO         1177    i.GUI_DrawRoundedFrame  STemWin526_CM3_OS_Keil.lib(gui_drawroundedframe.o)
    0x0800e928   0x00000064   Code   RO         1181    i.GUI_DrawRoundedRect  STemWin526_CM3_OS_Keil.lib(gui_drawroundedrect.o)
    0x0800e98c   0x00000016   Code   RO         2174    i.GUI_GetBitmapPixelIndex  STemWin526_CM3_OS_Keil.lib(gui_getbitmappixelindex.o)
    0x0800e9a2   0x0000008a   Code   RO         2175    i.GUI_GetBitmapPixelIndexEx  STemWin526_CM3_OS_Keil.lib(gui_getbitmappixelindex.o)
    0x0800ea2c   0x00000014   Code   RO         1284    i.GUI_GetBitsPerPixelEx  STemWin526_CM3_OS_Keil.lib(lcd_getex.o)
    0x0800ea40   0x00000024   Code   RO         1746    i.GUI_GetCharDistX  STemWin526_CM3_OS_Keil.lib(gui_char.o)
    0x0800ea64   0x00000028   Code   RO         1747    i.GUI_GetCharDistXEx  STemWin526_CM3_OS_Keil.lib(gui_char.o)
    0x0800ea8c   0x00000014   Code   RO         1817    i.GUI_GetCursorLayer  STemWin526_CM3_OS_Keil.lib(gui_selectlayer.o)
    0x0800eaa0   0x0000001c   Code   RO         1748    i.GUI_GetFontDistY  STemWin526_CM3_OS_Keil.lib(gui_char.o)
    0x0800eabc   0x00000026   Code   RO         1818    i.GUI_GetLayerPosEx  STemWin526_CM3_OS_Keil.lib(gui_selectlayer.o)
    0x0800eae2   0x00000002   PAD
    0x0800eae4   0x00000014   Code   RO         1189    i.GUI_GetVersionString  STemWin526_CM3_OS_Keil.lib(gui_getversionstring.o)
    0x0800eaf8   0x0000003c   Code   RO         1749    i.GUI_GetYAdjust    STemWin526_CM3_OS_Keil.lib(gui_char.o)
    0x0800eb34   0x00000010   Code   RO         1285    i.GUI_GetpfColor2IndexEx  STemWin526_CM3_OS_Keil.lib(lcd_getex.o)
    0x0800eb44   0x00000010   Code   RO         1286    i.GUI_GetpfIndex2ColorEx  STemWin526_CM3_OS_Keil.lib(lcd_getex.o)
    0x0800eb54   0x00000018   Code   RO         1192    i.GUI_GotoX         STemWin526_CM3_OS_Keil.lib(gui_goto.o)
    0x0800eb6c   0x00000022   Code   RO         1193    i.GUI_GotoXY        STemWin526_CM3_OS_Keil.lib(gui_goto.o)
    0x0800eb8e   0x00000002   PAD
    0x0800eb90   0x00000068   Code   RO         1078    i.GUI_Init          STemWin526_CM3_OS_Keil.lib(gui_core.o)
    0x0800ebf8   0x00000090   Code   RO         1928    i.GUI_Lock          STemWin526_CM3_OS_Keil.lib(gui_task.o)
    0x0800ec88   0x0000002c   Code   RO         1736    i.GUI_Long2Len      STemWin526_CM3_OS_Keil.lib(gui_adddecshift.o)
    0x0800ecb4   0x00000048   Code   RO         2261    i.GUI_MEMDEV_Delete  STemWin526_CM3_OS_Keil.lib(guidev.o)
    0x0800ecfc   0x00000032   Code   RO         2262    i.GUI_MEMDEV_GetBitsPerPixel  STemWin526_CM3_OS_Keil.lib(guidev.o)
    0x0800ed2e   0x00000022   Code   RO         2284    i.GUI_MEMDEV_GetDataPtr  STemWin526_CM3_OS_Keil.lib(guidev_getdataptr.o)
    0x0800ed50   0x00000050   Code   RO         2264    i.GUI_MEMDEV_Select  STemWin526_CM3_OS_Keil.lib(guidev.o)
    0x0800eda0   0x0000003c   Code   RO         2029    i.GUI_MEMDEV__WriteToActiveOpaque  STemWin526_CM3_OS_Keil.lib(guidev_writetoactiveopaque.o)
    0x0800eddc   0x00000058   Code   RO         2186    i.GUI_MergeRect     STemWin526_CM3_OS_Keil.lib(gui_mergerect.o)
    0x0800ee34   0x0000001e   Code   RO         2188    i.GUI_MoveRect      STemWin526_CM3_OS_Keil.lib(gui_moverect.o)
    0x0800ee52   0x00000002   PAD
    0x0800ee54   0x00000044   Code   RO         1799    i.GUI_PID_GetState  STemWin526_CM3_OS_Keil.lib(gui_pid.o)
    0x0800ee98   0x00000018   Code   RO         1800    i.GUI_PID_IsEmpty   STemWin526_CM3_OS_Keil.lib(gui_pid.o)
    0x0800eeb0   0x0000001c   Code   RO         1802    i.GUI_PID_StoreState  STemWin526_CM3_OS_Keil.lib(gui_pid.o)
    0x0800eecc   0x00000038   Code   RO         2210    i.GUI_RectsIntersect  STemWin526_CM3_OS_Keil.lib(gui_rectsintersect.o)
    0x0800ef04   0x00000022   Code   RO         1846    i.GUI_SPRITE_SetPosition  STemWin526_CM3_OS_Keil.lib(gui_sprite.o)
    0x0800ef26   0x0000001a   Code   RO         2216    i.GUI_SelectLCD     STemWin526_CM3_OS_Keil.lib(gui_selectlcd.o)
    0x0800ef40   0x00000030   Code   RO         1820    i.GUI_SelectLayer   STemWin526_CM3_OS_Keil.lib(gui_selectlayer.o)
    0x0800ef70   0x00000016   Code   RO         1202    i.GUI_SetBkColor    STemWin526_CM3_OS_Keil.lib(gui_setcolor.o)
    0x0800ef86   0x00000016   Code   RO         1203    i.GUI_SetColor      STemWin526_CM3_OS_Keil.lib(gui_setcolor.o)
    0x0800ef9c   0x0000000c   Code   RO         1079    i.GUI_SetDefaultFont  STemWin526_CM3_OS_Keil.lib(gui_core.o)
    0x0800efa8   0x00000020   Code   RO         1822    i.GUI_SetLayerPosEx  STemWin526_CM3_OS_Keil.lib(gui_selectlayer.o)
    0x0800efc8   0x00000040   Code   RO         1835    i.GUI_SetOrg        STemWin526_CM3_OS_Keil.lib(gui_setorg.o)
    0x0800f008   0x00000010   Code   RO         2232    i.GUI_SignalEvent   STemWin526_CM3_OS_Keil.lib(gui_waitevent.o)
    0x0800f018   0x00000010   Code   RO         2195    i.GUI_StoreKey      STemWin526_CM3_OS_Keil.lib(gui_onkey.o)
    0x0800f028   0x000000ac   Code   RO         1217    i.GUI_TOUCH_Calibrate  STemWin526_CM3_OS_Keil.lib(gui_touch_driveranalog.o)
    0x0800f0d4   0x00000148   Code   RO         1218    i.GUI_TOUCH_Exec    STemWin526_CM3_OS_Keil.lib(gui_touch_driveranalog.o)
    0x0800f21c   0x0000000c   Code   RO         1223    i.GUI_TOUCH_SetOrientation  STemWin526_CM3_OS_Keil.lib(gui_touch_driveranalog.o)
    0x0800f228   0x00000024   Code   RO         2225    i.GUI_TOUCH_StoreState  STemWin526_CM3_OS_Keil.lib(gui_touch_storestate.o)
    0x0800f24c   0x0000002c   Code   RO         1213    i.GUI_TOUCH_StoreStateEx  STemWin526_CM3_OS_Keil.lib(gui_touch.o)
    0x0800f278   0x0000002c   Code   RO         1940    i.GUI_TOUCH_StoreUnstable  STemWin526_CM3_OS_Keil.lib(gui_touch_storeunstable.o)
    0x0800f2a4   0x0000002c   Code   RO         1948    i.GUI_UC__GetCharCodeInc  STemWin526_CM3_OS_Keil.lib(gui_uc.o)
    0x0800f2d0   0x00000028   Code   RO         1950    i.GUI_UC__NumChars2NumBytes  STemWin526_CM3_OS_Keil.lib(gui_uc.o)
    0x0800f2f8   0x00000028   Code   RO         2023    i.GUI_USAGE_AddRect  STemWin526_CM3_OS_Keil.lib(guidev_usage.o)
    0x0800f320   0x0000002c   Code   RO         2024    i.GUI_USAGE_DecUseCnt  STemWin526_CM3_OS_Keil.lib(guidev_usage.o)
    0x0800f34c   0x00000014   Code   RO         1929    i.GUI_Unlock        STemWin526_CM3_OS_Keil.lib(gui_task.o)
    0x0800f360   0x00000124   Code   RO         2155    i.GUI__CompactPixelIndices  STemWin526_CM3_OS_Keil.lib(gui__compactpixelindices.o)
    0x0800f484   0x00000038   Code   RO         1081    i.GUI__Config       STemWin526_CM3_OS_Keil.lib(gui_core.o)
    0x0800f4bc   0x000000b0   Code   RO         1756    i.GUI__DispLine     STemWin526_CM3_OS_Keil.lib(gui_charline.o)
    0x0800f56c   0x00000054   Code   RO         1757    i.GUI__GetLineDistX  STemWin526_CM3_OS_Keil.lib(gui_charline.o)
    0x0800f5c0   0x00000038   Code   RO         1758    i.GUI__GetLineNumChars  STemWin526_CM3_OS_Keil.lib(gui_charline.o)
    0x0800f5f8   0x00000018   Code   RO         1759    i.GUI__GetOverlap   STemWin526_CM3_OS_Keil.lib(gui_charline.o)
    0x0800f610   0x0000003a   Code   RO         2159    i.GUI__IntersectRect  STemWin526_CM3_OS_Keil.lib(gui__intersectrect.o)
    0x0800f64a   0x00000052   Code   RO         2161    i.GUI__IntersectRects  STemWin526_CM3_OS_Keil.lib(gui__intersectrects.o)
    0x0800f69c   0x00000010   Code   RO         2164    i.GUI__ManageCache  STemWin526_CM3_OS_Keil.lib(gui__managecache.o)
    0x0800f6ac   0x000000c8   Code   RO         2165    i.GUI__ManageCacheEx  STemWin526_CM3_OS_Keil.lib(gui__managecache.o)
    0x0800f774   0x00000010   Code   RO         1082    i.GUI__RegisterExit  STemWin526_CM3_OS_Keil.lib(gui_core.o)
    0x0800f784   0x0000004c   Code   RO         1724    i.GUI__memset       STemWin526_CM3_OS_Keil.lib(gui__memset.o)
    0x0800f7d0   0x0000003c   Code   RO         1726    i.GUI__memset16     STemWin526_CM3_OS_Keil.lib(gui__memset16.o)
    0x0800f80c   0x0000001a   Code   RO         1728    i.GUI__sqrt32       STemWin526_CM3_OS_Keil.lib(gui__sqrt32.o)
    0x0800f826   0x00000002   PAD
    0x0800f828   0x0000001c   Code   RO         1969    i.LCD_Color2Index   STemWin526_CM3_OS_Keil.lib(lcd.o)
    0x0800f844   0x00000204   Code   RO         1970    i.LCD_DrawBitmap    STemWin526_CM3_OS_Keil.lib(lcd.o)
    0x0800fa48   0x00000058   Code   RO         1971    i.LCD_DrawHLine     STemWin526_CM3_OS_Keil.lib(lcd.o)
    0x0800faa0   0x00000068   Code   RO         1972    i.LCD_DrawPixel     STemWin526_CM3_OS_Keil.lib(lcd.o)
    0x0800fb08   0x00000054   Code   RO         1973    i.LCD_DrawVLine     STemWin526_CM3_OS_Keil.lib(lcd.o)
    0x0800fb5c   0x00000058   Code   RO         1974    i.LCD_FillRect      STemWin526_CM3_OS_Keil.lib(lcd.o)
    0x0800fbb4   0x00000006   Code   RO         1288    i.LCD_GetBitsPerPixelEx  STemWin526_CM3_OS_Keil.lib(lcd_getex.o)
    0x0800fbba   0x00000002   PAD
    0x0800fbbc   0x00000010   Code   RO         1295    i.LCD_GetNumColors  STemWin526_CM3_OS_Keil.lib(lcd_getex.o)
    0x0800fbcc   0x00000006   Code   RO         1296    i.LCD_GetNumColorsEx  STemWin526_CM3_OS_Keil.lib(lcd_getex.o)
    0x0800fbd2   0x0000001a   Code   RO         2253    i.LCD_GetNumLayers  STemWin526_CM3_OS_Keil.lib(lcd_getnumdisplays.o)
    0x0800fbec   0x00000010   Code   RO         1297    i.LCD_GetPalette    STemWin526_CM3_OS_Keil.lib(lcd_getex.o)
    0x0800fbfc   0x00000018   Code   RO         1298    i.LCD_GetPaletteEx  STemWin526_CM3_OS_Keil.lib(lcd_getex.o)
    0x0800fc14   0x0000002c   Code   RO         1363    i.LCD_GetPosEx      STemWin526_CM3_OS_Keil.lib(lcd_set.o)
    0x0800fc40   0x00000006   Code   RO         1310    i.LCD_GetXSizeEx    STemWin526_CM3_OS_Keil.lib(lcd_getex.o)
    0x0800fc46   0x00000006   Code   RO         1315    i.LCD_GetYSizeEx    STemWin526_CM3_OS_Keil.lib(lcd_getex.o)
    0x0800fc4c   0x00000004   Code   RO         2008    i.LCD_GetpPalConvTableBM  STemWin526_CM3_OS_Keil.lib(lcd_color.o)
    0x0800fc50   0x00000048   Code   RO         2009    i.LCD_GetpPalConvTableUncached  STemWin526_CM3_OS_Keil.lib(lcd_color.o)
    0x0800fc98   0x0000001c   Code   RO         1975    i.LCD_Index2Color   STemWin526_CM3_OS_Keil.lib(lcd.o)
    0x0800fcb4   0x0000002c   Code   RO         1273    i.LCD_Index2Color_565  STemWin526_CM3_OS_Keil.lib(guicc_565.o)
    0x0800fce0   0x00000034   Code   RO         2010    i.LCD_InitColors    STemWin526_CM3_OS_Keil.lib(lcd_color.o)
    0x0800fd14   0x00000070   Code   RO         2011    i.LCD_InitLUT       STemWin526_CM3_OS_Keil.lib(lcd_color.o)
    0x0800fd84   0x00000040   Code   RO         2515    i.LCD_SelectLCD     STemWin526_CM3_OS_Keil.lib(lcd_selectlcd.o)
    0x0800fdc4   0x0000000c   Code   RO         1976    i.LCD_SetBkColor    STemWin526_CM3_OS_Keil.lib(lcd.o)
    0x0800fdd0   0x00000018   Code   RO         1977    i.LCD_SetBkColorIndex  STemWin526_CM3_OS_Keil.lib(lcd.o)
    0x0800fde8   0x00000030   Code   RO         2255    i.LCD_SetClipRectEx  STemWin526_CM3_OS_Keil.lib(lcd_setcliprectex.o)
    0x0800fe18   0x0000001c   Code   RO         1978    i.LCD_SetClipRectMax  STemWin526_CM3_OS_Keil.lib(lcd.o)
    0x0800fe34   0x0000000c   Code   RO         1979    i.LCD_SetColor      STemWin526_CM3_OS_Keil.lib(lcd.o)
    0x0800fe40   0x00000018   Code   RO         1980    i.LCD_SetColorIndex  STemWin526_CM3_OS_Keil.lib(lcd.o)
    0x0800fe58   0x0000000c   Code   RO         1981    i.LCD_SetDrawMode   STemWin526_CM3_OS_Keil.lib(lcd.o)
    0x0800fe64   0x0000002c   Code   RO         1376    i.LCD_SetLUTEntryEx  STemWin526_CM3_OS_Keil.lib(lcd_set.o)
    0x0800fe90   0x0000002c   Code   RO         1378    i.LCD_SetPosEx      STemWin526_CM3_OS_Keil.lib(lcd_set.o)
    0x0800febc   0x0000002c   Code   RO         1380    i.LCD_SetSizeEx     STemWin526_CM3_OS_Keil.lib(lcd_set.o)
    0x0800fee8   0x0000002c   Code   RO         1384    i.LCD_SetVSizeEx    STemWin526_CM3_OS_Keil.lib(lcd_set.o)
    0x0800ff14   0x00000024   Code   RO         2517    i.LCD_UpdateColorIndices  STemWin526_CM3_OS_Keil.lib(lcd_updatecolorindices.o)
    0x0800ff38   0x000001b4   Code   RO         1982    i.LCD__DrawBitmap_1bpp  STemWin526_CM3_OS_Keil.lib(lcd.o)
    0x080100ec   0x0000005c   Code   RO         1319    i.LCD__GetBPP       STemWin526_CM3_OS_Keil.lib(lcd_getex.o)
    0x08010148   0x00000032   Code   RO         1320    i.LCD__GetBPPDevice  STemWin526_CM3_OS_Keil.lib(lcd_getex.o)
    0x0801017a   0x00000002   PAD
    0x0801017c   0x00000010   Code   RO         2040    i.WM_Activate       STemWin526_CM3_OS_Keil.lib(wm.o)
    0x0801018c   0x00000088   Code   RO         2308    i.WM_BringToBottom  STemWin526_CM3_OS_Keil.lib(wm_bringtobottom.o)
    0x08010214   0x00000150   Code   RO         2042    i.WM_CreateWindowAsChild  STemWin526_CM3_OS_Keil.lib(wm.o)
    0x08010364   0x00000020   Code   RO         2043    i.WM_Deactivate     STemWin526_CM3_OS_Keil.lib(wm.o)
    0x08010384   0x00000046   Code   RO         2044    i.WM_DefaultProc    STemWin526_CM3_OS_Keil.lib(wm.o)
    0x080103ca   0x00000002   PAD
    0x080103cc   0x00000018   Code   RO         2153    i.WM_GetDesktopWindow  STemWin526_CM3_OS_Keil.lib(wm_getdesktopwindow.o)
    0x080103e4   0x00000014   Code   RO         2681    i.WM_GetDesktopWindowEx  STemWin526_CM3_OS_Keil.lib(wm_getdesktopwindowex.o)
    0x080103f8   0x0000001a   Code   RO         2320    i.WM_GetFirstChild  STemWin526_CM3_OS_Keil.lib(wm_getfirstchild.o)
    0x08010412   0x0000001a   Code   RO         2609    i.WM_GetParent      STemWin526_CM3_OS_Keil.lib(wm_getparent.o)
    0x0801042c   0x00000378   Code   RO         2340    i.WM_HandlePID      STemWin526_CM3_OS_Keil.lib(wm_touch.o)
    0x080107a4   0x000000d4   Code   RO         2048    i.WM_Init           STemWin526_CM3_OS_Keil.lib(wm.o)
    0x08010878   0x00000080   Code   RO         2049    i.WM_InvalidateRect  STemWin526_CM3_OS_Keil.lib(wm.o)
    0x080108f8   0x00000006   Code   RO         2050    i.WM_InvalidateWindow  STemWin526_CM3_OS_Keil.lib(wm.o)
    0x080108fe   0x0000005e   Code   RO         2051    i.WM_InvalidateWindowAndDescsEx  STemWin526_CM3_OS_Keil.lib(wm.o)
    0x0801095c   0x00000018   Code   RO         2615    i.WM_IsWindow       STemWin526_CM3_OS_Keil.lib(wm_iswindow.o)
    0x08010974   0x00000018   Code   RO         2620    i.WM_PID__SetPrevState  STemWin526_CM3_OS_Keil.lib(wm_pid__getprevstate.o)
    0x0801098c   0x00000012   Code   RO         2634    i.WM_ReleaseCapture  STemWin526_CM3_OS_Keil.lib(wm_setcapture.o)
    0x0801099e   0x0000001e   Code   RO         2624    i.WM_Screen2hWin    STemWin526_CM3_OS_Keil.lib(wm_screen2win.o)
    0x080109bc   0x00000044   Code   RO         2052    i.WM_SelectWindow   STemWin526_CM3_OS_Keil.lib(wm.o)
    0x08010a00   0x00000026   Code   RO         2326    i.WM_SendToParent   STemWin526_CM3_OS_Keil.lib(wm_sendtoparent.o)
    0x08010a26   0x00000002   PAD
    0x08010a28   0x00000048   Code   RO         2055    i.WM__ActivateClipRect  STemWin526_CM3_OS_Keil.lib(wm.o)
    0x08010a70   0x00000010   Code   RO         2310    i.WM__AddCriticalHandle  STemWin526_CM3_OS_Keil.lib(wm_criticalhandle.o)
    0x08010a80   0x00000010   Code   RO         2056    i.WM__Client2Screen  STemWin526_CM3_OS_Keil.lib(wm.o)
    0x08010a90   0x0000004e   Code   RO         2057    i.WM__ClipAtParentBorders  STemWin526_CM3_OS_Keil.lib(wm.o)
    0x08010ade   0x00000020   Code   RO         2316    i.WM__GetClientRectEx  STemWin526_CM3_OS_Keil.lib(wm_getclientrect.o)
    0x08010afe   0x00000018   Code   RO         2060    i.WM__GetClientRectWin  STemWin526_CM3_OS_Keil.lib(wm.o)
    0x08010b16   0x00000012   Code   RO         2679    i.WM__GetFirstSibling  STemWin526_CM3_OS_Keil.lib(wm__getfirstsibling.o)
    0x08010b28   0x00000040   Code   RO         2061    i.WM__GetNextIVR    STemWin526_CM3_OS_Keil.lib(wm.o)
    0x08010b68   0x00000024   Code   RO         2589    i.WM__GetPrevSibling  STemWin526_CM3_OS_Keil.lib(wm__getprevsibling.o)
    0x08010b8c   0x00000018   Code   RO         2062    i.WM__GetTopLevelLayer  STemWin526_CM3_OS_Keil.lib(wm.o)
    0x08010ba4   0x000000f0   Code   RO         2063    i.WM__InitIVRSearch  STemWin526_CM3_OS_Keil.lib(wm.o)
    0x08010c94   0x000000a4   Code   RO         2064    i.WM__InsertWindowIntoList  STemWin526_CM3_OS_Keil.lib(wm.o)
    0x08010d38   0x00000006   Code   RO         2065    i.WM__Invalidate1Abs  STemWin526_CM3_OS_Keil.lib(wm.o)
    0x08010d3e   0x00000002   PAD
    0x08010d40   0x00000054   Code   RO         2066    i.WM__InvalidateDrawAndDescs  STemWin526_CM3_OS_Keil.lib(wm.o)
    0x08010d94   0x00000076   Code   RO         2068    i.WM__InvalidateRect  STemWin526_CM3_OS_Keil.lib(wm.o)
    0x08010e0a   0x00000006   Code   RO         2069    i.WM__InvalidateRectEx  STemWin526_CM3_OS_Keil.lib(wm.o)
    0x08010e10   0x00000022   Code   RO         2591    i.WM__IsAncestor    STemWin526_CM3_OS_Keil.lib(wm__isancestor.o)
    0x08010e32   0x00000016   Code   RO         2595    i.WM__IsEnabled     STemWin526_CM3_OS_Keil.lib(wm__isenabled.o)
    0x08010e48   0x00000068   Code   RO         2341    i.WM__IsInModalArea  STemWin526_CM3_OS_Keil.lib(wm_touch.o)
    0x08010eb0   0x00000030   Code   RO         2626    i.WM__IsInWindow    STemWin526_CM3_OS_Keil.lib(wm_screen2win.o)
    0x08010ee0   0x00000024   Code   RO         2070    i.WM__IsWindow      STemWin526_CM3_OS_Keil.lib(wm.o)
    0x08010f04   0x00000020   Code   RO         2074    i.WM__RectIsNZ      STemWin526_CM3_OS_Keil.lib(wm.o)
    0x08010f24   0x0000002c   Code   RO         2636    i.WM__ReleaseCapture  STemWin526_CM3_OS_Keil.lib(wm_setcapture.o)
    0x08010f50   0x0000002c   Code   RO         2311    i.WM__RemoveCriticalHandle  STemWin526_CM3_OS_Keil.lib(wm_criticalhandle.o)
    0x08010f7c   0x00000014   Code   RO         2077    i.WM__SelectTopLevelLayer  STemWin526_CM3_OS_Keil.lib(wm.o)
    0x08010f90   0x0000003c   Code   RO         2305    i.WM__SendMessage   STemWin526_CM3_OS_Keil.lib(wm__sendmessage.o)
    0x08010fcc   0x0000001c   Code   RO         2597    i.WM__SendMessageIfEnabled  STemWin526_CM3_OS_Keil.lib(wm__sendmessageifenabled.o)
    0x08010fe8   0x0000000e   Code   RO         2078    i.WM__SendMsgNoData  STemWin526_CM3_OS_Keil.lib(wm.o)
    0x08010ff6   0x0000003e   Code   RO         2342    i.WM__SendPIDMessage  STemWin526_CM3_OS_Keil.lib(wm_touch.o)
    0x08011034   0x00000036   Code   RO         2343    i.WM__SendTouchMessage  STemWin526_CM3_OS_Keil.lib(wm_touch.o)
    0x0801106a   0x00000002   PAD
    0x0801106c   0x00000078   Code   RO         1027    i._AddFreeMemory    STemWin526_CM3_OS_Keil.lib(gui_alloc.o)
    0x080110e4   0x000000bc   Code   RO         1028    i._Alloc            STemWin526_CM3_OS_Keil.lib(gui_alloc.o)
    0x080111a0   0x00000004   Code   RO         1959    i._CalcSizeOfChar   STemWin526_CM3_OS_Keil.lib(gui_uc_encodenone.o)
    0x080111a4   0x00000038   Code   RO         1274    i._Color2IndexBulk  STemWin526_CM3_OS_Keil.lib(guicc_565.o)
    0x080111dc   0x00000054   Code   RO         2244    i._Color2Index_0    STemWin526_CM3_OS_Keil.lib(guicc_0.o)
    0x08011230   0x00000028   Code   RO         1275    i._Color2Index_565  STemWin526_CM3_OS_Keil.lib(guicc_565.o)
    0x08011258   0x0000003e   Code   RO         2030    i._Convert16        STemWin526_CM3_OS_Keil.lib(guidev_writetoactiveopaque.o)
    0x08011296   0x0000003e   Code   RO         2031    i._Convert8         STemWin526_CM3_OS_Keil.lib(guidev_writetoactiveopaque.o)
    0x080112d4   0x0000009a   Code   RO         1851    i._CreateBuffer     STemWin526_CM3_OS_Keil.lib(gui_sprite.o)
    0x0801136e   0x0000001c   Code   RO         1541    i._Data2Index_16bpp_B16  STemWin526_CM3_OS_Keil.lib(guidrv_flexcolor_func66709.o)
    0x0801138a   0x00000016   Code   RO         1542    i._Data2Index_16bpp_B8  STemWin526_CM3_OS_Keil.lib(guidrv_flexcolor_func66709.o)
    0x080113a0   0x00000014   Code   RO         1803    i._DecPointer       STemWin526_CM3_OS_Keil.lib(gui_pid.o)
    0x080113b4   0x00000020   Code   RO         2080    i._DesktopHandle2Index  STemWin526_CM3_OS_Keil.lib(wm.o)
    0x080113d4   0x00000048   Code   RO         1260    i._DispFloatFix     STemWin526_CM3_OS_Keil.lib(gui_valf.o)
    0x0801141c   0x000000d8   Code   RO         1261    i._DispFloatMin     STemWin526_CM3_OS_Keil.lib(gui_valf.o)
    0x080114f4   0x00000074   Code   RO         1760    i._DispLine         STemWin526_CM3_OS_Keil.lib(gui_charline.o)
    0x08011568   0x00000148   Code   RO         1522    i._DrawBitLine1BPP  STemWin526_CM3_OS_Keil.lib(guidrv_flexcolor_16bpp_c0b16.o)
    0x080116b0   0x00000148   Code   RO         1685    i._DrawBitLine1BPP  STemWin526_CM3_OS_Keil.lib(guidev_16.o)
    0x080117f8   0x00000118   Code   RO         1523    i._DrawBitLine2BPP  STemWin526_CM3_OS_Keil.lib(guidrv_flexcolor_16bpp_c0b16.o)
    0x08011910   0x000000e0   Code   RO         1686    i._DrawBitLine2BPP  STemWin526_CM3_OS_Keil.lib(guidev_16.o)
    0x080119f0   0x00000118   Code   RO         1524    i._DrawBitLine4BPP  STemWin526_CM3_OS_Keil.lib(guidrv_flexcolor_16bpp_c0b16.o)
    0x08011b08   0x00000160   Code   RO         1687    i._DrawBitLine4BPP  STemWin526_CM3_OS_Keil.lib(guidev_16.o)
    0x08011c68   0x000000d4   Code   RO         1525    i._DrawBitLine8BPP  STemWin526_CM3_OS_Keil.lib(guidrv_flexcolor_16bpp_c0b16.o)
    0x08011d3c   0x00000022   Code   RO         1427    i._DrawBitmap       STemWin526_CM3_OS_Keil.lib(guidrv_flexcolor.o)
    0x08011d5e   0x00000002   PAD
    0x08011d60   0x000000f4   Code   RO         1526    i._DrawBitmap       STemWin526_CM3_OS_Keil.lib(guidrv_flexcolor_16bpp_c0b16.o)
    0x08011e54   0x000002d8   Code   RO         1688    i._DrawBitmap       STemWin526_CM3_OS_Keil.lib(guidev_16.o)
    0x0801212c   0x0000000e   Code   RO         1428    i._DrawHLine        STemWin526_CM3_OS_Keil.lib(guidrv_flexcolor.o)
    0x0801213a   0x0000000a   Code   RO         1689    i._DrawHLine        STemWin526_CM3_OS_Keil.lib(guidev_16.o)
    0x08012144   0x0000011c   Code   RO         1178    i._DrawRoundedFrame  STemWin526_CM3_OS_Keil.lib(gui_drawroundedframe.o)
    0x08012260   0x0000011e   Code   RO         1182    i._DrawRoundedRect  STemWin526_CM3_OS_Keil.lib(gui_drawroundedrect.o)
    0x0801237e   0x00000010   Code   RO         1429    i._DrawVLine        STemWin526_CM3_OS_Keil.lib(guidrv_flexcolor.o)
    0x0801238e   0x00000002   PAD
    0x08012390   0x000000b8   Code   RO         1690    i._DrawVLine        STemWin526_CM3_OS_Keil.lib(guidev_16.o)
    0x08012448   0x00000006   Code   RO         1960    i._Encode           STemWin526_CM3_OS_Keil.lib(gui_uc_encodenone.o)
    0x0801244e   0x00000002   PAD
    0x08012450   0x00000098   Code   RO         1029    i._EnlargeBlocks    STemWin526_CM3_OS_Keil.lib(gui_alloc.o)
    0x080124e8   0x00000010   Code   RO         1430    i._FillRect         STemWin526_CM3_OS_Keil.lib(guidrv_flexcolor.o)
    0x080124f8   0x000000f8   Code   RO         1527    i._FillRect         STemWin526_CM3_OS_Keil.lib(guidrv_flexcolor_16bpp_c0b16.o)
    0x080125f0   0x000000ac   Code   RO         1691    i._FillRect         STemWin526_CM3_OS_Keil.lib(guidev_16.o)
    0x0801269c   0x00000148   Code   RO         2083    i._FindNext_IVR     STemWin526_CM3_OS_Keil.lib(wm.o)
    0x080127e4   0x0000007c   Code   RO         2084    i._Findx0           STemWin526_CM3_OS_Keil.lib(wm.o)
    0x08012860   0x00000072   Code   RO         2085    i._Findx1           STemWin526_CM3_OS_Keil.lib(wm.o)
    0x080128d2   0x000000a6   Code   RO         2086    i._Findy1           STemWin526_CM3_OS_Keil.lib(wm.o)
    0x08012978   0x00000074   Code   RO         1857    i._FlushBuffer      STemWin526_CM3_OS_Keil.lib(gui_sprite.o)
    0x080129ec   0x0000006c   Code   RO         1858    i._GetBkPixel       STemWin526_CM3_OS_Keil.lib(gui_sprite.o)
    0x08012a58   0x00000004   Code   RO         1961    i._GetCharCode      STemWin526_CM3_OS_Keil.lib(gui_uc_encodenone.o)
    0x08012a5c   0x00000004   Code   RO         1962    i._GetCharSize      STemWin526_CM3_OS_Keil.lib(gui_uc_encodenone.o)
    0x08012a60   0x00000040   Code   RO         1262    i._GetDecs          STemWin526_CM3_OS_Keil.lib(gui_valf.o)
    0x08012aa0   0x0000000e   Code   RO         1431    i._GetDevData       STemWin526_CM3_OS_Keil.lib(guidrv_flexcolor.o)
    0x08012aae   0x00000002   PAD
    0x08012ab0   0x00000010   Code   RO         1692    i._GetDevData       STemWin526_CM3_OS_Keil.lib(guidev_16.o)
    0x08012ac0   0x00000070   Code   RO         1432    i._GetDevFunc       STemWin526_CM3_OS_Keil.lib(guidrv_flexcolor.o)
    0x08012b30   0x00000010   Code   RO         1693    i._GetDevFunc       STemWin526_CM3_OS_Keil.lib(guidev_16.o)
    0x08012b40   0x0000004c   Code   RO         1433    i._GetDevFunc_Init  STemWin526_CM3_OS_Keil.lib(guidrv_flexcolor.o)
    0x08012b8c   0x00000002   Code   RO         1434    i._GetDevFunc_SetRect  STemWin526_CM3_OS_Keil.lib(guidrv_flexcolor.o)
    0x08012b8e   0x00000002   PAD
    0x08012b90   0x00000040   Code   RO         1435    i._GetDevFunc_SetRectOutside  STemWin526_CM3_OS_Keil.lib(guidrv_flexcolor.o)
    0x08012bd0   0x00000014   Code   RO         1436    i._GetDevFunc_SetSize  STemWin526_CM3_OS_Keil.lib(guidrv_flexcolor.o)
    0x08012be4   0x00000014   Code   RO         1437    i._GetDevFunc_SetVSize  STemWin526_CM3_OS_Keil.lib(guidrv_flexcolor.o)
    0x08012bf8   0x0000001e   Code   RO         1321    i._GetDevProp       STemWin526_CM3_OS_Keil.lib(lcd_getex.o)
    0x08012c16   0x00000066   Code   RO         1438    i._GetDevProp       STemWin526_CM3_OS_Keil.lib(guidrv_flexcolor.o)
    0x08012c7c   0x00000008   Code   RO         1694    i._GetDevProp       STemWin526_CM3_OS_Keil.lib(guidev_16.o)
    0x08012c84   0x00000040   Code   RO         1864    i._GetDeviceRect    STemWin526_CM3_OS_Keil.lib(gui_sprite.o)
    0x08012cc4   0x00000052   Code   RO         2245    i._GetIndexMask_0   STemWin526_CM3_OS_Keil.lib(guicc_0.o)
    0x08012d16   0x00000006   Code   RO         1276    i._GetIndexMask_565  STemWin526_CM3_OS_Keil.lib(guicc_565.o)
    0x08012d1c   0x0000001c   Code   RO         1030    i._GetMinIndex      STemWin526_CM3_OS_Keil.lib(gui_alloc.o)
    0x08012d38   0x00000008   Code   RO         1439    i._GetPixelIndex    STemWin526_CM3_OS_Keil.lib(guidrv_flexcolor.o)
    0x08012d40   0x0000000e   Code   RO         1695    i._GetPixelIndex    STemWin526_CM3_OS_Keil.lib(guidev_16.o)
    0x08012d4e   0x00000016   Code   RO         1440    i._GetRect          STemWin526_CM3_OS_Keil.lib(guidrv_flexcolor.o)
    0x08012d64   0x00000030   Code   RO         1696    i._GetRect          STemWin526_CM3_OS_Keil.lib(guidev_16.o)
    0x08012d94   0x00000010   Code   RO         1195    i._GotoX            STemWin526_CM3_OS_Keil.lib(gui_goto.o)
    0x08012da4   0x00000010   Code   RO         1196    i._GotoY            STemWin526_CM3_OS_Keil.lib(gui_goto.o)
    0x08012db4   0x00000014   Code   RO         1804    i._IncPointer       STemWin526_CM3_OS_Keil.lib(gui_pid.o)
    0x08012dc8   0x00000048   Code   RO         1277    i._Index2ColorBulk  STemWin526_CM3_OS_Keil.lib(guicc_565.o)
    0x08012e10   0x00000020   Code   RO         2246    i._Index2Color_0    STemWin526_CM3_OS_Keil.lib(guicc_0.o)
    0x08012e30   0x00000070   Code   RO         1083    i._InitContext      STemWin526_CM3_OS_Keil.lib(gui_core.o)
    0x08012ea0   0x000000a8   Code   RO         1031    i._InitOnce         STemWin526_CM3_OS_Keil.lib(gui_alloc.o)
    0x08012f48   0x00000080   Code   RO         2087    i._Invalidate1Abs   STemWin526_CM3_OS_Keil.lib(wm.o)
    0x08012fc8   0x00000014   Code   RO         1225    i._Log2Phys         STemWin526_CM3_OS_Keil.lib(gui_touch_driveranalog.o)
    0x08012fdc   0x00000004   Code   RO         1441    i._Log2PhysX_X0Y0S0  STemWin526_CM3_OS_Keil.lib(guidrv_flexcolor.o)
    0x08012fe0   0x00000004   Code   RO         1442    i._Log2PhysX_X0Y0S1  STemWin526_CM3_OS_Keil.lib(guidrv_flexcolor.o)
    0x08012fe4   0x00000004   Code   RO         1443    i._Log2PhysX_X0Y1S0  STemWin526_CM3_OS_Keil.lib(guidrv_flexcolor.o)
    0x08012fe8   0x00000004   Code   RO         1444    i._Log2PhysX_X0Y1S1  STemWin526_CM3_OS_Keil.lib(guidrv_flexcolor.o)
    0x08012fec   0x00000008   Code   RO         1445    i._Log2PhysX_X1Y0S0  STemWin526_CM3_OS_Keil.lib(guidrv_flexcolor.o)
    0x08012ff4   0x00000008   Code   RO         1446    i._Log2PhysX_X1Y0S1  STemWin526_CM3_OS_Keil.lib(guidrv_flexcolor.o)
    0x08012ffc   0x00000008   Code   RO         1447    i._Log2PhysX_X1Y1S0  STemWin526_CM3_OS_Keil.lib(guidrv_flexcolor.o)
    0x08013004   0x00000008   Code   RO         1448    i._Log2PhysX_X1Y1S1  STemWin526_CM3_OS_Keil.lib(guidrv_flexcolor.o)
    0x0801300c   0x00000004   Code   RO         1449    i._Log2PhysY_X0Y0S0  STemWin526_CM3_OS_Keil.lib(guidrv_flexcolor.o)
    0x08013010   0x00000004   Code   RO         1450    i._Log2PhysY_X0Y0S1  STemWin526_CM3_OS_Keil.lib(guidrv_flexcolor.o)
    0x08013014   0x00000008   Code   RO         1451    i._Log2PhysY_X0Y1S0  STemWin526_CM3_OS_Keil.lib(guidrv_flexcolor.o)
    0x0801301c   0x00000008   Code   RO         1452    i._Log2PhysY_X0Y1S1  STemWin526_CM3_OS_Keil.lib(guidrv_flexcolor.o)
    0x08013024   0x00000004   Code   RO         1453    i._Log2PhysY_X1Y0S0  STemWin526_CM3_OS_Keil.lib(guidrv_flexcolor.o)
    0x08013028   0x00000004   Code   RO         1454    i._Log2PhysY_X1Y0S1  STemWin526_CM3_OS_Keil.lib(guidrv_flexcolor.o)
    0x0801302c   0x00000008   Code   RO         1455    i._Log2PhysY_X1Y1S0  STemWin526_CM3_OS_Keil.lib(guidrv_flexcolor.o)
    0x08013034   0x00000008   Code   RO         1456    i._Log2PhysY_X1Y1S1  STemWin526_CM3_OS_Keil.lib(guidrv_flexcolor.o)
    0x0801303c   0x00000002   Code   RO         1761    i._Log2VisBuffered  STemWin526_CM3_OS_Keil.lib(gui_charline.o)
    0x0801303e   0x00000002   PAD
    0x08013040   0x00000034   Code   RO         1032    i._OnExit           STemWin526_CM3_OS_Keil.lib(gui_alloc.o)
    0x08013074   0x0000002c   Code   RO         1084    i._OnExit           STemWin526_CM3_OS_Keil.lib(gui_core.o)
    0x080130a0   0x00000014   Code   RO         1930    i._OnExit           STemWin526_CM3_OS_Keil.lib(gui_task.o)
    0x080130b4   0x00000014   Code   RO         2013    i._OnExit           STemWin526_CM3_OS_Keil.lib(lcd_color.o)
    0x080130c8   0x00000034   Code   RO         2088    i._OnExit           STemWin526_CM3_OS_Keil.lib(wm.o)
    0x080130fc   0x00000040   Code   RO         1033    i._PopFreeBlock     STemWin526_CM3_OS_Keil.lib(gui_alloc.o)
    0x0801313c   0x00000028   Code   RO         1034    i._PushFreeBlock    STemWin526_CM3_OS_Keil.lib(gui_alloc.o)
    0x08013164   0x00000006   Code   RO         1528    i._ReadData         STemWin526_CM3_OS_Keil.lib(guidrv_flexcolor_16bpp_c0b16.o)
    0x0801316a   0x0000000c   Code   RO         1457    i._ReadPixelCust_16bpp  STemWin526_CM3_OS_Keil.lib(guidrv_flexcolor.o)
    0x08013176   0x0000000c   Code   RO         1458    i._ReadPixelCust_18bpp  STemWin526_CM3_OS_Keil.lib(guidrv_flexcolor.o)
    0x08013182   0x00000028   Code   RO         1543    i._ReadPixel_16bpp_B16_I  STemWin526_CM3_OS_Keil.lib(guidrv_flexcolor_func66709.o)
    0x080131aa   0x00000024   Code   RO         1546    i._ReadPixel_16bpp_B8  STemWin526_CM3_OS_Keil.lib(guidrv_flexcolor_func66709.o)
    0x080131ce   0x00000030   Code   RO         1459    i._ReadRectCust_16bpp  STemWin526_CM3_OS_Keil.lib(guidrv_flexcolor.o)
    0x080131fe   0x00000030   Code   RO         1460    i._ReadRectCust_18bpp  STemWin526_CM3_OS_Keil.lib(guidrv_flexcolor.o)
    0x0801322e   0x0000004c   Code   RO         1547    i._ReadRect_16bpp_B16_I  STemWin526_CM3_OS_Keil.lib(guidrv_flexcolor_func66709.o)
    0x0801327a   0x00000048   Code   RO         1550    i._ReadRect_16bpp_B8  STemWin526_CM3_OS_Keil.lib(guidrv_flexcolor_func66709.o)
    0x080132c2   0x0000001c   Code   RO         1869    i._ReleaseBuffer    STemWin526_CM3_OS_Keil.lib(gui_sprite.o)
    0x080132de   0x00000002   PAD
    0x080132e0   0x00000034   Code   RO         1035    i._RemoveFreeBlock  STemWin526_CM3_OS_Keil.lib(gui_alloc.o)
    0x08013314   0x000000a0   Code   RO         1036    i._RemoveHoles      STemWin526_CM3_OS_Keil.lib(gui_alloc.o)
    0x080133b4   0x0000002e   Code   RO         1263    i._RoundHalfUp      STemWin526_CM3_OS_Keil.lib(gui_valf.o)
    0x080133e2   0x0000005a   Code   RO         2627    i._Screen2hWin      STemWin526_CM3_OS_Keil.lib(wm_screen2win.o)
    0x0801343c   0x00000024   Code   RO         2628    i._Screen2hWinStop  STemWin526_CM3_OS_Keil.lib(wm_screen2win.o)
    0x08013460   0x00000020   Code   RO         1983    i._SetBkColor       STemWin526_CM3_OS_Keil.lib(lcd.o)
    0x08013480   0x0000004c   Code   RO         2092    i._SetClipRectUserIntersect  STemWin526_CM3_OS_Keil.lib(wm.o)
    0x080134cc   0x00000020   Code   RO         1984    i._SetColor         STemWin526_CM3_OS_Keil.lib(lcd.o)
    0x080134ec   0x00000080   Code   RO         1461    i._SetDevFunc       STemWin526_CM3_OS_Keil.lib(guidrv_flexcolor.o)
    0x0801356c   0x0000002c   Code   RO         1985    i._SetDrawMode      STemWin526_CM3_OS_Keil.lib(lcd.o)
    0x08013598   0x00000030   Code   RO         1551    i._SetInterface     STemWin526_CM3_OS_Keil.lib(guidrv_flexcolor_func66709.o)
    0x080135c8   0x00000034   Code   RO         1226    i._SetMinMax        STemWin526_CM3_OS_Keil.lib(gui_touch_driveranalog.o)
    0x080135fc   0x00000012   Code   RO         1462    i._SetOrg           STemWin526_CM3_OS_Keil.lib(guidrv_flexcolor.o)
    0x0801360e   0x00000008   Code   RO         1697    i._SetOrg           STemWin526_CM3_OS_Keil.lib(guidev_16.o)
    0x08013616   0x00000002   PAD
    0x08013618   0x00000038   Code   RO         1552    i._SetOrientation   STemWin526_CM3_OS_Keil.lib(guidrv_flexcolor_func66709.o)
    0x08013650   0x000000a8   Code   RO         1553    i._SetPhysRAMAddr   STemWin526_CM3_OS_Keil.lib(guidrv_flexcolor_func66709.o)
    0x080136f8   0x0000000e   Code   RO         1463    i._SetPixelIndex    STemWin526_CM3_OS_Keil.lib(guidrv_flexcolor.o)
    0x08013706   0x00000002   PAD
    0x08013708   0x00000048   Code   RO         1698    i._SetPixelIndex    STemWin526_CM3_OS_Keil.lib(guidev_16.o)
    0x08013750   0x0000029c   Code   RO         1874    i._SetPosition      STemWin526_CM3_OS_Keil.lib(gui_sprite.o)
    0x080139ec   0x000000b4   Code   RO         1554    i._SetRect          STemWin526_CM3_OS_Keil.lib(guidrv_flexcolor_func66709.o)
    0x08013aa0   0x00000008   Code   RO         1555    i._SetReg_B16       STemWin526_CM3_OS_Keil.lib(guidrv_flexcolor_func66709.o)
    0x08013aa8   0x0000001a   Code   RO         1556    i._SetReg_B8        STemWin526_CM3_OS_Keil.lib(guidrv_flexcolor_func66709.o)
    0x08013ac2   0x0000004a   Code   RO         1875    i._SetSpriteBkPixel  STemWin526_CM3_OS_Keil.lib(gui_sprite.o)
    0x08013b0c   0x00000058   Code   RO         1805    i._StoreState       STemWin526_CM3_OS_Keil.lib(gui_pid.o)
    0x08013b64   0x00000030   Code   RO         1227    i._StoreUnstable    STemWin526_CM3_OS_Keil.lib(gui_touch_driveranalog.o)
    0x08013b94   0x000000ea   Code   RO         1037    i._TestRAM          STemWin526_CM3_OS_Keil.lib(gui_alloc.o)
    0x08013c7e   0x00000002   PAD
    0x08013c80   0x00000030   Code   RO         1153    i._UnlinkDevice     STemWin526_CM3_OS_Keil.lib(gui_device.o)
    0x08013cb0   0x0000000a   Code   RO         1529    i._WriteData        STemWin526_CM3_OS_Keil.lib(guidrv_flexcolor_16bpp_c0b16.o)
    0x08013cba   0x00000008   Code   RO         1557    i._WritePara_B16    STemWin526_CM3_OS_Keil.lib(guidrv_flexcolor_func66709.o)
    0x08013cc2   0x0000000a   Code   RO         1558    i._WritePara_B8     STemWin526_CM3_OS_Keil.lib(guidrv_flexcolor_func66709.o)
    0x08013ccc   0x0000000e   Code   RO         1038    i._WriteTagData     STemWin526_CM3_OS_Keil.lib(gui_alloc.o)
    0x08013cda   0x00000002   PAD
    0x08013cdc   0x00000340   Code   RO         2032    i._WriteToActiveOpaque_8  STemWin526_CM3_OS_Keil.lib(guidev_writetoactiveopaque.o)
    0x0801401c   0x00000354   Code   RO         2033    i._WriteToActiveOpaque_HT  STemWin526_CM3_OS_Keil.lib(guidev_writetoactiveopaque.o)
    0x08014370   0x0000003c   Code   RO         1699    i._XY2PTR           STemWin526_CM3_OS_Keil.lib(guidev_16.o)
    0x080143ac   0x00000024   Code   RO         1464    i._XorPixel         STemWin526_CM3_OS_Keil.lib(guidrv_flexcolor.o)
    0x080143d0   0x00000054   Code   RO         1700    i._XorPixel         STemWin526_CM3_OS_Keil.lib(guidev_16.o)
    0x08014424   0x0000000e   Code   RO         2750    i._is_digit         c_w.l(__printf_wp.o)
    0x08014432   0x00000002   PAD
    0x08014434   0x00000050   Code   RO         2094    i.cbBackWin         STemWin526_CM3_OS_Keil.lib(wm.o)
    0x08014484   0x000000dc   Code   RO         2835    i.ceil              m_ws.l(ceil.o)
    0x08014560   0x0000008a   Code   RO         1986    i.emWin_LCD_Init    STemWin526_CM3_OS_Keil.lib(lcd.o)
    0x080145ea   0x00000002   PAD
    0x080145ec   0x000000dc   Code   RO         2839    i.floor             m_ws.l(floor.o)
    0x080146c8   0x0000004c   Code   RO         2843    i.sqrt              m_ws.l(sqrt.o)
    0x08014714   0x00000062   Code   RO         2782    x$fpl$d2f           fz_ws.l(d2f.o)
    0x08014776   0x00000002   PAD
    0x08014778   0x00000150   Code   RO         2784    x$fpl$dadd          fz_ws.l(daddsub_clz.o)
    0x080148c8   0x00000018   Code   RO         2866    x$fpl$dcmpinf       fz_ws.l(dcmpi.o)
    0x080148e0   0x0000005a   Code   RO         2790    x$fpl$dfixu         fz_ws.l(dfixu.o)
    0x0801493a   0x0000002e   Code   RO         2795    x$fpl$dflt          fz_ws.l(dflt_clz.o)
    0x08014968   0x00000026   Code   RO         2794    x$fpl$dfltu         fz_ws.l(dflt_clz.o)
    0x0801498e   0x00000002   PAD
    0x08014990   0x00000078   Code   RO         2800    x$fpl$dleqf         fz_ws.l(dleqf.o)
    0x08014a08   0x00000154   Code   RO         2802    x$fpl$dmul          fz_ws.l(dmul.o)
    0x08014b5c   0x0000009c   Code   RO         2868    x$fpl$dnaninf       fz_ws.l(dnaninf.o)
    0x08014bf8   0x0000000c   Code   RO         2870    x$fpl$dretinf       fz_ws.l(dretinf.o)
    0x08014c04   0x0000006c   Code   RO         2804    x$fpl$drleqf        fz_ws.l(drleqf.o)
    0x08014c70   0x00000016   Code   RO         2785    x$fpl$drsb          fz_ws.l(daddsub_clz.o)
    0x08014c86   0x00000002   PAD
    0x08014c88   0x000001cc   Code   RO         2872    x$fpl$dsqrt         fz_ws.l(dsqrt_noumaal.o)
    0x08014e54   0x000001d4   Code   RO         2786    x$fpl$dsub          fz_ws.l(daddsub_clz.o)
    0x08015028   0x00000056   Code   RO         2806    x$fpl$f2d           fz_ws.l(f2d.o)
    0x0801507e   0x00000002   PAD
    0x08015080   0x000000c4   Code   RO         2808    x$fpl$fadd          fz_ws.l(faddsub_clz.o)
    0x08015144   0x00000184   Code   RO         2815    x$fpl$fdiv          fz_ws.l(fdiv.o)
    0x080152c8   0x00000036   Code   RO         2818    x$fpl$ffix          fz_ws.l(ffix.o)
    0x080152fe   0x00000002   PAD
    0x08015300   0x0000003e   Code   RO         2822    x$fpl$ffixu         fz_ws.l(ffixu.o)
    0x0801533e   0x00000002   PAD
    0x08015340   0x00000030   Code   RO         2827    x$fpl$fflt          fz_ws.l(fflt_clz.o)
    0x08015370   0x00000026   Code   RO         2826    x$fpl$ffltu         fz_ws.l(fflt_clz.o)
    0x08015396   0x00000002   PAD
    0x08015398   0x00000102   Code   RO         2832    x$fpl$fmul          fz_ws.l(fmul.o)
    0x0801549a   0x0000008c   Code   RO         2874    x$fpl$fnaninf       fz_ws.l(fnaninf.o)
    0x08015526   0x0000000a   Code   RO         2876    x$fpl$fretinf       fz_ws.l(fretinf.o)
    0x08015530   0x000000ea   Code   RO         2810    x$fpl$fsub          fz_ws.l(faddsub_clz.o)
    0x0801561a   0x00000000   Code   RO         2878    x$fpl$usenofp       fz_ws.l(usenofp.o)
    0x0801561a   0x000017c0   Data   RO          292    .constdata          ili93xx.o
    0x08016dda   0x0000000a   Data   RO          367    .constdata          ott2001a.o
    0x08016de4   0x0000000c   Data   RO          394    .constdata          touch.o
    0x08016df0   0x00000100   Data   RO          866    .constdata          os_core.o
    0x08016ef0   0x00000008   Data   RO         1086    .constdata          STemWin526_CM3_OS_Keil.lib(gui_core.o)
    0x08016ef8   0x00000008   Data   RO         1154    .constdata          STemWin526_CM3_OS_Keil.lib(gui_device.o)
    0x08016f00   0x00000018   Data   RO         1278    .constdata          STemWin526_CM3_OS_Keil.lib(guicc_565.o)
    0x08016f18   0x00000034   Data   RO         1465    .constdata          STemWin526_CM3_OS_Keil.lib(guidrv_flexcolor.o)
    0x08016f4c   0x00000040   Data   RO         1466    .constdata          STemWin526_CM3_OS_Keil.lib(guidrv_flexcolor.o)
    0x08016f8c   0x00000518   Data   RO         1580    .constdata          STemWin526_CM3_OS_Keil.lib(f6x8.o)
    0x080174a4   0x000001c0   Data   RO         1581    .constdata          STemWin526_CM3_OS_Keil.lib(f6x8.o)
    0x08017664   0x00000008   Data   RO         1582    .constdata          STemWin526_CM3_OS_Keil.lib(f6x8.o)
    0x0801766c   0x00000014   Data   RO         1583    .constdata          STemWin526_CM3_OS_Keil.lib(f6x8.o)
    0x08017680   0x00000024   Data   RO         1584    .constdata          STemWin526_CM3_OS_Keil.lib(f6x8.o)
    0x080176a4   0x00000074   Data   RO         1701    .constdata          STemWin526_CM3_OS_Keil.lib(guidev_16.o)
    0x08017718   0x00000020   Data   RO         1720    .constdata          STemWin526_CM3_OS_Keil.lib(gui__divtbl_31_255.o)
    0x08017738   0x00000040   Data   RO         1721    .constdata          STemWin526_CM3_OS_Keil.lib(gui__divtbl_63_255.o)
    0x08017778   0x00000100   Data   RO         1722    .constdata          STemWin526_CM3_OS_Keil.lib(gui__divtbl_255_31.o)
    0x08017878   0x00000100   Data   RO         1723    .constdata          STemWin526_CM3_OS_Keil.lib(gui__divtbl_255_63.o)
    0x08017978   0x00000028   Data   RO         1737    .constdata          STemWin526_CM3_OS_Keil.lib(gui_adddecshift.o)
    0x080179a0   0x00000010   Data   RO         1742    .constdata          STemWin526_CM3_OS_Keil.lib(gui_addhex.o)
    0x080179b0   0x00000010   Data   RO         1963    .constdata          STemWin526_CM3_OS_Keil.lib(gui_uc_encodenone.o)
    0x080179c0   0x0000000c   Data   RO         1987    .constdata          STemWin526_CM3_OS_Keil.lib(lcd.o)
    0x080179cc   0x00000100   Data   RO         2022    .constdata          STemWin526_CM3_OS_Keil.lib(lcd_mirror.o)
    0x08017acc   0x00000008   Data   RO         2034    .constdata          STemWin526_CM3_OS_Keil.lib(guidev_writetoactiveopaque.o)
    0x08017ad4   0x00000018   Data   RO         2247    .constdata          STemWin526_CM3_OS_Keil.lib(guicc_0.o)
    0x08017aec   0x00000028   Data   RO         2723    .constdata          c_w.l(_printf_hex_int.o)
    0x08017b14   0x00000011   Data   RO         2758    .constdata          c_w.l(__printf_flags_ss_wp.o)
    0x08017b25   0x00000003   PAD
    0x08017b28   0x00000079   Data   RO          395    .conststring        touch.o
    0x08017ba1   0x00000003   PAD
    0x08017ba4   0x00000028   Data   RO          485    .conststring        usmart.o
    0x08017bcc   0x0000006b   Data   RO          507    .conststring        usmart_config.o
    0x08017c37   0x00000001   PAD
    0x08017c38   0x00000020   Data   RO         3037    Region$$Table       anon$$obj.o


    Execution Region RW_IRAM1 (Base: 0x20000000, Size: 0x0000a7b0, Max: 0x0000c000, ABSOLUTE, COMPRESSED[0x000000d8])

    Base Addr    Size         Type   Attr      Idx    E Section Name        Object

    0x20000000   0x00000014   Data   RW          228    .data               system_stm32f10x.o
    0x20000014   0x00000004   Data   RW          293    .data               ili93xx.o
    0x20000018   0x00000001   Data   RW          368    .data               ott2001a.o
    0x20000019   0x00000003   PAD
    0x2000001c   0x0000003c   Data   RW          396    .data               touch.o
    0x20000058   0x00000004   Data   RW          422    .data               delay.o
    0x2000005c   0x00000006   Data   RW          463    .data               usart.o
    0x20000062   0x00000002   PAD
    0x20000064   0x0000001c   Data   RW          486    .data               usmart.o
    0x20000080   0x00000114   Data   RW          508    .data               usmart_config.o
    0x20000194   0x00000014   Data   RW          654    .data               stm32f10x_rcc.o
    0x200001a8   0x00000014   Data   RW          709    .data               malloc.o
    0x200001bc   0x00000011   Data   RW          727    .data               gui_x_os.o
    0x200001cd   0x00000003   PAD
    0x200001d0   0x00000048   Data   RW          867    .data               os_core.o
    0x20000218   0x00000008   Data   RW         1040    .data               STemWin526_CM3_OS_Keil.lib(gui_alloc.o)
    0x20000220   0x0000002c   Data   RW         1087    .data               STemWin526_CM3_OS_Keil.lib(gui_core.o)
    0x2000024c   0x00000004   Data   RW         1089    .data               STemWin526_CM3_OS_Keil.lib(gui_core.o)
    0x20000250   0x00000004   Data   RW         1090    .data               STemWin526_CM3_OS_Keil.lib(gui_core.o)
    0x20000254   0x00000002   Data   RW         1093    .data               STemWin526_CM3_OS_Keil.lib(gui_core.o)
    0x20000256   0x00000002   PAD
    0x20000258   0x00000004   Data   RW         1094    .data               STemWin526_CM3_OS_Keil.lib(gui_core.o)
    0x2000025c   0x00000002   Data   RW         1095    .data               STemWin526_CM3_OS_Keil.lib(gui_core.o)
    0x2000025e   0x00000002   Data   RW         1096    .data               STemWin526_CM3_OS_Keil.lib(gui_core.o)
    0x20000260   0x00000007   Data   RW         1190    .data               STemWin526_CM3_OS_Keil.lib(gui_getversionstring.o)
    0x20000267   0x00000001   PAD
    0x20000268   0x00000030   Data   RW         1229    .data               STemWin526_CM3_OS_Keil.lib(gui_touch_driveranalog.o)
    0x20000298   0x0000001c   Data   RW         1467    .data               STemWin526_CM3_OS_Keil.lib(guidrv_flexcolor.o)
    0x200002b4   0x00000008   Data   RW         1559    .data               STemWin526_CM3_OS_Keil.lib(guidrv_flexcolor_func66709.o)
    0x200002bc   0x00000004   Data   RW         1702    .data               STemWin526_CM3_OS_Keil.lib(guidev_16.o)
    0x200002c0   0x00000004   Data   RW         1762    .data               STemWin526_CM3_OS_Keil.lib(gui_charline.o)
    0x200002c4   0x00000008   Data   RW         1807    .data               STemWin526_CM3_OS_Keil.lib(gui_pid.o)
    0x200002cc   0x00000008   Data   RW         1825    .data               STemWin526_CM3_OS_Keil.lib(gui_selectlayer.o)
    0x200002d4   0x0000001c   Data   RW         1931    .data               STemWin526_CM3_OS_Keil.lib(gui_task.o)
    0x200002f0   0x00000008   Data   RW         1941    .data               STemWin526_CM3_OS_Keil.lib(gui_touch_storeunstable.o)
    0x200002f8   0x00000004   Data   RW         1988    .data               STemWin526_CM3_OS_Keil.lib(lcd.o)
    0x200002fc   0x00000010   Data   RW         2014    .data               STemWin526_CM3_OS_Keil.lib(lcd_color.o)
    0x2000030c   0x00000060   Data   RW         2096    .data               STemWin526_CM3_OS_Keil.lib(wm.o)
    0x2000036c   0x00000001   Data   RW         2097    .data               STemWin526_CM3_OS_Keil.lib(wm.o)
    0x2000036d   0x00000003   PAD
    0x20000370   0x00000014   Data   RW         2167    .data               STemWin526_CM3_OS_Keil.lib(gui__managecache.o)
    0x20000384   0x0000000c   Data   RW         2200    .data               STemWin526_CM3_OS_Keil.lib(gui_onkey.o)
    0x20000390   0x0000000c   Data   RW         2235    .data               STemWin526_CM3_OS_Keil.lib(gui_waitevent.o)
    0x2000039c   0x00000004   Data   RW         2306    .data               STemWin526_CM3_OS_Keil.lib(wm__sendmessage.o)
    0x200003a0   0x0000000c   Data   RW         2348    .data               STemWin526_CM3_OS_Keil.lib(wm_touch.o)
    0x200003ac   0x00003360   Zero   RW            2    .bss                main.o
    0x2000370c   0x0000000e   Zero   RW          291    .bss                ili93xx.o
    0x2000371a   0x000000c8   Zero   RW          462    .bss                usart.o
    0x200037e2   0x00000002   PAD
    0x200037e4   0x00005500   Zero   RW          707    .bss                malloc.o
    0x20008ce4   0x00000dc8   Zero   RW          865    .bss                os_core.o
    0x20009aac   0x000000c8   Zero   RW         1039    .bss                STemWin526_CM3_OS_Keil.lib(gui_alloc.o)
    0x20009b74   0x00000070   Zero   RW         1085    .bss                STemWin526_CM3_OS_Keil.lib(gui_core.o)
    0x20009be4   0x00000028   Zero   RW         1124    .bss                STemWin526_CM3_OS_Keil.lib(gui_curs1.o)
    0x20009c0c   0x0000000c   Zero   RW         1214    .bss                STemWin526_CM3_OS_Keil.lib(gui_touch.o)
    0x20009c18   0x00000010   Zero   RW         1228    .bss                STemWin526_CM3_OS_Keil.lib(gui_touch_driveranalog.o)
    0x20009c28   0x00000048   Zero   RW         1806    .bss                STemWin526_CM3_OS_Keil.lib(gui_pid.o)
    0x20009c70   0x00000018   Zero   RW         2095    .bss                STemWin526_CM3_OS_Keil.lib(wm.o)
    0x20009c88   0x00000058   Zero   RW         2199    .bss                STemWin526_CM3_OS_Keil.lib(gui_onkey.o)
    0x20009ce0   0x0000000c   Zero   RW         2226    .bss                STemWin526_CM3_OS_Keil.lib(gui_touch_storestate.o)
    0x20009cec   0x00000048   Zero   RW         2347    .bss                STemWin526_CM3_OS_Keil.lib(wm_touch.o)
    0x20009d34   0x00000018   Zero   RW         2621    .bss                STemWin526_CM3_OS_Keil.lib(wm_pid__getprevstate.o)
    0x20009d4c   0x00000060   Zero   RW         2906    .bss                c_w.l(libspace.o)
    0x20009dac   0x00000004   PAD
    0x20009db0   0x00000200   Zero   RW          548    HEAP                startup_stm32f10x_hd.o
    0x20009fb0   0x00000800   Zero   RW          547    STACK               startup_stm32f10x_hd.o


==============================================================================

Image component sizes


      Code (inc. data)   RO Data    RW Data    ZI Data      Debug   Object Name

       378          0          0          0          0       2622   24cxx.o
         0          0          0          0          0         32   core_cm3.o
       608         18          0          0          0       1989   ctiic.o
       244         20          0          4          0       9484   delay.o
       276         24          0         17          0      51103   gui_x_os.o
        24          0          0          0          0        940   gui_x_touch_analog.o
        40          4          0          0          0        863   guiconf.o
     22700        204       6080          4         14      23747   ili93xx.o
       640         38          0          0          0       4790   lcdconf_flexcolor_template.o
        80          8          0          0          0     205259   led.o
      1176        410          0          0      13152       8782   main.o
       416          6          0         20      21760       3873   malloc.o
       220         22          0          0          0       1801   misc.o
       600         12          0          0          0       1840   myiic.o
      2192        216        256         72       3528      14775   os_core.o
       180         36          0          0          0        320   os_cpu_a.o
       174          0          0          0          0      10342   os_cpu_c.o
      2060         42          0          0          0       6756   os_flag.o
       972         16          0          0          0       4086   os_mbox.o
      1512         30          0          0          0       5485   os_q.o
       908         18          0          0          0       3830   os_sem.o
      1988         70          0          0          0       7421   os_task.o
       432         30          0          0          0       1758   os_time.o
       880         60         10          1          0       2538   ott2001a.o
        64         26        304          0       2560        788   startup_stm32f10x_hd.o
       860         38          0          0          0       5653   stm32f10x_gpio.o
        64         20          0          0          0      44571   stm32f10x_it.o
       932         36          0         20          0       8820   stm32f10x_rcc.o
      3610         88          0          0          0      22136   stm32f10x_tim.o
      1032         22          0          0          0       8372   stm32f10x_usart.o
        12          0          0          0          0        437   sys.o
       480         38          0         20          0       1703   system_stm32f10x.o
      3076        180        133         60          0       6355   touch.o
       336         18          0          6        200       3162   usart.o
      3136       1288         40         28          0       4238   usmart.o
         0          0        107        276          0       1596   usmart_config.o
      1320         12          0          0          0       5025   usmart_str.o

    ----------------------------------------------------------------------
     53628       3050       6966        536      41216     487292   Object Totals
         0          0         32          0          0          0   (incl. Generated)
         6          0          4          8          2          0   (incl. Padding)

    ----------------------------------------------------------------------

      Code (inc. data)   RO Data    RW Data    ZI Data      Debug   Library Member Name

         0          0       1816          0          0          0   f6x8.o
       292          0          0          0          0         76   gui__compactpixelindices.o
         0          0        256          0          0          0   gui__divtbl_255_31.o
         0          0        256          0          0          0   gui__divtbl_255_63.o
         0          0         32          0          0          0   gui__divtbl_31_255.o
         0          0         64          0          0          0   gui__divtbl_63_255.o
        58          0          0          0          0         68   gui__intersectrect.o
        82          0          0          0          0         80   gui__intersectrects.o
       216          8          0         20          0        156   gui__managecache.o
        76          0          0          0          0         76   gui__memset.o
        60          0          0          0          0         76   gui__memset16.o
        26          0          0          0          0         68   gui__sqrt32.o
        34          0          0          0          0         76   gui_addbin.o
        26          0          0          0          0         88   gui_adddecmin.o
       220         16         40          0          0        236   gui_adddecshift.o
        44          6         16          0          0         76   gui_addhex.o
      1770        102          0          8        200       1696   gui_alloc.o
        46          0          0          0          0         80   gui_alloc_alloczero.o
        60          0          0          0          0         76   gui_calccolordist.o
       164         20          0          0          0        308   gui_char.o
       458         36          0          4          0        472   gui_charline.o
       394         10          0          0          0        300   gui_charm.o
       476         78          8         62        112        620   gui_core.o
       120          6          0          0         40         88   gui_curs1.o
       434         34          8          0          0        676   gui_device.o
        58          0          0          0          0        164   gui_dispbin.o
        50          0          0          0          0        156   gui_disphex.o
       264          4          0          0          0         88   gui_dispstring.o
        40          6          0          0          0         88   gui_dispstringat.o
       400          4          0          0          0        208   gui_drawroundedframe.o
       386          6          0          0          0        204   gui_drawroundedrect.o
       160          0          0          0          0        152   gui_getbitmappixelindex.o
        20          4          0          7          0         68   gui_getversionstring.o
        90         12          0          0          0        292   gui_goto.o
        88          0          0          0          0         76   gui_mergerect.o
        30          0          0          0          0         68   gui_moverect.o
        16          4          0         12         88         68   gui_onkey.o
       248         36          0          8         72        444   gui_pid.o
        56          0          0          0          0         68   gui_rectsintersect.o
       138         14          0          8          0        316   gui_selectlayer.o
        26          0          0          0          0         80   gui_selectlcd.o
        44          0          0          0          0        160   gui_setcolor.o
        64         16          0          0          0         88   gui_setorg.o
      1246         10          0          0          0        716   gui_sprite.o
       324         32          0         28          0        392   gui_task.o
        44          6          0          0         12         84   gui_touch.o
       632         46          0         48         16        472   gui_touch_driveranalog.o
        36          6          0          0         12         68   gui_touch_storestate.o
        44          4          0          8          0         88   gui_touch_storeunstable.o
        84         10          0          0          0        168   gui_uc.o
        18          0         16          0          0        272   gui_uc_encodenone.o
       162          0          0          0          0        452   gui_val.o
       474         22          0          0          0        724   gui_valf.o
        16          4          0         12          0         68   gui_waitevent.o
       198          0         24          0          0        244   guicc_0.o
       218         38         24          0          0        388   guicc_565.o
       202         12          0          0          0        244   guidev.o
      2324         66        116          4          0       1336   guidev_16.o
        34          0          0          0          0         80   guidev_getdataptr.o
        84          0          0          0          0        164   guidev_usage.o
      1868         16          8          0          0        492   guidev_writetoactiveopaque.o
      1506         76        116         28          0       3316   guidrv_flexcolor.o
      1712         62          0          0          0        876   guidrv_flexcolor_16bpp_c0b16.o
       886         56          0          8          0       1160   guidrv_flexcolor_func66709.o
      1730        118         12          4          0       1436   lcd.o
       260         26          0         16          0        388   lcd_color.o
       304         24          0          0          0        920   lcd_getex.o
        26          0          0          0          0         80   lcd_getnumdisplays.o
         0          0        256          0          0          0   lcd_mirror.o
        64         10          0          0          0         80   lcd_selectlcd.o
       220          0          0          0          0        420   lcd_set.o
        48         10          0          0          0         80   lcd_setcliprectex.o
        36          4          0          0          0         80   lcd_updatecolorindices.o
      3060        142          0         97         24       2716   wm.o
        18          0          0          0          0         76   wm__getfirstsibling.o
        36          0          0          0          0         80   wm__getprevsibling.o
        34          0          0          0          0         80   wm__isancestor.o
        22          0          0          0          0         76   wm__isenabled.o
        60          6          0          4          0         88   wm__sendmessage.o
        28          0          0          0          0         92   wm__sendmessageifenabled.o
       136          0          0          0          0         92   wm_bringtobottom.o
        60         12          0          0          0        136   wm_criticalhandle.o
        32          0          0          0          0         80   wm_getclientrect.o
        24         10          0          0          0         68   wm_getdesktopwindow.o
        20          4          0          0          0         68   wm_getdesktopwindowex.o
        26          0          0          0          0         76   wm_getfirstchild.o
        26          0          0          0          0         76   wm_getparent.o
        24          0          0          0          0         76   wm_iswindow.o
        24          6          0          0         24         68   wm_pid__getprevstate.o
       204          6          0          0          0        324   wm_screen2win.o
        38          0          0          0          0         92   wm_sendtoparent.o
        62          8          0          0          0        160   wm_setcapture.o
      1108         46          0         12         72        344   wm_touch.o
        90          0          0          0          0          0   __dczerorl2.o
         8          0          0          0          0         68   __main.o
       392          4         17          0          0         92   __printf_flags_ss_wp.o
        14          0          0          0          0         68   __printf_wp.o
        52          8          0          0          0          0   __scatter.o
        28          0          0          0          0          0   __scatter_zi.o
         6          0          0          0          0          0   _printf_c.o
        44          0          0          0          0        108   _printf_char.o
        48          6          0          0          0         96   _printf_char_common.o
        36          4          0          0          0         80   _printf_char_file.o
         6          0          0          0          0          0   _printf_d.o
       116         16          0          0          0         92   _printf_dec.o
        88          4         40          0          0         88   _printf_hex_int.o
       178          0          0          0          0         88   _printf_intcommon.o
        78          0          0          0          0        108   _printf_pad.o
         0          0          0          0          0          0   _printf_percent.o
         4          0          0          0          0          0   _printf_percent_end.o
         6          0          0          0          0          0   _printf_s.o
        82          0          0          0          0         80   _printf_str.o
         6          0          0          0          0          0   _printf_u.o
         6          0          0          0          0          0   _printf_x.o
        22          0          0          0          0        100   _rserrno.o
        12          0          0          0          0         72   exit.o
         8          0          0          0          0         68   ferror.o
         6          0          0          0          0        152   heapauxi.o
         2          0          0          0          0          0   libinit.o
         2          0          0          0          0          0   libinit2.o
         2          0          0          0          0          0   libshutdown.o
         2          0          0          0          0          0   libshutdown2.o
         8          4          0          0         96         68   libspace.o
        88          0          0          0          0         76   memcmp.o
        24          4          0          0          0         84   noretval__2printf.o
         8          4          0          0          0         68   rt_errno_addr_intlibspace.o
        78          0          0          0          0         80   rt_memclr_w.o
       138          0          0          0          0         68   rt_memcpy_v6.o
       100          0          0          0          0         80   rt_memcpy_w.o
       132          0          0          0          0         68   rt_memmove_v6.o
       122          0          0          0          0         80   rt_memmove_w.o
         0          0          0          0          0          0   rtentry.o
        12          0          0          0          0          0   rtentry2.o
         6          0          0          0          0          0   rtentry4.o
         2          0          0          0          0          0   rtexit.o
        10          0          0          0          0          0   rtexit2.o
        74          0          0          0          0         80   sys_stackheap_outer.o
         2          0          0          0          0         68   use_no_semi.o
         2          0          0          0          0         68   use_no_semi_2.o
        98          4          0          0          0         92   d2f.o
       826         16          0          0          0        348   daddsub_clz.o
        24          0          0          0          0         68   dcmpi.o
        90          4          0          0          0         92   dfixu.o
        84          0          0          0          0        136   dflt_clz.o
       120          4          0          0          0         92   dleqf.o
       340         12          0          0          0        104   dmul.o
       156          4          0          0          0         92   dnaninf.o
        12          0          0          0          0         68   dretinf.o
       108          0          0          0          0         80   drleqf.o
       460         56          0          0          0        120   dsqrt_noumaal.o
        86          4          0          0          0         84   f2d.o
       430          8          0          0          0        168   faddsub_clz.o
       388         76          0          0          0         96   fdiv.o
        54          4          0          0          0         84   ffix.o
        62          4          0          0          0         84   ffixu.o
        86          0          0          0          0        136   fflt_clz.o
       258          4          0          0          0         84   fmul.o
       140          4          0          0          0         84   fnaninf.o
        10          0          0          0          0         68   fretinf.o
         0          0          0          0          0          0   usenofp.o
       220         16          0          0          0         84   ceil.o
       220         16          0          0          0         84   floor.o
        76          0          0          0          0         84   sqrt.o

    ----------------------------------------------------------------------
     33646       1610       3128        404        772      33016   Library Totals
        72          0          3          6          4          0   (incl. Padding)

    ----------------------------------------------------------------------

      Code (inc. data)   RO Data    RW Data    ZI Data      Debug   Library Name

     27076       1320       3068        398        672      28336   STemWin526_CM3_OS_Keil.lib
      2150         54         57          0         96       2248   c_w.l
      3832        204          0          0          0       2180   fz_ws.l
       516         32          0          0          0        252   m_ws.l

    ----------------------------------------------------------------------
     33646       1610       3128        404        772      33016   Library Totals

    ----------------------------------------------------------------------

==============================================================================


      Code (inc. data)   RO Data    RW Data    ZI Data      Debug   

     87274       4660      10094        940      41988     496488   Grand Totals
     87274       4660      10094        216      41988     496488   ELF Image Totals (compressed)
     87274       4660      10094        216          0          0   ROM Totals

==============================================================================

    Total RO  Size (Code + RO Data)                97368 (  95.09kB)
    Total RW  Size (RW Data + ZI Data)             42928 (  41.92kB)
    Total ROM Size (Code + RO Data + RW Data)      97584 (  95.30kB)

==============================================================================

