Product: MDK-ARM Standard 5.10
Component: ARM Compiler 5.04 update 1 (build 49)
Tool: armlink [5040049]

==============================================================================

Section Cross References

    main.o(.text) refers to sys.o(.text) for NVIC_Configuration
    main.o(.text) refers to delay.o(.text) for delay_init
    main.o(.text) refers to usart.o(.text) for uart_init
    main.o(.text) refers to led.o(.text) for LED_Init
    main.o(.text) refers to ili93xx.o(.text) for TFTLCD_Init
    main.o(.text) refers to malloc.o(.text) for mem_init
    main.o(.text) refers to stm32f10x_rcc.o(.text) for RCC_AHBPeriphClockCmd
    main.o(.text) refers to gui_core.o(i.GUI_Init) for GUI_Init
    main.o(.text) refers to gui_setcolor.o(i.GUI_SetBkColor) for GUI_SetBkColor
    main.o(.text) refers to gui_setcolor.o(i.GUI_SetColor) for GUI_SetColor
    main.o(.text) refers to gui_dispstringat.o(i.GUI_DispStringAt) for GUI_DispStringAt
    main.o(.text) refers to gui_drawroundedrect.o(i.GUI_DrawRoundedRect) for GUI_DrawRoundedRect
    main.o(.text) refers to gui_drawroundedframe.o(i.GUI_DrawRoundedFrame) for GUI_DrawRoundedFrame
    main.o(.text) refers to os_time.o(.text) for OSTimeDlyHMSM
    main.o(.text) refers to gui_touch_driveranalog.o(i.GUI_TOUCH_Exec) for GUI_TOUCH_Exec
    main.o(.text) refers to os_cpu_a.o(.text) for OS_CPU_SR_Save
    main.o(.text) refers to os_task.o(.text) for OSTaskCreate
    main.o(.text) refers to os_core.o(.text) for OSInit
    main.o(.text) refers to touch.o(.data) for tp_dev
    main.o(.text) refers to main.o(.bss) for EMWIN_TASK_STK
    stm32f10x_it.o(.text) refers to ili93xx.o(.text) for LCD_ShowString
    system_stm32f10x.o(.text) refers to system_stm32f10x.o(.data) for SystemCoreClock
    led.o(.text) refers to stm32f10x_rcc.o(.text) for RCC_APB2PeriphClockCmd
    led.o(.text) refers to stm32f10x_gpio.o(.text) for GPIO_Init
    key.o(.text) refers to stm32f10x_rcc.o(.text) for RCC_APB2PeriphClockCmd
    key.o(.text) refers to stm32f10x_gpio.o(.text) for GPIO_PinRemapConfig
    key.o(.text) refers to delay.o(.text) for delay_ms
    key.o(.text) refers to key.o(.data) for key_up
    ili93xx.o(.text) refers to _printf_percent.o(.ARM.Collect$$_printf_percent$$00000000) for _printf_percent
    ili93xx.o(.text) refers to _printf_x.o(.ARM.Collect$$_printf_percent$$0000000C) for _printf_x
    ili93xx.o(.text) refers to _printf_hex_int.o(.text) for _printf_longlong_hex
    ili93xx.o(.text) refers to stm32f10x_gpio.o(.text) for GPIO_ResetBits
    ili93xx.o(.text) refers to delay.o(.text) for delay_us
    ili93xx.o(.text) refers to ili93xx.o(.bss) for lcddev
    ili93xx.o(.text) refers to ili93xx.o(.data) for POINT_COLOR
    ili93xx.o(.text) refers to stm32f10x_rcc.o(.text) for RCC_APB2PeriphClockCmd
    ili93xx.o(.text) refers to noretval__2printf.o(.text) for __2printf
    ili93xx.o(.text) refers to ili93xx.o(.constdata) for asc2_1206
    24cxx.o(.text) refers to myiic.o(.text) for IIC_Init
    24cxx.o(.text) refers to delay.o(.text) for delay_ms
    myiic.o(.text) refers to stm32f10x_rcc.o(.text) for RCC_APB2PeriphClockCmd
    myiic.o(.text) refers to stm32f10x_gpio.o(.text) for GPIO_Init
    myiic.o(.text) refers to delay.o(.text) for delay_us
    ctiic.o(.text) refers to delay.o(.text) for delay_us
    ott2001a.o(.text) refers to _printf_percent.o(.ARM.Collect$$_printf_percent$$00000000) for _printf_percent
    ott2001a.o(.text) refers to _printf_x.o(.ARM.Collect$$_printf_percent$$0000000C) for _printf_x
    ott2001a.o(.text) refers to _printf_hex_int.o(.text) for _printf_longlong_hex
    ott2001a.o(.text) refers to ctiic.o(.text) for CT_IIC_Start
    ott2001a.o(.text) refers to delay.o(.text) for delay_ms
    ott2001a.o(.text) refers to noretval__2printf.o(.text) for __2printf
    ott2001a.o(.text) refers to dflt_clz.o(x$fpl$dflt) for __aeabi_i2d
    ott2001a.o(.text) refers to dmul.o(x$fpl$dmul) for __aeabi_dmul
    ott2001a.o(.text) refers to dfixu.o(x$fpl$dfixu) for __aeabi_d2uiz
    ott2001a.o(.text) refers to daddsub_clz.o(x$fpl$drsb) for __aeabi_drsub
    ott2001a.o(.text) refers to ott2001a.o(.data) for t
    ott2001a.o(.text) refers to touch.o(.data) for tp_dev
    ott2001a.o(.text) refers to ott2001a.o(.constdata) for OTT_TPX_TBL
    touch.o(.text) refers to delay.o(.text) for delay_us
    touch.o(.text) refers to ili93xx.o(.text) for LCD_DrawLine
    touch.o(.text) refers to fflt_clz.o(x$fpl$fflt) for __aeabi_i2f
    touch.o(.text) refers to fflt_clz.o(x$fpl$ffltu) for __aeabi_ui2f
    touch.o(.text) refers to fmul.o(x$fpl$fmul) for __aeabi_fmul
    touch.o(.text) refers to faddsub_clz.o(x$fpl$fadd) for __aeabi_fadd
    touch.o(.text) refers to ffixu.o(x$fpl$ffixu) for __aeabi_f2uiz
    touch.o(.text) refers to 24cxx.o(.text) for AT24CXX_WriteLenByte
    touch.o(.text) refers to touch.o(.data) for CMD_RDX
    touch.o(.text) refers to ili93xx.o(.data) for POINT_COLOR
    touch.o(.text) refers to dflt_clz.o(x$fpl$dfltu) for __aeabi_ui2d
[...]
    _ffixu                                   0x08014951   Thumb Code    62  ffixu.o(x$fpl$ffixu)
    __aeabi_i2f                              0x08014991   Thumb Code     0  fflt_clz.o(x$fpl$fflt)
    _fflt                                    0x08014991   Thumb Code    48  fflt_clz.o(x$fpl$fflt)
    __aeabi_ui2f                             0x080149c1   Thumb Code     0  fflt_clz.o(x$fpl$ffltu)
    _ffltu                                   0x080149c1   Thumb Code    38  fflt_clz.o(x$fpl$ffltu)
    __aeabi_fmul                             0x080149e9   Thumb Code     0  fmul.o(x$fpl$fmul)
    _fmul                                    0x080149e9   Thumb Code   258  fmul.o(x$fpl$fmul)
    __fpl_fnaninf                            0x08014aeb   Thumb Code   140  fnaninf.o(x$fpl$fnaninf)
    __fpl_fretinf                            0x08014b77   Thumb Code    10  fretinf.o(x$fpl$fretinf)
    __aeabi_fsub                             0x08014b81   Thumb Code     0  faddsub_clz.o(x$fpl$fsub)
    _fsub                                    0x08014b81   Thumb Code   234  faddsub_clz.o(x$fpl$fsub)
    __I$use$fp                               0x08014c6a   Number         0  usenofp.o(x$fpl$usenofp)
    asc2_1206                                0x08014c6a   Data        1140  ili93xx.o(.constdata)
    asc2_1608                                0x080150de   Data        1520  ili93xx.o(.constdata)
    asc2_2412                                0x080156ce   Data        3420  ili93xx.o(.constdata)
    OTT_TPX_TBL                              0x0801642a   Data          10  ott2001a.o(.constdata)
    TP_ADJDIS_TBL                            0x08016434   Data          12  touch.o(.constdata)
    OSUnMapTbl                               0x08016440   Data         256  os_core.o(.constdata)
    LCD_API_ColorConv_565                    0x08016550   Data          24  guicc_565.o(.constdata)
    GUIDRV_FlexColor_API                     0x08016568   Data          52  guidrv_flexcolor.o(.constdata)
    GUI_Font6x8                              0x08016cd0   Data          36  f6x8.o(.constdata)
    GUI_MEMDEV_DEVICE_16                     0x08016d34   Data          52  guidev_16.o(.constdata)
    GUI__aConvert_31_255                     0x08016d68   Data          32  gui__divtbl_31_255.o(.constdata)
    GUI__aConvert_63_255                     0x08016d88   Data          64  gui__divtbl_63_255.o(.constdata)
    GUI__aConvert_255_31                     0x08016dc8   Data         256  gui__divtbl_255_31.o(.constdata)
    GUI__aConvert_255_63                     0x08016ec8   Data         256  gui__divtbl_255_63.o(.constdata)
    GUI_UC_None                              0x08016fc8   Data          16  gui_uc_encodenone.o(.constdata)
    LCD_aMirror                              0x08016fe4   Data         256  lcd_mirror.o(.constdata)
    LCD_API_ColorConv_0                      0x080170ec   Data          24  guicc_0.o(.constdata)
    Region$$Table$$Base                      0x08017250   Number         0  anon$$obj.o(Region$$Table)
    Region$$Table$$Limit                     0x08017270   Number         0  anon$$obj.o(Region$$Table)
    SystemCoreClock                          0x20000000   Data           4  system_stm32f10x.o(.data)
    AHBPrescTable                            0x20000004   Data          16  system_stm32f10x.o(.data)
    POINT_COLOR                              0x20000014   Data           2  ili93xx.o(.data)
    BACK_COLOR                               0x20000016   Data           2  ili93xx.o(.data)
    tp_dev                                   0x2000001c   Data          52  touch.o(.data)
    CMD_RDX                                  0x20000050   Data           1  touch.o(.data)
    CMD_RDY                                  0x20000051   Data           1  touch.o(.data)
    TP_REMIND_MSG_TBL                        0x20000054   Data           4  touch.o(.data)
    __stdout                                 0x2000005c   Data           4  usart.o(.data)
    USART_RX_STA                             0x20000060   Data           2  usart.o(.data)
    sys_cmd_tab                              0x20000064   Data          28  usmart.o(.data)
    usmart_nametab                           0x20000080   Data          32  usmart_config.o(.data)
    usmart_dev                               0x200000a0   Data         244  usmart_config.o(.data)
    mallco_dev                               0x200001a8   Data          20  malloc.o(.data)
    OSCtxSwCtr                               0x200001d0   Data           4  os_core.o(.data)
    OSEventFreeList                          0x200001d4   Data           4  os_core.o(.data)
    OSFlagFreeList                           0x200001d8   Data           4  os_core.o(.data)
    OSCPUUsage                               0x200001dc   Data           1  os_core.o(.data)
    OSIdleCtrMax                             0x200001e0   Data           4  os_core.o(.data)
    OSIdleCtrRun                             0x200001e4   Data           4  os_core.o(.data)
    OSStatRdy                                0x200001e8   Data           1  os_core.o(.data)
    OSIntNesting                             0x200001e9   Data           1  os_core.o(.data)
    OSLockNesting                            0x200001ea   Data           1  os_core.o(.data)
    OSPrioCur                                0x200001eb   Data           1  os_core.o(.data)
    OSPrioHighRdy                            0x200001ec   Data           1  os_core.o(.data)
    OSRdyGrp                                 0x200001ed   Data           1  os_core.o(.data)
    OSRdyTbl                                 0x200001ee   Data           8  os_core.o(.data)
    OSRunning                                0x200001f6   Data           1  os_core.o(.data)
    OSTaskCtr                                0x200001f7   Data           1  os_core.o(.data)
    OSIdleCtr                                0x200001f8   Data           4  os_core.o(.data)
    OSTCBCur                                 0x200001fc   Data           4  os_core.o(.data)
    OSTCBFreeList                            0x20000200   Data           4  os_core.o(.data)
    OSTCBHighRdy                             0x20000204   Data           4  os_core.o(.data)
    OSTCBList                                0x20000208   Data           4  os_core.o(.data)
    OSTickStepState                          0x2000020c   Data           1  os_core.o(.data)
    OSQFreeList                              0x20000210   Data           4  os_core.o(.data)
    OSTime                                   0x20000214   Data           4  os_core.o(.data)
    GUI_DecChar                              0x20000220   Data           1  gui_core.o(.data)
    GUI_pfGetpPalConvTable                   0x20000224   Data           4  gui_core.o(.data)
    GUI__pFontDefault                        0x20000228   Data           4  gui_core.o(.data)
    GUI_pContext                             0x2000022c   Data           4  gui_core.o(.data)
    GUI_pUC_API                              0x20000230   Data           4  gui_core.o(.data)
    GUI__apDevice                            0x20000244   Data           8  gui_core.o(.data)
    WM_pfHandlePID                           0x2000024c   Data           4  gui_core.o(.data)
    GUI_pfDispCharStyle                      0x20000250   Data           4  gui_core.o(.data)
    GUI__aNumBuffers                         0x20000254   Data           2  gui_core.o(.data)
    GUI_pLCD_APIList                         0x20000258   Data           4  gui_core.o(.data)
    GUI_OrgX                                 0x2000025c   Data           2  gui_core.o(.data)
    GUI_OrgY                                 0x2000025e   Data           2  gui_core.o(.data)
    GUI_CharLine_pfLog2Vis                   0x200002b8   Data           4  gui_charline.o(.data)
    GUITASK__EntranceCnt                     0x200002d8   Data           4  gui_task.o(.data)
    LCD__pSetColorAPI                        0x200002f0   Data           4  lcd.o(.data)
    LCD__aConvTable                          0x200002f8   Data           4  lcd_color.o(.data)
    WM__PaintCallbackCnt                     0x20000304   Data           1  wm.o(.data)
    WM__NumWindows                           0x20000306   Data           2  wm.o(.data)
    WM__NumInvalidWindows                    0x20000308   Data           2  wm.o(.data)
    WM__TouchedLayer                         0x2000030c   Data           4  wm.o(.data)
    WM__FirstWin                             0x20000310   Data           4  wm.o(.data)
    WM__pFirstCriticalHandle                 0x20000314   Data           4  wm.o(.data)
    WM__CreateFlags                          0x20000318   Data           4  wm.o(.data)
    WM_pfPollPID                             0x2000031c   Data           4  wm.o(.data)
    WM_MULTIBUF__pAPI                        0x20000320   Data           4  wm.o(.data)
    WM__TransWindowCnt                       0x20000324   Data           4  wm.o(.data)
    WM__hATransWindow                        0x20000328   Data           4  wm.o(.data)
    WM__hCreateStatic                        0x2000032c   Data           4  wm.o(.data)
    WM__pExecGestures                        0x20000330   Data           4  wm.o(.data)
    WM__ahDesktopWin                         0x20000344   Data           8  wm.o(.data)
    WM__aBkColor                             0x2000034c   Data           8  wm.o(.data)
    WM__ahCapture                            0x20000354   Data           8  wm.o(.data)
    WM__ahWinFocus                           0x2000035c   Data           8  wm.o(.data)
    WM__CaptureReleaseAuto                   0x20000364   Data           1  wm.o(.data)
    WM__ModalLayer                           0x20000398   Data           4  wm_touch.o(.data)
    START_TASK_STK                           0x200003a4   Data         256  main.o(.bss)
    LED_TASK_STK                             0x200004a4   Data         256  main.o(.bss)
    EMWIN_TASK_STK                           0x200005a4   Data       12384  main.o(.bss)
    TOUCH_TASK_STK                           0x20003604   Data         256  main.o(.bss)
    lcddev                                   0x20003704   Data          14  ili93xx.o(.bss)
    USART_RX_BUF                             0x20003712   Data         200  usart.o(.bss)
    membase                                  0x200037dc   Data       20480  malloc.o(.bss)
    memmapbase                               0x200087dc   Data        1280  malloc.o(.bss)
    OSEventTbl                               0x20008cdc   Data         200  os_core.o(.bss)
    OSFlagTbl                                0x20008da4   Data          80  os_core.o(.bss)
    OSTaskStatStk                            0x20008df4   Data         512  os_core.o(.bss)
    OSTaskIdleStk                            0x20008ff4   Data         512  os_core.o(.bss)
    OSTCBPrioTbl                             0x200091f4   Data         256  os_core.o(.bss)
    OSTCBTbl                                 0x200092f4   Data        1848  os_core.o(.bss)
    OSQTbl                                   0x20009a2c   Data         120  os_core.o(.bss)
    GUI_ALLOC__Context                       0x20009aa4   Data         188  gui_alloc.o(.bss)
    WM__aCHWinModal                          0x20009cfc   Data          16  wm_touch.o(.bss)
    WM__aCHWinLast                           0x20009d0c   Data          16  wm_touch.o(.bss)
    WM__aCHWinMouseOver                      0x20009d1c   Data          16  wm_touch.o(.bss)
    __libspace_start                         0x20009d44   Data          96  libspace.o(.bss)
    __temporary_stack_top$libspace           0x20009da4   Data           0  libspace.o(.bss)



==============================================================================

Memory Map of the image

  Image Entry point : 0x08000131

  Load Region LR_IROM1 (Base: 0x08000000, Size: 0x00017614, Max: 0x00040000, ABSOLUTE, COMPRESSED[0x00017340])

    Execution Region ER_IROM1 (Base: 0x08000000, Size: 0x00017270, Max: 0x00040000, ABSOLUTE)

    Base Addr    Size         Type   Attr      Idx    E Section Name        Object

    0x08000000   0x00000130   Data   RO          549    RESET               startup_stm32f10x_hd.o
    0x08000130   0x00000008   Code   RO         2746  * !!!main             c_w.l(__main.o)
    0x08000138   0x00000034   Code   RO         2997    !!!scatter          c_w.l(__scatter.o)
    0x0800016c   0x0000005a   Code   RO         2995    !!dczerorl2         c_w.l(__dczerorl2.o)
    0x080001c6   0x00000002   PAD
    0x080001c8   0x0000001c   Code   RO         2999    !!handler_zi        c_w.l(__scatter_zi.o)
    0x080001e4   0x00000000   Code   RO         2731    .ARM.Collect$$_printf_percent$$00000000  c_w.l(_printf_percent.o)
    0x080001e4   0x00000006   Code   RO         2729    .ARM.Collect$$_printf_percent$$00000009  c_w.l(_printf_d.o)
    0x080001ea   0x00000006   Code   RO         2730    .ARM.Collect$$_printf_percent$$0000000A  c_w.l(_printf_u.o)
    0x080001f0   0x00000006   Code   RO         2728    .ARM.Collect$$_printf_percent$$0000000C  c_w.l(_printf_x.o)
    0x080001f6   0x00000006   Code   RO         2726    .ARM.Collect$$_printf_percent$$00000013  c_w.l(_printf_c.o)
    0x080001fc   0x00000006   Code   RO         2727    .ARM.Collect$$_printf_percent$$00000014  c_w.l(_printf_s.o)
    0x08000202   0x00000004   Code   RO         2817    .ARM.Collect$$_printf_percent$$00000017  c_w.l(_printf_percent_end.o)
    0x08000206   0x00000002   Code   RO         2875    .ARM.Collect$$libinit$$00000000  c_w.l(libinit.o)
    0x08000208   0x00000000   Code   RO         2879    .ARM.Collect$$libinit$$00000002  c_w.l(libinit2.o)
    0x08000208   0x00000000   Code   RO         2882    .ARM.Collect$$libinit$$00000008  c_w.l(libinit2.o)
    0x08000208   0x00000000   Code   RO         2884    .ARM.Collect$$libinit$$0000000A  c_w.l(libinit2.o)
    0x08000208   0x00000000   Code   RO         2886    .ARM.Collect$$libinit$$0000000C  c_w.l(libinit2.o)
    0x08000208   0x00000000   Code   RO         2889    .ARM.Collect$$libinit$$0000000F  c_w.l(libinit2.o)
    0x08000208   0x00000000   Code   RO         2891    .ARM.Collect$$libinit$$00000011  c_w.l(libinit2.o)
    0x08000208   0x00000000   Code   RO         2893    .ARM.Collect$$libinit$$00000013  c_w.l(libinit2.o)
    0x08000208   0x00000000   Code   RO         2895    .ARM.Collect$$libinit$$00000015  c_w.l(libinit2.o)
    0x08000208   0x00000000   Code   RO         2897    .ARM.Collect$$libinit$$00000017  c_w.l(libinit2.o)
    0x08000208   0x00000000   Code   RO         2899    .ARM.Collect$$libinit$$00000019  c_w.l(libinit2.o)
    0x08000208   0x00000000   Code   RO         2901    .ARM.Collect$$libinit$$0000001B  c_w.l(libinit2.o)
    0x08000208   0x00000000   Code   RO         2903    .ARM.Collect$$libinit$$0000001D  c_w.l(libinit2.o)
    0x08000208   0x00000000   Code   RO         2905    .ARM.Collect$$libinit$$0000001F  c_w.l(libinit2.o)
    0x08000208   0x00000000   Code   RO         2907    .ARM.Collect$$libinit$$00000021  c_w.l(libinit2.o)
    0x08000208   0x00000000   Code   RO         2909    .ARM.Collect$$libinit$$00000023  c_w.l(libinit2.o)
    0x08000208   0x00000000   Code   RO         2913    .ARM.Collect$$libinit$$0000002A  c_w.l(libinit2.o)
    0x08000208   0x00000000   Code   RO         2915    .ARM.Collect$$libinit$$0000002C  c_w.l(libinit2.o)
    0x08000208   0x00000000   Code   RO         2917    .ARM.Collect$$libinit$$0000002E  c_w.l(libinit2.o)
    0x08000208   0x00000000   Code   RO         2919    .ARM.Collect$$libinit$$00000030  c_w.l(libinit2.o)
    0x08000208   0x00000002   Code   RO         2920    .ARM.Collect$$libinit$$00000031  c_w.l(libinit2.o)
    0x0800020a   0x00000002   Code   RO         2938    .ARM.Collect$$libshutdown$$00000000  c_w.l(libshutdown.o)
    0x0800020c   0x00000000   Code   RO         2949    .ARM.Collect$$libshutdown$$00000003  c_w.l(libshutdown2.o)
    0x0800020c   0x00000000   Code   RO         2952    .ARM.Collect$$libshutdown$$00000006  c_w.l(libshutdown2.o)
    0x0800020c   0x00000000   Code   RO         2955    .ARM.Collect$$libshutdown$$00000009  c_w.l(libshutdown2.o)
    0x0800020c   0x00000000   Code   RO         2957    .ARM.Collect$$libshutdown$$0000000B  c_w.l(libshutdown2.o)
    0x0800020c   0x00000000   Code   RO         2960    .ARM.Collect$$libshutdown$$0000000E  c_w.l(libshutdown2.o)
    0x0800020c   0x00000002   Code   RO         2961    .ARM.Collect$$libshutdown$$0000000F  c_w.l(libshutdown2.o)
    0x0800020e   0x00000000   Code   RO         2808    .ARM.Collect$$rtentry$$00000000  c_w.l(rtentry.o)
    0x0800020e   0x00000000   Code   RO         2836    .ARM.Collect$$rtentry$$00000002  c_w.l(rtentry2.o)
    0x0800020e   0x00000006   Code   RO         2848    .ARM.Collect$$rtentry$$00000004  c_w.l(rtentry4.o)
    0x08000214   0x00000000   Code   RO         2838    .ARM.Collect$$rtentry$$00000009  c_w.l(rtentry2.o)
    0x08000214   0x00000004   Code   RO         2839    .ARM.Collect$$rtentry$$0000000A  c_w.l(rtentry2.o)
    0x08000218   0x00000000   Code   RO         2841    .ARM.Collect$$rtentry$$0000000C  c_w.l(rtentry2.o)
    0x08000218   0x00000008   Code   RO         2842    .ARM.Collect$$rtentry$$0000000D  c_w.l(rtentry2.o)
    0x08000220   0x00000002   Code   RO         2876    .ARM.Collect$$rtexit$$00000000  c_w.l(rtexit.o)
    0x08000222   0x00000000   Code   RO         2922    .ARM.Collect$$rtexit$$00000002  c_w.l(rtexit2.o)
    0x08000222   0x00000004   Code   RO         2923    .ARM.Collect$$rtexit$$00000003  c_w.l(rtexit2.o)
    0x08000226   0x00000006   Code   RO         2924    .ARM.Collect$$rtexit$$00000004  c_w.l(rtexit2.o)
    0x0800022c   0x0000015c   Code   RO            1    .text               main.o
    0x08000388   0x00000040   Code   RO          143    .text               stm32f10x_it.o
    0x080003c8   0x000001e0   Code   RO          227    .text               system_stm32f10x.o
    0x080005a8   0x00000050   Code   RO          245    .text               led.o
    0x080005f8   0x000058ac   Code   RO          290    .text               ili93xx.o
    0x08005ea4   0x0000017a   Code   RO          321    .text               24cxx.o
    0x0800601e   0x00000002   PAD
    0x08006020   0x00000258   Code   RO          339    .text               myiic.o
    0x08006278   0x00000260   Code   RO          351    .text               ctiic.o
    0x080064d8   0x00000370   Code   RO          366    .text               ott2001a.o
    0x08006848   0x00000c04   Code   RO          393    .text               touch.o
    0x0800744c   0x000000f4   Code   RO          421    .text               delay.o
    0x08007540   0x0000000c   Code   RO          449    .text               sys.o
    0x0800754c   0x00000150   Code   RO          461    .text               usart.o
    0x0800769c   0x00000c40   Code   RO          484    .text               usmart.o
    0x080082dc   0x00000528   Code   RO          524    .text               usmart_str.o
    0x08008804   0x00000040   Code   RO          550    .text               startup_stm32f10x_hd.o
    0x08008844   0x000000dc   Code   RO          554    .text               misc.o
    0x08008920   0x0000035c   Code   RO          611    .text               stm32f10x_gpio.o
    0x08008c7c   0x000003a4   Code   RO          653    .text               stm32f10x_rcc.o
    0x08009020   0x00000e1a   Code   RO          682    .text               stm32f10x_tim.o
    0x08009e3a   0x00000002   PAD
    0x08009e3c   0x00000408   Code   RO          694    .text               stm32f10x_usart.o
    0x0800a244   0x000001a0   Code   RO          706    .text               malloc.o
    0x0800a3e4   0x00000114   Code   RO          726    .text               gui_x_os.o
    0x0800a4f8   0x00000028   Code   RO          752    .text               guiconf.o
    0x0800a520   0x00000280   Code   RO          824    .text               lcdconf_flexcolor_template.o
    0x0800a7a0   0x00000018   Code   RO          840    .text               gui_x_touch_analog.o
    0x0800a7b8   0x00000890   Code   RO          864    .text               os_core.o
    0x0800b048   0x0000080c   Code   RO          884    .text               os_flag.o
    0x0800b854   0x000003cc   Code   RO          896    .text               os_mbox.o
    0x0800bc20   0x000005e8   Code   RO          926    .text               os_q.o
    0x0800c208   0x0000038c   Code   RO          938    .text               os_sem.o
    0x0800c594   0x000007c4   Code   RO          950    .text               os_task.o
    0x0800cd58   0x000001b0   Code   RO          962    .text               os_time.o
    0x0800cf08   0x000000ae   Code   RO          980    .text               os_cpu_c.o
    0x0800cfb6   0x00000002   PAD
    0x0800cfb8   0x000000b4   Code   RO         1002    .text               os_cpu_a.o
    0x0800d06c   0x00000002   Code   RO         2671    .text               c_w.l(use_no_semi_2.o)
    0x0800d06e   0x00000002   PAD
    0x0800d070   0x00000018   Code   RO         2675    .text               c_w.l(noretval__2printf.o)
    0x0800d088   0x0000004e   Code   RO         2679    .text               c_w.l(_printf_pad.o)
    0x0800d0d6   0x00000052   Code   RO         2681    .text               c_w.l(_printf_str.o)
    0x0800d128   0x00000074   Code   RO         2683    .text               c_w.l(_printf_dec.o)
    0x0800d19c   0x00000058   Code   RO         2688    .text               c_w.l(_printf_hex_int.o)
    0x0800d1f4   0x00000188   Code   RO         2723    .text               c_w.l(__printf_flags_ss_wp.o)
    0x0800d37c   0x00000058   Code   RO         2732    .text               c_w.l(memcmp.o)
    0x0800d3d4   0x0000008a   Code   RO         2734    .text               c_w.l(rt_memcpy_v6.o)
    0x0800d45e   0x00000084   Code   RO         2736    .text               c_w.l(rt_memmove_v6.o)
    0x0800d4e2   0x00000064   Code   RO         2738    .text               c_w.l(rt_memcpy_w.o)
    0x0800d546   0x0000004e   Code   RO         2742    .text               c_w.l(rt_memclr_w.o)
    0x0800d594   0x00000006   Code   RO         2744    .text               c_w.l(heapauxi.o)
    0x0800d59a   0x00000002   Code   RO         2806    .text               c_w.l(use_no_semi.o)
    0x0800d59c   0x00000016   Code   RO         2809    .text               c_w.l(_rserrno.o)
    0x0800d5b2   0x000000b2   Code   RO         2811    .text               c_w.l(_printf_intcommon.o)
    0x0800d664   0x0000002c   Code   RO         2813    .text               c_w.l(_printf_char.o)
    0x0800d690   0x00000024   Code   RO         2815    .text               c_w.l(_printf_char_file.o)
    0x0800d6b4   0x0000007a   Code   RO         2818    .text               c_w.l(rt_memmove_w.o)
    0x0800d72e   0x00000002   PAD
    0x0800d730   0x00000008   Code   RO         2853    .text               c_w.l(rt_errno_addr_intlibspace.o)
    0x0800d738   0x00000030   Code   RO         2855    .text               c_w.l(_printf_char_common.o)
    0x0800d768   0x00000008   Code   RO         2857    .text               c_w.l(ferror.o)
    0x0800d770   0x00000008   Code   RO         2861    .text               c_w.l(libspace.o)
    0x0800d778   0x0000004a   Code   RO         2864    .text               c_w.l(sys_stackheap_outer.o)
    0x0800d7c2   0x0000000c   Code   RO         2868    .text               c_w.l(exit.o)
    0x0800d7ce   0x00000040   Code   RO         1383    i.GUIDRV_FlexColor_Config  STemWin526_CM3_OS_Keil.lib(guidrv_flexcolor.o)
    0x0800d80e   0x00000032   Code   RO         1384    i.GUIDRV_FlexColor_SetFunc  STemWin526_CM3_OS_Keil.lib(guidrv_flexcolor.o)
    0x0800d840   0x0000006c   Code   RO         1510    i.GUIDRV_FlexColor_SetFunc66709  STemWin526_CM3_OS_Keil.lib(guidrv_flexcolor_func66709.o)
    0x0800d8ac   0x00000068   Code   RO         1492    i.GUIDRV_FlexColor_SetMode16bppC0B16  STemWin526_CM3_OS_Keil.lib(guidrv_flexcolor_16bpp_c0b16.o)
    0x0800d914   0x000000c0   Code   RO         1388    i.GUIDRV_FlexColor__GetPixelIndexNoCache  STemWin526_CM3_OS_Keil.lib(guidrv_flexcolor.o)
    0x0800d9d4   0x00000038   Code   RO         1389    i.GUIDRV_FlexColor__InitOnce  STemWin526_CM3_OS_Keil.lib(guidrv_flexcolor.o)
    0x0800da0c   0x00000038   Code   RO         1394    i.GUIDRV_FlexColor__SetLog2Phys  STemWin526_CM3_OS_Keil.lib(guidrv_flexcolor.o)
    0x0800da44   0x0000009c   Code   RO         1396    i.GUIDRV_FlexColor__SetPixelIndexNoCache  STemWin526_CM3_OS_Keil.lib(guidrv_flexcolor.o)
    0x0800dae0   0x00000134   Code   RO         1735    i.GUIMONO_DispChar  STemWin526_CM3_OS_Keil.lib(gui_charm.o)
    0x0800dc14   0x00000018   Code   RO         1736    i.GUIMONO_GetCharDistX  STemWin526_CM3_OS_Keil.lib(gui_charm.o)
    0x0800dc2c   0x00000006   Code   RO         1737    i.GUIMONO_GetFontInfo  STemWin526_CM3_OS_Keil.lib(gui_charm.o)
    0x0800dc32   0x00000038   Code   RO         1738    i.GUIMONO_IsInFont  STemWin526_CM3_OS_Keil.lib(gui_charm.o)
    0x0800dc6a   0x00000002   PAD
    0x0800dc6c   0x0000004c   Code   RO         1890    i.GUITASK_CopyContext  STemWin526_CM3_OS_Keil.lib(gui_task.o)
    0x0800dcb8   0x00000040   Code   RO         1892    i.GUITASK_Init      STemWin526_CM3_OS_Keil.lib(gui_task.o)
    0x0800dcf8   0x0000001e   Code   RO         1005    i.GUI_ALLOC_AllocNoInit  STemWin526_CM3_OS_Keil.lib(gui_alloc.o)
    0x0800dd16   0x0000002e   Code   RO         2138    i.GUI_ALLOC_AllocZero  STemWin526_CM3_OS_Keil.lib(gui_alloc_alloczero.o)
    0x0800dd44   0x00000010   Code   RO         1006    i.GUI_ALLOC_AssignMemory  STemWin526_CM3_OS_Keil.lib(gui_alloc.o)
    0x0800dd54   0x0000003c   Code   RO         1007    i.GUI_ALLOC_Free    STemWin526_CM3_OS_Keil.lib(gui_alloc.o)
    0x0800dd90   0x00000018   Code   RO         1008    i.GUI_ALLOC_FreeFixedBlock  STemWin526_CM3_OS_Keil.lib(gui_alloc.o)
    0x0800dda8   0x000000b0   Code   RO         1011    i.GUI_ALLOC_GetFixedBlock  STemWin526_CM3_OS_Keil.lib(gui_alloc.o)
    0x0800de58   0x00000040   Code   RO         1012    i.GUI_ALLOC_GetMaxSize  STemWin526_CM3_OS_Keil.lib(gui_alloc.o)
    0x0800de98   0x0000001c   Code   RO         1019    i.GUI_ALLOC_LockH   STemWin526_CM3_OS_Keil.lib(gui_alloc.o)
    0x0800deb4   0x0000001c   Code   RO         1021    i.GUI_ALLOC_SetAvBlockSize  STemWin526_CM3_OS_Keil.lib(gui_alloc.o)
    0x0800ded0   0x00000030   Code   RO         1024    i.GUI_ALLOC_UnlockH  STemWin526_CM3_OS_Keil.lib(gui_alloc.o)
    0x0800df00   0x00000018   Code   RO         1025    i.GUI_ALLOC_h2p     STemWin526_CM3_OS_Keil.lib(gui_alloc.o)
    0x0800df18   0x00000078   Code   RO         1117    i.GUI_CURSOR_SetPositionEx  STemWin526_CM3_OS_Keil.lib(gui_curs1.o)
    0x0800df90   0x0000003c   Code   RO         2343    i.GUI_CalcColorDist  STemWin526_CM3_OS_Keil.lib(gui_calccolordist.o)
    0x0800dfcc   0x0000001c   Code   RO         1075    i.GUI_Clear         STemWin526_CM3_OS_Keil.lib(gui_core.o)
    0x0800dfe8   0x00000068   Code   RO         1076    i.GUI_ClearRect     STemWin526_CM3_OS_Keil.lib(gui_core.o)
    0x0800e050   0x00000050   Code   RO         1144    i.GUI_DEVICE_Create  STemWin526_CM3_OS_Keil.lib(gui_device.o)
    0x0800e0a0   0x00000028   Code   RO         1145    i.GUI_DEVICE_CreateAndLink  STemWin526_CM3_OS_Keil.lib(gui_device.o)
    0x0800e0c8   0x00000004   Code   RO         1146    i.GUI_DEVICE_Delete  STemWin526_CM3_OS_Keil.lib(gui_device.o)
    0x0800e0cc   0x00000088   Code   RO         1147    i.GUI_DEVICE_Link   STemWin526_CM3_OS_Keil.lib(gui_device.o)
    0x0800e154   0x00000012   Code   RO         1148    i.GUI_DEVICE_LinkDevices  STemWin526_CM3_OS_Keil.lib(gui_device.o)
    0x0800e166   0x00000004   Code   RO         1149    i.GUI_DEVICE_Unlink  STemWin526_CM3_OS_Keil.lib(gui_device.o)
    0x0800e16a   0x00000002   PAD
    0x0800e16c   0x00000044   Code   RO         1150    i.GUI_DEVICE_UnlinkTaskDevices  STemWin526_CM3_OS_Keil.lib(gui_device.o)
    0x0800e1b0   0x00000024   Code   RO         1152    i.GUI_DEVICE__GetpDriver  STemWin526_CM3_OS_Keil.lib(gui_device.o)
    0x0800e1d4   0x00000108   Code   RO         1165    i.GUI_DispString    STemWin526_CM3_OS_Keil.lib(gui_dispstring.o)
    0x0800e2dc   0x00000028   Code   RO         1167    i.GUI_DispStringAt  STemWin526_CM3_OS_Keil.lib(gui_dispstringat.o)
    0x0800e304   0x00000074   Code   RO         1169    i.GUI_DrawRoundedFrame  STemWin526_CM3_OS_Keil.lib(gui_drawroundedframe.o)
    0x0800e378   0x00000064   Code   RO         1173    i.GUI_DrawRoundedRect  STemWin526_CM3_OS_Keil.lib(gui_drawroundedrect.o)
    0x0800e3dc   0x00000016   Code   RO         2140    i.GUI_GetBitmapPixelIndex  STemWin526_CM3_OS_Keil.lib(gui_getbitmappixelindex.o)
    0x0800e3f2   0x0000008a   Code   RO         2141    i.GUI_GetBitmapPixelIndexEx  STemWin526_CM3_OS_Keil.lib(gui_getbitmappixelindex.o)
    0x0800e47c   0x00000014   Code   RO         1255    i.GUI_GetBitsPerPixelEx  STemWin526_CM3_OS_Keil.lib(lcd_getex.o)
    0x0800e490   0x00000024   Code   RO         1712    i.GUI_GetCharDistX  STemWin526_CM3_OS_Keil.lib(gui_char.o)
    0x0800e4b4   0x00000028   Code   RO         1713    i.GUI_GetCharDistXEx  STemWin526_CM3_OS_Keil.lib(gui_char.o)
    0x0800e4dc   0x00000014   Code   RO         1783    i.GUI_GetCursorLayer  STemWin526_CM3_OS_Keil.lib(gui_selectlayer.o)
    0x0800e4f0   0x0000001c   Code   RO         1714    i.GUI_GetFontDistY  STemWin526_CM3_OS_Keil.lib(gui_char.o)
    0x0800e50c   0x00000026   Code   RO         1784    i.GUI_GetLayerPosEx  STemWin526_CM3_OS_Keil.lib(gui_selectlayer.o)
    0x0800e532   0x00000002   PAD
    0x0800e534   0x0000003c   Code   RO         1715    i.GUI_GetYAdjust    STemWin526_CM3_OS_Keil.lib(gui_char.o)
    0x0800e570   0x00000010   Code   RO         1256    i.GUI_GetpfColor2IndexEx  STemWin526_CM3_OS_Keil.lib(lcd_getex.o)
    0x0800e580   0x00000010   Code   RO         1257    i.GUI_GetpfIndex2ColorEx  STemWin526_CM3_OS_Keil.lib(lcd_getex.o)
    0x0800e590   0x00000022   Code   RO         1182    i.GUI_GotoXY        STemWin526_CM3_OS_Keil.lib(gui_goto.o)
    0x0800e5b2   0x00000002   PAD
    0x0800e5b4   0x00000068   Code   RO         1078    i.GUI_Init          STemWin526_CM3_OS_Keil.lib(gui_core.o)
    0x0800e61c   0x00000090   Code   RO         1894    i.GUI_Lock          STemWin526_CM3_OS_Keil.lib(gui_task.o)
    0x0800e6ac   0x00000048   Code   RO         2227    i.GUI_MEMDEV_Delete  STemWin526_CM3_OS_Keil.lib(guidev.o)
    0x0800e6f4   0x00000032   Code   RO         2228    i.GUI_MEMDEV_GetBitsPerPixel  STemWin526_CM3_OS_Keil.lib(guidev.o)
    0x0800e726   0x00000022   Code   RO         2250    i.GUI_MEMDEV_GetDataPtr  STemWin526_CM3_OS_Keil.lib(guidev_getdataptr.o)
    0x0800e748   0x00000050   Code   RO         2230    i.GUI_MEMDEV_Select  STemWin526_CM3_OS_Keil.lib(guidev.o)
    0x0800e798   0x0000003c   Code   RO         1995    i.GUI_MEMDEV__WriteToActiveOpaque  STemWin526_CM3_OS_Keil.lib(guidev_writetoactiveopaque.o)
    0x0800e7d4   0x00000058   Code   RO         2152    i.GUI_MergeRect     STemWin526_CM3_OS_Keil.lib(gui_mergerect.o)
    0x0800e82c   0x0000001e   Code   RO         2154    i.GUI_MoveRect      STemWin526_CM3_OS_Keil.lib(gui_moverect.o)
    0x0800e84a   0x00000002   PAD
    0x0800e84c   0x00000044   Code   RO         1765    i.GUI_PID_GetState  STemWin526_CM3_OS_Keil.lib(gui_pid.o)
    0x0800e890   0x00000018   Code   RO         1766    i.GUI_PID_IsEmpty   STemWin526_CM3_OS_Keil.lib(gui_pid.o)
    0x0800e8a8   0x0000001c   Code   RO         1768    i.GUI_PID_StoreState  STemWin526_CM3_OS_Keil.lib(gui_pid.o)
    0x0800e8c4   0x00000038   Code   RO         2176    i.GUI_RectsIntersect  STemWin526_CM3_OS_Keil.lib(gui_rectsintersect.o)
    0x0800e8fc   0x00000022   Code   RO         1812    i.GUI_SPRITE_SetPosition  STemWin526_CM3_OS_Keil.lib(gui_sprite.o)
    0x0800e91e   0x0000001a   Code   RO         2182    i.GUI_SelectLCD     STemWin526_CM3_OS_Keil.lib(gui_selectlcd.o)
    0x0800e938   0x00000030   Code   RO         1786    i.GUI_SelectLayer   STemWin526_CM3_OS_Keil.lib(gui_selectlayer.o)
    0x0800e968   0x00000016   Code   RO         1191    i.GUI_SetBkColor    STemWin526_CM3_OS_Keil.lib(gui_setcolor.o)
    0x0800e97e   0x00000016   Code   RO         1192    i.GUI_SetColor      STemWin526_CM3_OS_Keil.lib(gui_setcolor.o)
    0x0800e994   0x0000000c   Code   RO         1079    i.GUI_SetDefaultFont  STemWin526_CM3_OS_Keil.lib(gui_core.o)
    0x0800e9a0   0x00000020   Code   RO         1788    i.GUI_SetLayerPosEx  STemWin526_CM3_OS_Keil.lib(gui_selectlayer.o)
    0x0800e9c0   0x00000040   Code   RO         1801    i.GUI_SetOrg        STemWin526_CM3_OS_Keil.lib(gui_setorg.o)
    0x0800ea00   0x00000010   Code   RO         2198    i.GUI_SignalEvent   STemWin526_CM3_OS_Keil.lib(gui_waitevent.o)
    0x0800ea10   0x00000010   Code   RO         2161    i.GUI_StoreKey      STemWin526_CM3_OS_Keil.lib(gui_onkey.o)
    0x0800ea20   0x000000ac   Code   RO         1206    i.GUI_TOUCH_Calibrate  STemWin526_CM3_OS_Keil.lib(gui_touch_driveranalog.o)
    0x0800eacc   0x00000148   Code   RO         1207    i.GUI_TOUCH_Exec    STemWin526_CM3_OS_Keil.lib(gui_touch_driveranalog.o)
    0x0800ec14   0x0000000c   Code   RO         1212    i.GUI_TOUCH_SetOrientation  STemWin526_CM3_OS_Keil.lib(gui_touch_driveranalog.o)
    0x0800ec20   0x00000024   Code   RO         2191    i.GUI_TOUCH_StoreState  STemWin526_CM3_OS_Keil.lib(gui_touch_storestate.o)
    0x0800ec44   0x0000002c   Code   RO         1202    i.GUI_TOUCH_StoreStateEx  STemWin526_CM3_OS_Keil.lib(gui_touch.o)
    0x0800ec70   0x0000002c   Code   RO         1906    i.GUI_TOUCH_StoreUnstable  STemWin526_CM3_OS_Keil.lib(gui_touch_storeunstable.o)
    0x0800ec9c   0x0000002c   Code   RO         1914    i.GUI_UC__GetCharCodeInc  STemWin526_CM3_OS_Keil.lib(gui_uc.o)
    0x0800ecc8   0x00000028   Code   RO         1916    i.GUI_UC__NumChars2NumBytes  STemWin526_CM3_OS_Keil.lib(gui_uc.o)
    0x0800ecf0   0x00000028   Code   RO         1989    i.GUI_USAGE_AddRect  STemWin526_CM3_OS_Keil.lib(guidev_usage.o)
    0x0800ed18   0x0000002c   Code   RO         1990    i.GUI_USAGE_DecUseCnt  STemWin526_CM3_OS_Keil.lib(guidev_usage.o)
    0x0800ed44   0x00000014   Code   RO         1895    i.GUI_Unlock        STemWin526_CM3_OS_Keil.lib(gui_task.o)
    0x0800ed58   0x00000124   Code   RO         2121    i.GUI__CompactPixelIndices  STemWin526_CM3_OS_Keil.lib(gui__compactpixelindices.o)
    0x0800ee7c   0x00000038   Code   RO         1081    i.GUI__Config       STemWin526_CM3_OS_Keil.lib(gui_core.o)
    0x0800eeb4   0x000000b0   Code   RO         1722    i.GUI__DispLine     STemWin526_CM3_OS_Keil.lib(gui_charline.o)
    0x0800ef64   0x00000054   Code   RO         1723    i.GUI__GetLineDistX  STemWin526_CM3_OS_Keil.lib(gui_charline.o)
    0x0800efb8   0x00000038   Code   RO         1724    i.GUI__GetLineNumChars  STemWin526_CM3_OS_Keil.lib(gui_charline.o)
    0x0800eff0   0x00000018   Code   RO         1725    i.GUI__GetOverlap   STemWin526_CM3_OS_Keil.lib(gui_charline.o)
    0x0800f008   0x0000003a   Code   RO         2125    i.GUI__IntersectRect  STemWin526_CM3_OS_Keil.lib(gui__intersectrect.o)
    0x0800f042   0x00000052   Code   RO         2127    i.GUI__IntersectRects  STemWin526_CM3_OS_Keil.lib(gui__intersectrects.o)
    0x0800f094   0x00000010   Code   RO         2130    i.GUI__ManageCache  STemWin526_CM3_OS_Keil.lib(gui__managecache.o)
    0x0800f0a4   0x000000c8   Code   RO         2131    i.GUI__ManageCacheEx  STemWin526_CM3_OS_Keil.lib(gui__managecache.o)
    0x0800f16c   0x00000010   Code   RO         1082    i.GUI__RegisterExit  STemWin526_CM3_OS_Keil.lib(gui_core.o)
    0x0800f17c   0x0000004c   Code   RO         1695    i.GUI__memset       STemWin526_CM3_OS_Keil.lib(gui__memset.o)
    0x0800f1c8   0x0000003c   Code   RO         1697    i.GUI__memset16     STemWin526_CM3_OS_Keil.lib(gui__memset16.o)
    0x0800f204   0x0000001a   Code   RO         1699    i.GUI__sqrt32       STemWin526_CM3_OS_Keil.lib(gui__sqrt32.o)
    0x0800f21e   0x00000002   PAD
    0x0800f220   0x0000001c   Code   RO         1935    i.LCD_Color2Index   STemWin526_CM3_OS_Keil.lib(lcd.o)
    0x0800f23c   0x00000204   Code   RO         1936    i.LCD_DrawBitmap    STemWin526_CM3_OS_Keil.lib(lcd.o)
    0x0800f440   0x00000058   Code   RO         1937    i.LCD_DrawHLine     STemWin526_CM3_OS_Keil.lib(lcd.o)
    0x0800f498   0x00000068   Code   RO         1938    i.LCD_DrawPixel     STemWin526_CM3_OS_Keil.lib(lcd.o)
    0x0800f500   0x00000054   Code   RO         1939    i.LCD_DrawVLine     STemWin526_CM3_OS_Keil.lib(lcd.o)
    0x0800f554   0x00000058   Code   RO         1940    i.LCD_FillRect      STemWin526_CM3_OS_Keil.lib(lcd.o)
    0x0800f5ac   0x00000006   Code   RO         1259    i.LCD_GetBitsPerPixelEx  STemWin526_CM3_OS_Keil.lib(lcd_getex.o)
    0x0800f5b2   0x00000002   PAD
    0x0800f5b4   0x00000010   Code   RO         1266    i.LCD_GetNumColors  STemWin526_CM3_OS_Keil.lib(lcd_getex.o)
    0x0800f5c4   0x00000006   Code   RO         1267    i.LCD_GetNumColorsEx  STemWin526_CM3_OS_Keil.lib(lcd_getex.o)
    0x0800f5ca   0x0000001a   Code   RO         2219    i.LCD_GetNumLayers  STemWin526_CM3_OS_Keil.lib(lcd_getnumdisplays.o)
    0x0800f5e4   0x00000010   Code   RO         1268    i.LCD_GetPalette    STemWin526_CM3_OS_Keil.lib(lcd_getex.o)
    0x0800f5f4   0x00000018   Code   RO         1269    i.LCD_GetPaletteEx  STemWin526_CM3_OS_Keil.lib(lcd_getex.o)
    0x0800f60c   0x0000002c   Code   RO         1334    i.LCD_GetPosEx      STemWin526_CM3_OS_Keil.lib(lcd_set.o)
    0x0800f638   0x00000006   Code   RO         1281    i.LCD_GetXSizeEx    STemWin526_CM3_OS_Keil.lib(lcd_getex.o)
    0x0800f63e   0x00000006   Code   RO         1286    i.LCD_GetYSizeEx    STemWin526_CM3_OS_Keil.lib(lcd_getex.o)
    0x0800f644   0x00000004   Code   RO         1974    i.LCD_GetpPalConvTableBM  STemWin526_CM3_OS_Keil.lib(lcd_color.o)
    0x0800f648   0x00000048   Code   RO         1975    i.LCD_GetpPalConvTableUncached  STemWin526_CM3_OS_Keil.lib(lcd_color.o)
    0x0800f690   0x0000001c   Code   RO         1941    i.LCD_Index2Color   STemWin526_CM3_OS_Keil.lib(lcd.o)
    0x0800f6ac   0x0000002c   Code   RO         1244    i.LCD_Index2Color_565  STemWin526_CM3_OS_Keil.lib(guicc_565.o)
    0x0800f6d8   0x00000034   Code   RO         1976    i.LCD_InitColors    STemWin526_CM3_OS_Keil.lib(lcd_color.o)
    0x0800f70c   0x00000070   Code   RO         1977    i.LCD_InitLUT       STemWin526_CM3_OS_Keil.lib(lcd_color.o)
    0x0800f77c   0x00000040   Code   RO         2481    i.LCD_SelectLCD     STemWin526_CM3_OS_Keil.lib(lcd_selectlcd.o)
    0x0800f7bc   0x0000000c   Code   RO         1942    i.LCD_SetBkColor    STemWin526_CM3_OS_Keil.lib(lcd.o)
    0x0800f7c8   0x00000018   Code   RO         1943    i.LCD_SetBkColorIndex  STemWin526_CM3_OS_Keil.lib(lcd.o)
    0x0800f7e0   0x00000030   Code   RO         2221    i.LCD_SetClipRectEx  STemWin526_CM3_OS_Keil.lib(lcd_setcliprectex.o)
    0x0800f810   0x0000001c   Code   RO         1944    i.LCD_SetClipRectMax  STemWin526_CM3_OS_Keil.lib(lcd.o)
    0x0800f82c   0x0000000c   Code   RO         1945    i.LCD_SetColor      STemWin526_CM3_OS_Keil.lib(lcd.o)
    0x0800f838   0x00000018   Code   RO         1946    i.LCD_SetColorIndex  STemWin526_CM3_OS_Keil.lib(lcd.o)
    0x0800f850   0x0000000c   Code   RO         1947    i.LCD_SetDrawMode   STemWin526_CM3_OS_Keil.lib(lcd.o)
    0x0800f85c   0x0000002c   Code   RO         1347    i.LCD_SetLUTEntryEx  STemWin526_CM3_OS_Keil.lib(lcd_set.o)
    0x0800f888   0x0000002c   Code   RO         1349    i.LCD_SetPosEx      STemWin526_CM3_OS_Keil.lib(lcd_set.o)
    0x0800f8b4   0x0000002c   Code   RO         1351    i.LCD_SetSizeEx     STemWin526_CM3_OS_Keil.lib(lcd_set.o)
    0x0800f8e0   0x0000002c   Code   RO         1355    i.LCD_SetVSizeEx    STemWin526_CM3_OS_Keil.lib(lcd_set.o)
    0x0800f90c   0x00000024   Code   RO         2483    i.LCD_UpdateColorIndices  STemWin526_CM3_OS_Keil.lib(lcd_updatecolorindices.o)
    0x0800f930   0x000001b4   Code   RO         1948    i.LCD__DrawBitmap_1bpp  STemWin526_CM3_OS_Keil.lib(lcd.o)
    0x0800fae4   0x0000005c   Code   RO         1290    i.LCD__GetBPP       STemWin526_CM3_OS_Keil.lib(lcd_getex.o)
    0x0800fb40   0x00000032   Code   RO         1291    i.LCD__GetBPPDevice  STemWin526_CM3_OS_Keil.lib(lcd_getex.o)
    0x0800fb72   0x00000002   PAD
    0x0800fb74   0x00000010   Code   RO         2006    i.WM_Activate       STemWin526_CM3_OS_Keil.lib(wm.o)
    0x0800fb84   0x00000088   Code   RO         2274    i.WM_BringToBottom  STemWin526_CM3_OS_Keil.lib(wm_bringtobottom.o)
    0x0800fc0c   0x00000150   Code   RO         2008    i.WM_CreateWindowAsChild  STemWin526_CM3_OS_Keil.lib(wm.o)
    0x0800fd5c   0x00000020   Code   RO         2009    i.WM_Deactivate     STemWin526_CM3_OS_Keil.lib(wm.o)
    0x0800fd7c   0x00000046   Code   RO         2010    i.WM_DefaultProc    STemWin526_CM3_OS_Keil.lib(wm.o)
    0x0800fdc2   0x00000002   PAD
    0x0800fdc4   0x00000018   Code   RO         2119    i.WM_GetDesktopWindow  STemWin526_CM3_OS_Keil.lib(wm_getdesktopwindow.o)
    0x0800fddc   0x00000014   Code   RO         2647    i.WM_GetDesktopWindowEx  STemWin526_CM3_OS_Keil.lib(wm_getdesktopwindowex.o)
    0x0800fdf0   0x0000001a   Code   RO         2286    i.WM_GetFirstChild  STemWin526_CM3_OS_Keil.lib(wm_getfirstchild.o)
    0x0800fe0a   0x0000001a   Code   RO         2575    i.WM_GetParent      STemWin526_CM3_OS_Keil.lib(wm_getparent.o)
    0x0800fe24   0x00000378   Code   RO         2306    i.WM_HandlePID      STemWin526_CM3_OS_Keil.lib(wm_touch.o)
    0x0801019c   0x000000d4   Code   RO         2014    i.WM_Init           STemWin526_CM3_OS_Keil.lib(wm.o)
    0x08010270   0x00000080   Code   RO         2015    i.WM_InvalidateRect  STemWin526_CM3_OS_Keil.lib(wm.o)
    0x080102f0   0x00000006   Code   RO         2016    i.WM_InvalidateWindow  STemWin526_CM3_OS_Keil.lib(wm.o)
    0x080102f6   0x0000005e   Code   RO         2017    i.WM_InvalidateWindowAndDescsEx  STemWin526_CM3_OS_Keil.lib(wm.o)
    0x08010354   0x00000018   Code   RO         2581    i.WM_IsWindow       STemWin526_CM3_OS_Keil.lib(wm_iswindow.o)
    0x0801036c   0x00000018   Code   RO         2586    i.WM_PID__SetPrevState  STemWin526_CM3_OS_Keil.lib(wm_pid__getprevstate.o)
    0x08010384   0x00000012   Code   RO         2600    i.WM_ReleaseCapture  STemWin526_CM3_OS_Keil.lib(wm_setcapture.o)
    0x08010396   0x0000001e   Code   RO         2590    i.WM_Screen2hWin    STemWin526_CM3_OS_Keil.lib(wm_screen2win.o)
    0x080103b4   0x00000044   Code   RO         2018    i.WM_SelectWindow   STemWin526_CM3_OS_Keil.lib(wm.o)
    0x080103f8   0x00000026   Code   RO         2292    i.WM_SendToParent   STemWin526_CM3_OS_Keil.lib(wm_sendtoparent.o)
    0x0801041e   0x00000002   PAD
    0x08010420   0x00000048   Code   RO         2021    i.WM__ActivateClipRect  STemWin526_CM3_OS_Keil.lib(wm.o)
    0x08010468   0x00000010   Code   RO         2276    i.WM__AddCriticalHandle  STemWin526_CM3_OS_Keil.lib(wm_criticalhandle.o)
    0x08010478   0x00000010   Code   RO         2022    i.WM__Client2Screen  STemWin526_CM3_OS_Keil.lib(wm.o)
    0x08010488   0x0000004e   Code   RO         2023    i.WM__ClipAtParentBorders  STemWin526_CM3_OS_Keil.lib(wm.o)
    0x080104d6   0x00000020   Code   RO         2282    i.WM__GetClientRectEx  STemWin526_CM3_OS_Keil.lib(wm_getclientrect.o)
    0x080104f6   0x00000018   Code   RO         2026    i.WM__GetClientRectWin  STemWin526_CM3_OS_Keil.lib(wm.o)
    0x0801050e   0x00000012   Code   RO         2645    i.WM__GetFirstSibling  STemWin526_CM3_OS_Keil.lib(wm__getfirstsibling.o)
    0x08010520   0x00000040   Code   RO         2027    i.WM__GetNextIVR    STemWin526_CM3_OS_Keil.lib(wm.o)
    0x08010560   0x00000024   Code   RO         2555    i.WM__GetPrevSibling  STemWin526_CM3_OS_Keil.lib(wm__getprevsibling.o)
    0x08010584   0x00000018   Code   RO         2028    i.WM__GetTopLevelLayer  STemWin526_CM3_OS_Keil.lib(wm.o)
    0x0801059c   0x000000f0   Code   RO         2029    i.WM__InitIVRSearch  STemWin526_CM3_OS_Keil.lib(wm.o)
    0x0801068c   0x000000a4   Code   RO         2030    i.WM__InsertWindowIntoList  STemWin526_CM3_OS_Keil.lib(wm.o)
    0x08010730   0x00000006   Code   RO         2031    i.WM__Invalidate1Abs  STemWin526_CM3_OS_Keil.lib(wm.o)
    0x08010736   0x00000002   PAD
    0x08010738   0x00000054   Code   RO         2032    i.WM__InvalidateDrawAndDescs  STemWin526_CM3_OS_Keil.lib(wm.o)
    0x0801078c   0x00000076   Code   RO         2034    i.WM__InvalidateRect  STemWin526_CM3_OS_Keil.lib(wm.o)
    0x08010802   0x00000006   Code   RO         2035    i.WM__InvalidateRectEx  STemWin526_CM3_OS_Keil.lib(wm.o)
    0x08010808   0x00000022   Code   RO         2557    i.WM__IsAncestor    STemWin526_CM3_OS_Keil.lib(wm__isancestor.o)
    0x0801082a   0x00000016   Code   RO         2561    i.WM__IsEnabled     STemWin526_CM3_OS_Keil.lib(wm__isenabled.o)
    0x08010840   0x00000068   Code   RO         2307    i.WM__IsInModalArea  STemWin526_CM3_OS_Keil.lib(wm_touch.o)
    0x080108a8   0x00000030   Code   RO         2592    i.WM__IsInWindow    STemWin526_CM3_OS_Keil.lib(wm_screen2win.o)
    0x080108d8   0x00000024   Code   RO         2036    i.WM__IsWindow      STemWin526_CM3_OS_Keil.lib(wm.o)
    0x080108fc   0x00000020   Code   RO         2040    i.WM__RectIsNZ      STemWin526_CM3_OS_Keil.lib(wm.o)
    0x0801091c   0x0000002c   Code   RO         2602    i.WM__ReleaseCapture  STemWin526_CM3_OS_Keil.lib(wm_setcapture.o)
    0x08010948   0x0000002c   Code   RO         2277    i.WM__RemoveCriticalHandle  STemWin526_CM3_OS_Keil.lib(wm_criticalhandle.o)
    0x08010974   0x00000014   Code   RO         2043    i.WM__SelectTopLevelLayer  STemWin526_CM3_OS_Keil.lib(wm.o)
    0x08010988   0x0000003c   Code   RO         2271    i.WM__SendMessage   STemWin526_CM3_OS_Keil.lib(wm__sendmessage.o)
    0x080109c4   0x0000001c   Code   RO         2563    i.WM__SendMessageIfEnabled  STemWin526_CM3_OS_Keil.lib(wm__sendmessageifenabled.o)
    0x080109e0   0x0000000e   Code   RO         2044    i.WM__SendMsgNoData  STemWin526_CM3_OS_Keil.lib(wm.o)
    0x080109ee   0x0000003e   Code   RO         2308    i.WM__SendPIDMessage  STemWin526_CM3_OS_Keil.lib(wm_touch.o)
    0x08010a2c   0x00000036   Code   RO         2309    i.WM__SendTouchMessage  STemWin526_CM3_OS_Keil.lib(wm_touch.o)
    0x08010a62   0x00000002   PAD
    0x08010a64   0x00000078   Code   RO         1027    i._AddFreeMemory    STemWin526_CM3_OS_Keil.lib(gui_alloc.o)
    0x08010adc   0x000000bc   Code   RO         1028    i._Alloc            STemWin526_CM3_OS_Keil.lib(gui_alloc.o)
    0x08010b98   0x00000004   Code   RO         1925    i._CalcSizeOfChar   STemWin526_CM3_OS_Keil.lib(gui_uc_encodenone.o)
    0x08010b9c   0x00000038   Code   RO         1245    i._Color2IndexBulk  STemWin526_CM3_OS_Keil.lib(guicc_565.o)
    0x08010bd4   0x00000054   Code   RO         2210    i._Color2Index_0    STemWin526_CM3_OS_Keil.lib(guicc_0.o)
    0x08010c28   0x00000028   Code   RO         1246    i._Color2Index_565  STemWin526_CM3_OS_Keil.lib(guicc_565.o)
    0x08010c50   0x0000003e   Code   RO         1996    i._Convert16        STemWin526_CM3_OS_Keil.lib(guidev_writetoactiveopaque.o)
    0x08010c8e   0x0000003e   Code   RO         1997    i._Convert8         STemWin526_CM3_OS_Keil.lib(guidev_writetoactiveopaque.o)
    0x08010ccc   0x0000009a   Code   RO         1817    i._CreateBuffer     STemWin526_CM3_OS_Keil.lib(gui_sprite.o)
    0x08010d66   0x0000001c   Code   RO         1512    i._Data2Index_16bpp_B16  STemWin526_CM3_OS_Keil.lib(guidrv_flexcolor_func66709.o)
    0x08010d82   0x00000016   Code   RO         1513    i._Data2Index_16bpp_B8  STemWin526_CM3_OS_Keil.lib(guidrv_flexcolor_func66709.o)
    0x08010d98   0x00000014   Code   RO         1769    i._DecPointer       STemWin526_CM3_OS_Keil.lib(gui_pid.o)
    0x08010dac   0x00000020   Code   RO         2046    i._DesktopHandle2Index  STemWin526_CM3_OS_Keil.lib(wm.o)
    0x08010dcc   0x00000074   Code   RO         1726    i._DispLine         STemWin526_CM3_OS_Keil.lib(gui_charline.o)
    0x08010e40   0x00000148   Code   RO         1493    i._DrawBitLine1BPP  STemWin526_CM3_OS_Keil.lib(guidrv_flexcolor_16bpp_c0b16.o)
    0x08010f88   0x00000148   Code   RO         1656    i._DrawBitLine1BPP  STemWin526_CM3_OS_Keil.lib(guidev_16.o)
    0x080110d0   0x00000118   Code   RO         1494    i._DrawBitLine2BPP  STemWin526_CM3_OS_Keil.lib(guidrv_flexcolor_16bpp_c0b16.o)
    0x080111e8   0x000000e0   Code   RO         1657    i._DrawBitLine2BPP  STemWin526_CM3_OS_Keil.lib(guidev_16.o)
    0x080112c8   0x00000118   Code   RO         1495    i._DrawBitLine4BPP  STemWin526_CM3_OS_Keil.lib(guidrv_flexcolor_16bpp_c0b16.o)
    0x080113e0   0x00000160   Code   RO         1658    i._DrawBitLine4BPP  STemWin526_CM3_OS_Keil.lib(guidev_16.o)
    0x08011540   0x000000d4   Code   RO         1496    i._DrawBitLine8BPP  STemWin526_CM3_OS_Keil.lib(guidrv_flexcolor_16bpp_c0b16.o)
    0x08011614   0x00000022   Code   RO         1398    i._DrawBitmap       STemWin526_CM3_OS_Keil.lib(guidrv_flexcolor.o)
    0x08011636   0x00000002   PAD
    0x08011638   0x000000f4   Code   RO         1497    i._DrawBitmap       STemWin526_CM3_OS_Keil.lib(guidrv_flexcolor_16bpp_c0b16.o)
    0x0801172c   0x000002d8   Code   RO         1659    i._DrawBitmap       STemWin526_CM3_OS_Keil.lib(guidev_16.o)
    0x08011a04   0x0000000e   Code   RO         1399    i._DrawHLine        STemWin526_CM3_OS_Keil.lib(guidrv_flexcolor.o)
    0x08011a12   0x0000000a   Code   RO         1660    i._DrawHLine        STemWin526_CM3_OS_Keil.lib(guidev_16.o)
    0x08011a1c   0x0000011c   Code   RO         1170    i._DrawRoundedFrame  STemWin526_CM3_OS_Keil.lib(gui_drawroundedframe.o)
    0x08011b38   0x0000011e   Code   RO         1174    i._DrawRoundedRect  STemWin526_CM3_OS_Keil.lib(gui_drawroundedrect.o)
    0x08011c56   0x00000010   Code   RO         1400    i._DrawVLine        STemWin526_CM3_OS_Keil.lib(guidrv_flexcolor.o)
    0x08011c66   0x00000002   PAD
    0x08011c68   0x000000b8   Code   RO         1661    i._DrawVLine        STemWin526_CM3_OS_Keil.lib(guidev_16.o)
    0x08011d20   0x00000006   Code   RO         1926    i._Encode           STemWin526_CM3_OS_Keil.lib(gui_uc_encodenone.o)
    0x08011d26   0x00000002   PAD
    0x08011d28   0x00000098   Code   RO         1029    i._EnlargeBlocks    STemWin526_CM3_OS_Keil.lib(gui_alloc.o)
    0x08011dc0   0x00000010   Code   RO         1401    i._FillRect         STemWin526_CM3_OS_Keil.lib(guidrv_flexcolor.o)
    0x08011dd0   0x000000f8   Code   RO         1498    i._FillRect         STemWin526_CM3_OS_Keil.lib(guidrv_flexcolor_16bpp_c0b16.o)
    0x08011ec8   0x000000ac   Code   RO         1662    i._FillRect         STemWin526_CM3_OS_Keil.lib(guidev_16.o)
    0x08011f74   0x00000148   Code   RO         2049    i._FindNext_IVR     STemWin526_CM3_OS_Keil.lib(wm.o)
    0x080120bc   0x0000007c   Code   RO         2050    i._Findx0           STemWin526_CM3_OS_Keil.lib(wm.o)
    0x08012138   0x00000072   Code   RO         2051    i._Findx1           STemWin526_CM3_OS_Keil.lib(wm.o)
    0x080121aa   0x000000a6   Code   RO         2052    i._Findy1           STemWin526_CM3_OS_Keil.lib(wm.o)
    0x08012250   0x00000074   Code   RO         1823    i._FlushBuffer      STemWin526_CM3_OS_Keil.lib(gui_sprite.o)
    0x080122c4   0x0000006c   Code   RO         1824    i._GetBkPixel       STemWin526_CM3_OS_Keil.lib(gui_sprite.o)
    0x08012330   0x00000004   Code   RO         1927    i._GetCharCode      STemWin526_CM3_OS_Keil.lib(gui_uc_encodenone.o)
    0x08012334   0x00000004   Code   RO         1928    i._GetCharSize      STemWin526_CM3_OS_Keil.lib(gui_uc_encodenone.o)
    0x08012338   0x0000000e   Code   RO         1402    i._GetDevData       STemWin526_CM3_OS_Keil.lib(guidrv_flexcolor.o)
    0x08012346   0x00000002   PAD
    0x08012348   0x00000010   Code   RO         1663    i._GetDevData       STemWin526_CM3_OS_Keil.lib(guidev_16.o)
    0x08012358   0x00000070   Code   RO         1403    i._GetDevFunc       STemWin526_CM3_OS_Keil.lib(guidrv_flexcolor.o)
    0x080123c8   0x00000010   Code   RO         1664    i._GetDevFunc       STemWin526_CM3_OS_Keil.lib(guidev_16.o)
    0x080123d8   0x0000004c   Code   RO         1404    i._GetDevFunc_Init  STemWin526_CM3_OS_Keil.lib(guidrv_flexcolor.o)
    0x08012424   0x00000002   Code   RO         1405    i._GetDevFunc_SetRect  STemWin526_CM3_OS_Keil.lib(guidrv_flexcolor.o)
    0x08012426   0x00000002   PAD
    0x08012428   0x00000040   Code   RO         1406    i._GetDevFunc_SetRectOutside  STemWin526_CM3_OS_Keil.lib(guidrv_flexcolor.o)
    0x08012468   0x00000014   Code   RO         1407    i._GetDevFunc_SetSize  STemWin526_CM3_OS_Keil.lib(guidrv_flexcolor.o)
    0x0801247c   0x00000014   Code   RO         1408    i._GetDevFunc_SetVSize  STemWin526_CM3_OS_Keil.lib(guidrv_flexcolor.o)
    0x08012490   0x0000001e   Code   RO         1292    i._GetDevProp       STemWin526_CM3_OS_Keil.lib(lcd_getex.o)
    0x080124ae   0x00000066   Code   RO         1409    i._GetDevProp       STemWin526_CM3_OS_Keil.lib(guidrv_flexcolor.o)
    0x08012514   0x00000008   Code   RO         1665    i._GetDevProp       STemWin526_CM3_OS_Keil.lib(guidev_16.o)
    0x0801251c   0x00000040   Code   RO         1830    i._GetDeviceRect    STemWin526_CM3_OS_Keil.lib(gui_sprite.o)
    0x0801255c   0x00000052   Code   RO         2211    i._GetIndexMask_0   STemWin526_CM3_OS_Keil.lib(guicc_0.o)
    0x080125ae   0x00000006   Code   RO         1247    i._GetIndexMask_565  STemWin526_CM3_OS_Keil.lib(guicc_565.o)
    0x080125b4   0x0000001c   Code   RO         1030    i._GetMinIndex      STemWin526_CM3_OS_Keil.lib(gui_alloc.o)
    0x080125d0   0x00000008   Code   RO         1410    i._GetPixelIndex    STemWin526_CM3_OS_Keil.lib(guidrv_flexcolor.o)
    0x080125d8   0x0000000e   Code   RO         1666    i._GetPixelIndex    STemWin526_CM3_OS_Keil.lib(guidev_16.o)
    0x080125e6   0x00000016   Code   RO         1411    i._GetRect          STemWin526_CM3_OS_Keil.lib(guidrv_flexcolor.o)
    0x080125fc   0x00000030   Code   RO         1667    i._GetRect          STemWin526_CM3_OS_Keil.lib(guidev_16.o)
    0x0801262c   0x00000010   Code   RO         1184    i._GotoX            STemWin526_CM3_OS_Keil.lib(gui_goto.o)
    0x0801263c   0x00000010   Code   RO         1185    i._GotoY            STemWin526_CM3_OS_Keil.lib(gui_goto.o)
    0x0801264c   0x00000014   Code   RO         1770    i._IncPointer       STemWin526_CM3_OS_Keil.lib(gui_pid.o)
    0x08012660   0x00000048   Code   RO         1248    i._Index2ColorBulk  STemWin526_CM3_OS_Keil.lib(guicc_565.o)
    0x080126a8   0x00000020   Code   RO         2212    i._Index2Color_0    STemWin526_CM3_OS_Keil.lib(guicc_0.o)
    0x080126c8   0x00000070   Code   RO         1083    i._InitContext      STemWin526_CM3_OS_Keil.lib(gui_core.o)
    0x08012738   0x000000a8   Code   RO         1031    i._InitOnce         STemWin526_CM3_OS_Keil.lib(gui_alloc.o)
    0x080127e0   0x00000080   Code   RO         2053    i._Invalidate1Abs   STemWin526_CM3_OS_Keil.lib(wm.o)
    0x08012860   0x00000014   Code   RO         1214    i._Log2Phys         STemWin526_CM3_OS_Keil.lib(gui_touch_driveranalog.o)
    0x08012874   0x00000004   Code   RO         1412    i._Log2PhysX_X0Y0S0  STemWin526_CM3_OS_Keil.lib(guidrv_flexcolor.o)
    0x08012878   0x00000004   Code   RO         1413    i._Log2PhysX_X0Y0S1  STemWin526_CM3_OS_Keil.lib(guidrv_flexcolor.o)
    0x0801287c   0x00000004   Code   RO         1414    i._Log2PhysX_X0Y1S0  STemWin526_CM3_OS_Keil.lib(guidrv_flexcolor.o)
    0x08012880   0x00000004   Code   RO         1415    i._Log2PhysX_X0Y1S1  STemWin526_CM3_OS_Keil.lib(guidrv_flexcolor.o)
    0x08012884   0x00000008   Code   RO         1416    i._Log2PhysX_X1Y0S0  STemWin526_CM3_OS_Keil.lib(guidrv_flexcolor.o)
    0x0801288c   0x00000008   Code   RO         1417    i._Log2PhysX_X1Y0S1  STemWin526_CM3_OS_Keil.lib(guidrv_flexcolor.o)
    0x08012894   0x00000008   Code   RO         1418    i._Log2PhysX_X1Y1S0  STemWin526_CM3_OS_Keil.lib(guidrv_flexcolor.o)
    0x0801289c   0x00000008   Code   RO         1419    i._Log2PhysX_X1Y1S1  STemWin526_CM3_OS_Keil.lib(guidrv_flexcolor.o)
    0x080128a4   0x00000004   Code   RO         1420    i._Log2PhysY_X0Y0S0  STemWin526_CM3_OS_Keil.lib(guidrv_flexcolor.o)
    0x080128a8   0x00000004   Code   RO         1421    i._Log2PhysY_X0Y0S1  STemWin526_CM3_OS_Keil.lib(guidrv_flexcolor.o)
    0x080128ac   0x00000008   Code   RO         1422    i._Log2PhysY_X0Y1S0  STemWin526_CM3_OS_Keil.lib(guidrv_flexcolor.o)
    0x080128b4   0x00000008   Code   RO         1423    i._Log2PhysY_X0Y1S1  STemWin526_CM3_OS_Keil.lib(guidrv_flexcolor.o)
    0x080128bc   0x00000004   Code   RO         1424    i._Log2PhysY_X1Y0S0  STemWin526_CM3_OS_Keil.lib(guidrv_flexcolor.o)
    0x080128c0   0x00000004   Code   RO         1425    i._Log2PhysY_X1Y0S1  STemWin526_CM3_OS_Keil.lib(guidrv_flexcolor.o)
    0x080128c4   0x00000008   Code   RO         1426    i._Log2PhysY_X1Y1S0  STemWin526_CM3_OS_Keil.lib(guidrv_flexcolor.o)
    0x080128cc   0x00000008   Code   RO         1427    i._Log2PhysY_X1Y1S1  STemWin526_CM3_OS_Keil.lib(guidrv_flexcolor.o)
    0x080128d4   0x00000002   Code   RO         1727    i._Log2VisBuffered  STemWin526_CM3_OS_Keil.lib(gui_charline.o)
    0x080128d6   0x00000002   PAD
    0x080128d8   0x00000034   Code   RO         1032    i._OnExit           STemWin526_CM3_OS_Keil.lib(gui_alloc.o)
    0x0801290c   0x0000002c   Code   RO         1084    i._OnExit           STemWin526_CM3_OS_Keil.lib(gui_core.o)
    0x08012938   0x00000014   Code   RO         1896    i._OnExit           STemWin526_CM3_OS_Keil.lib(gui_task.o)
    0x0801294c   0x00000014   Code   RO         1979    i._OnExit           STemWin526_CM3_OS_Keil.lib(lcd_color.o)
    0x08012960   0x00000034   Code   RO         2054    i._OnExit           STemWin526_CM3_OS_Keil.lib(wm.o)
    0x08012994   0x00000040   Code   RO         1033    i._PopFreeBlock     STemWin526_CM3_OS_Keil.lib(gui_alloc.o)
    0x080129d4   0x00000028   Code   RO         1034    i._PushFreeBlock    STemWin526_CM3_OS_Keil.lib(gui_alloc.o)
    0x080129fc   0x00000006   Code   RO         1499    i._ReadData         STemWin526_CM3_OS_Keil.lib(guidrv_flexcolor_16bpp_c0b16.o)
    0x08012a02   0x0000000c   Code   RO         1428    i._ReadPixelCust_16bpp  STemWin526_CM3_OS_Keil.lib(guidrv_flexcolor.o)
    0x08012a0e   0x0000000c   Code   RO         1429    i._ReadPixelCust_18bpp  STemWin526_CM3_OS_Keil.lib(guidrv_flexcolor.o)
    0x08012a1a   0x00000028   Code   RO         1514    i._ReadPixel_16bpp_B16_I  STemWin526_CM3_OS_Keil.lib(guidrv_flexcolor_func66709.o)
    0x08012a42   0x00000024   Code   RO         1517    i._ReadPixel_16bpp_B8  STemWin526_CM3_OS_Keil.lib(guidrv_flexcolor_func66709.o)
    0x08012a66   0x00000030   Code   RO         1430    i._ReadRectCust_16bpp  STemWin526_CM3_OS_Keil.lib(guidrv_flexcolor.o)
    0x08012a96   0x00000030   Code   RO         1431    i._ReadRectCust_18bpp  STemWin526_CM3_OS_Keil.lib(guidrv_flexcolor.o)
    0x08012ac6   0x0000004c   Code   RO         1518    i._ReadRect_16bpp_B16_I  STemWin526_CM3_OS_Keil.lib(guidrv_flexcolor_func66709.o)
    0x08012b12   0x00000048   Code   RO         1521    i._ReadRect_16bpp_B8  STemWin526_CM3_OS_Keil.lib(guidrv_flexcolor_func66709.o)
    0x08012b5a   0x0000001c   Code   RO         1835    i._ReleaseBuffer    STemWin526_CM3_OS_Keil.lib(gui_sprite.o)
    0x08012b76   0x00000002   PAD
    0x08012b78   0x00000034   Code   RO         1035    i._RemoveFreeBlock  STemWin526_CM3_OS_Keil.lib(gui_alloc.o)
    0x08012bac   0x000000a0   Code   RO         1036    i._RemoveHoles      STemWin526_CM3_OS_Keil.lib(gui_alloc.o)
    0x08012c4c   0x0000005a   Code   RO         2593    i._Screen2hWin      STemWin526_CM3_OS_Keil.lib(wm_screen2win.o)
    0x08012ca6   0x00000002   PAD
    0x08012ca8   0x00000024   Code   RO         2594    i._Screen2hWinStop  STemWin526_CM3_OS_Keil.lib(wm_screen2win.o)
    0x08012ccc   0x00000020   Code   RO         1949    i._SetBkColor       STemWin526_CM3_OS_Keil.lib(lcd.o)
    0x08012cec   0x0000004c   Code   RO         2058    i._SetClipRectUserIntersect  STemWin526_CM3_OS_Keil.lib(wm.o)
    0x08012d38   0x00000020   Code   RO         1950    i._SetColor         STemWin526_CM3_OS_Keil.lib(lcd.o)
    0x08012d58   0x00000080   Code   RO         1432    i._SetDevFunc       STemWin526_CM3_OS_Keil.lib(guidrv_flexcolor.o)
    0x08012dd8   0x0000002c   Code   RO         1951    i._SetDrawMode      STemWin526_CM3_OS_Keil.lib(lcd.o)
    0x08012e04   0x00000030   Code   RO         1522    i._SetInterface     STemWin526_CM3_OS_Keil.lib(guidrv_flexcolor_func66709.o)
    0x08012e34   0x00000034   Code   RO         1215    i._SetMinMax        STemWin526_CM3_OS_Keil.lib(gui_touch_driveranalog.o)
    0x08012e68   0x00000012   Code   RO         1433    i._SetOrg           STemWin526_CM3_OS_Keil.lib(guidrv_flexcolor.o)
    0x08012e7a   0x00000008   Code   RO         1668    i._SetOrg           STemWin526_CM3_OS_Keil.lib(guidev_16.o)
    0x08012e82   0x00000002   PAD
    0x08012e84   0x00000038   Code   RO         1523    i._SetOrientation   STemWin526_CM3_OS_Keil.lib(guidrv_flexcolor_func66709.o)
    0x08012ebc   0x000000a8   Code   RO         1524    i._SetPhysRAMAddr   STemWin526_CM3_OS_Keil.lib(guidrv_flexcolor_func66709.o)
    0x08012f64   0x0000000e   Code   RO         1434    i._SetPixelIndex    STemWin526_CM3_OS_Keil.lib(guidrv_flexcolor.o)
    0x08012f72   0x00000002   PAD
    0x08012f74   0x00000048   Code   RO         1669    i._SetPixelIndex    STemWin526_CM3_OS_Keil.lib(guidev_16.o)
    0x08012fbc   0x0000029c   Code   RO         1840    i._SetPosition      STemWin526_CM3_OS_Keil.lib(gui_sprite.o)
    0x08013258   0x000000b4   Code   RO         1525    i._SetRect          STemWin526_CM3_OS_Keil.lib(guidrv_flexcolor_func66709.o)
    0x0801330c   0x00000008   Code   RO         1526    i._SetReg_B16       STemWin526_CM3_OS_Keil.lib(guidrv_flexcolor_func66709.o)
    0x08013314   0x0000001a   Code   RO         1527    i._SetReg_B8        STemWin526_CM3_OS_Keil.lib(guidrv_flexcolor_func66709.o)
    0x0801332e   0x0000004a   Code   RO         1841    i._SetSpriteBkPixel  STemWin526_CM3_OS_Keil.lib(gui_sprite.o)
    0x08013378   0x00000058   Code   RO         1771    i._StoreState       STemWin526_CM3_OS_Keil.lib(gui_pid.o)
    0x080133d0   0x00000030   Code   RO         1216    i._StoreUnstable    STemWin526_CM3_OS_Keil.lib(gui_touch_driveranalog.o)
    0x08013400   0x000000ea   Code   RO         1037    i._TestRAM          STemWin526_CM3_OS_Keil.lib(gui_alloc.o)
    0x080134ea   0x00000002   PAD
    0x080134ec   0x00000030   Code   RO         1153    i._UnlinkDevice     STemWin526_CM3_OS_Keil.lib(gui_device.o)
    0x0801351c   0x0000000a   Code   RO         1500    i._WriteData        STemWin526_CM3_OS_Keil.lib(guidrv_flexcolor_16bpp_c0b16.o)
    0x08013526   0x00000008   Code   RO         1528    i._WritePara_B16    STemWin526_CM3_OS_Keil.lib(guidrv_flexcolor_func66709.o)
    0x0801352e   0x0000000a   Code   RO         1529    i._WritePara_B8     STemWin526_CM3_OS_Keil.lib(guidrv_flexcolor_func66709.o)
    0x08013538   0x0000000e   Code   RO         1038    i._WriteTagData     STemWin526_CM3_OS_Keil.lib(gui_alloc.o)
    0x08013546   0x00000002   PAD
    0x08013548   0x00000340   Code   RO         1998    i._WriteToActiveOpaque_8  STemWin526_CM3_OS_Keil.lib(guidev_writetoactiveopaque.o)
    0x08013888   0x00000354   Code   RO         1999    i._WriteToActiveOpaque_HT  STemWin526_CM3_OS_Keil.lib(guidev_writetoactiveopaque.o)
    0x08013bdc   0x0000003c   Code   RO         1670    i._XY2PTR           STemWin526_CM3_OS_Keil.lib(guidev_16.o)
    0x08013c18   0x00000024   Code   RO         1435    i._XorPixel         STemWin526_CM3_OS_Keil.lib(guidrv_flexcolor.o)
    0x08013c3c   0x00000054   Code   RO         1671    i._XorPixel         STemWin526_CM3_OS_Keil.lib(guidev_16.o)
    0x08013c90   0x0000000e   Code   RO         2716    i._is_digit         c_w.l(__printf_wp.o)
    0x08013c9e   0x00000002   PAD
    0x08013ca0   0x00000050   Code   RO         2060    i.cbBackWin         STemWin526_CM3_OS_Keil.lib(wm.o)
    0x08013cf0   0x0000008a   Code   RO         1952    i.emWin_LCD_Init    STemWin526_CM3_OS_Keil.lib(lcd.o)
    0x08013d7a   0x0000004c   Code   RO         2799    i.sqrt              m_ws.l(sqrt.o)
    0x08013dc6   0x00000002   PAD
    0x08013dc8   0x00000150   Code   RO         2748    x$fpl$dadd          fz_ws.l(daddsub_clz.o)
    0x08013f18   0x00000018   Code   RO         2822    x$fpl$dcmpinf       fz_ws.l(dcmpi.o)
    0x08013f30   0x0000005a   Code   RO         2754    x$fpl$dfixu         fz_ws.l(dfixu.o)
    0x08013f8a   0x0000002e   Code   RO         2759    x$fpl$dflt          fz_ws.l(dflt_clz.o)
    0x08013fb8   0x00000026   Code   RO         2758    x$fpl$dfltu         fz_ws.l(dflt_clz.o)
    0x08013fde   0x00000002   PAD
    0x08013fe0   0x00000078   Code   RO         2764    x$fpl$dleqf         fz_ws.l(dleqf.o)
    0x08014058   0x00000154   Code   RO         2766    x$fpl$dmul          fz_ws.l(dmul.o)
    0x080141ac   0x0000009c   Code   RO         2824    x$fpl$dnaninf       fz_ws.l(dnaninf.o)
    0x08014248   0x0000000c   Code   RO         2826    x$fpl$dretinf       fz_ws.l(dretinf.o)
    0x08014254   0x0000006c   Code   RO         2768    x$fpl$drleqf        fz_ws.l(drleqf.o)
    0x080142c0   0x00000016   Code   RO         2749    x$fpl$drsb          fz_ws.l(daddsub_clz.o)
    0x080142d6   0x00000002   PAD
    0x080142d8   0x000001cc   Code   RO         2828    x$fpl$dsqrt         fz_ws.l(dsqrt_noumaal.o)
    0x080144a4   0x000001d4   Code   RO         2750    x$fpl$dsub          fz_ws.l(daddsub_clz.o)
    0x08014678   0x00000056   Code   RO         2770    x$fpl$f2d           fz_ws.l(f2d.o)
    0x080146ce   0x00000002   PAD
    0x080146d0   0x000000c4   Code   RO         2772    x$fpl$fadd          fz_ws.l(faddsub_clz.o)
    0x08014794   0x00000184   Code   RO         2779    x$fpl$fdiv          fz_ws.l(fdiv.o)
    0x08014918   0x00000036   Code   RO         2782    x$fpl$ffix          fz_ws.l(ffix.o)
    0x0801494e   0x00000002   PAD
    0x08014950   0x0000003e   Code   RO         2786    x$fpl$ffixu         fz_ws.l(ffixu.o)
    0x0801498e   0x00000002   PAD
    0x08014990   0x00000030   Code   RO         2791    x$fpl$fflt          fz_ws.l(fflt_clz.o)
    0x080149c0   0x00000026   Code   RO         2790    x$fpl$ffltu         fz_ws.l(fflt_clz.o)
    0x080149e6   0x00000002   PAD
    0x080149e8   0x00000102   Code   RO         2796    x$fpl$fmul          fz_ws.l(fmul.o)
    0x08014aea   0x0000008c   Code   RO         2830    x$fpl$fnaninf       fz_ws.l(fnaninf.o)
    0x08014b76   0x0000000a   Code   RO         2832    x$fpl$fretinf       fz_ws.l(fretinf.o)
    0x08014b80   0x000000ea   Code   RO         2774    x$fpl$fsub          fz_ws.l(faddsub_clz.o)
    0x08014c6a   0x00000000   Code   RO         2834    x$fpl$usenofp       fz_ws.l(usenofp.o)
    0x08014c6a   0x000017c0   Data   RO          292    .constdata          ili93xx.o
    0x0801642a   0x0000000a   Data   RO          367    .constdata          ott2001a.o
    0x08016434   0x0000000c   Data   RO          394    .constdata          touch.o
    0x08016440   0x00000100   Data   RO          866    .constdata          os_core.o
    0x08016540   0x00000008   Data   RO         1086    .constdata          STemWin526_CM3_OS_Keil.lib(gui_core.o)
    0x08016548   0x00000008   Data   RO         1154    .constdata          STemWin526_CM3_OS_Keil.lib(gui_device.o)
    0x08016550   0x00000018   Data   RO         1249    .constdata          STemWin526_CM3_OS_Keil.lib(guicc_565.o)
    0x08016568   0x00000034   Data   RO         1436    .constdata          STemWin526_CM3_OS_Keil.lib(guidrv_flexcolor.o)
    0x0801659c   0x00000040   Data   RO         1437    .constdata          STemWin526_CM3_OS_Keil.lib(guidrv_flexcolor.o)
    0x080165dc   0x00000518   Data   RO         1551    .constdata          STemWin526_CM3_OS_Keil.lib(f6x8.o)
    0x08016af4   0x000001c0   Data   RO         1552    .constdata          STemWin526_CM3_OS_Keil.lib(f6x8.o)
    0x08016cb4   0x00000008   Data   RO         1553    .constdata          STemWin526_CM3_OS_Keil.lib(f6x8.o)
    0x08016cbc   0x00000014   Data   RO         1554    .constdata          STemWin526_CM3_OS_Keil.lib(f6x8.o)
    0x08016cd0   0x00000024   Data   RO         1555    .constdata          STemWin526_CM3_OS_Keil.lib(f6x8.o)
    0x08016cf4   0x00000074   Data   RO         1672    .constdata          STemWin526_CM3_OS_Keil.lib(guidev_16.o)
    0x08016d68   0x00000020   Data   RO         1691    .constdata          STemWin526_CM3_OS_Keil.lib(gui__divtbl_31_255.o)
    0x08016d88   0x00000040   Data   RO         1692    .constdata          STemWin526_CM3_OS_Keil.lib(gui__divtbl_63_255.o)
    0x08016dc8   0x00000100   Data   RO         1693    .constdata          STemWin526_CM3_OS_Keil.lib(gui__divtbl_255_31.o)
    0x08016ec8   0x00000100   Data   RO         1694    .constdata          STemWin526_CM3_OS_Keil.lib(gui__divtbl_255_63.o)
    0x08016fc8   0x00000010   Data   RO         1929    .constdata          STemWin526_CM3_OS_Keil.lib(gui_uc_encodenone.o)
    0x08016fd8   0x0000000c   Data   RO         1953    .constdata          STemWin526_CM3_OS_Keil.lib(lcd.o)
    0x08016fe4   0x00000100   Data   RO         1988    .constdata          STemWin526_CM3_OS_Keil.lib(lcd_mirror.o)
    0x080170e4   0x00000008   Data   RO         2000    .constdata          STemWin526_CM3_OS_Keil.lib(guidev_writetoactiveopaque.o)
    0x080170ec   0x00000018   Data   RO         2213    .constdata          STemWin526_CM3_OS_Keil.lib(guicc_0.o)
    0x08017104   0x00000028   Data   RO         2689    .constdata          c_w.l(_printf_hex_int.o)
    0x0801712c   0x00000011   Data   RO         2724    .constdata          c_w.l(__printf_flags_ss_wp.o)
    0x0801713d   0x00000003   PAD
    0x08017140   0x00000079   Data   RO          395    .conststring        touch.o
    0x080171b9   0x00000003   PAD
    0x080171bc   0x00000028   Data   RO          485    .conststring        usmart.o
    0x080171e4   0x0000006b   Data   RO          507    .conststring        usmart_config.o
    0x0801724f   0x00000001   PAD
    0x08017250   0x00000020   Data   RO         2993    Region$$Table       anon$$obj.o


    Execution Region RW_IRAM1 (Base: 0x20000000, Size: 0x0000a7a8, Max: 0x0000c000, ABSOLUTE, COMPRESSED[0x000000d0])

    Base Addr    Size         Type   Attr      Idx    E Section Name        Object

    0x20000000   0x00000014   Data   RW          228    .data               system_stm32f10x.o
    0x20000014   0x00000004   Data   RW          293    .data               ili93xx.o
    0x20000018   0x00000001   Data   RW          368    .data               ott2001a.o
    0x20000019   0x00000003   PAD
    0x2000001c   0x0000003c   Data   RW          396    .data               touch.o
    0x20000058   0x00000004   Data   RW          422    .data               delay.o
    0x2000005c   0x00000006   Data   RW          463    .data               usart.o
    0x20000062   0x00000002   PAD
    0x20000064   0x0000001c   Data   RW          486    .data               usmart.o
    0x20000080   0x00000114   Data   RW          508    .data               usmart_config.o
    0x20000194   0x00000014   Data   RW          654    .data               stm32f10x_rcc.o
    0x200001a8   0x00000014   Data   RW          709    .data               malloc.o
    0x200001bc   0x00000011   Data   RW          727    .data               gui_x_os.o
    0x200001cd   0x00000003   PAD
    0x200001d0   0x00000048   Data   RW          867    .data               os_core.o
    0x20000218   0x00000008   Data   RW         1040    .data               STemWin526_CM3_OS_Keil.lib(gui_alloc.o)
    0x20000220   0x0000002c   Data   RW         1087    .data               STemWin526_CM3_OS_Keil.lib(gui_core.o)
    0x2000024c   0x00000004   Data   RW         1089    .data               STemWin526_CM3_OS_Keil.lib(gui_core.o)
    0x20000250   0x00000004   Data   RW         1090    .data               STemWin526_CM3_OS_Keil.lib(gui_core.o)
    0x20000254   0x00000002   Data   RW         1093    .data               STemWin526_CM3_OS_Keil.lib(gui_core.o)
    0x20000256   0x00000002   PAD
    0x20000258   0x00000004   Data   RW         1094    .data               STemWin526_CM3_OS_Keil.lib(gui_core.o)
    0x2000025c   0x00000002   Data   RW         1095    .data               STemWin526_CM3_OS_Keil.lib(gui_core.o)
    0x2000025e   0x00000002   Data   RW         1096    .data               STemWin526_CM3_OS_Keil.lib(gui_core.o)
    0x20000260   0x00000030   Data   RW         1218    .data               STemWin526_CM3_OS_Keil.lib(gui_touch_driveranalog.o)
    0x20000290   0x0000001c   Data   RW         1438    .data               STemWin526_CM3_OS_Keil.lib(guidrv_flexcolor.o)
    0x200002ac   0x00000008   Data   RW         1530    .data               STemWin526_CM3_OS_Keil.lib(guidrv_flexcolor_func66709.o)
    0x200002b4   0x00000004   Data   RW         1673    .data               STemWin526_CM3_OS_Keil.lib(guidev_16.o)
    0x200002b8   0x00000004   Data   RW         1728    .data               STemWin526_CM3_OS_Keil.lib(gui_charline.o)
    0x200002bc   0x00000008   Data   RW         1773    .data               STemWin526_CM3_OS_Keil.lib(gui_pid.o)
    0x200002c4   0x00000008   Data   RW         1791    .data               STemWin526_CM3_OS_Keil.lib(gui_selectlayer.o)
    0x200002cc   0x0000001c   Data   RW         1897    .data               STemWin526_CM3_OS_Keil.lib(gui_task.o)
    0x200002e8   0x00000008   Data   RW         1907    .data               STemWin526_CM3_OS_Keil.lib(gui_touch_storeunstable.o)
    0x200002f0   0x00000004   Data   RW         1954    .data               STemWin526_CM3_OS_Keil.lib(lcd.o)
    0x200002f4   0x00000010   Data   RW         1980    .data               STemWin526_CM3_OS_Keil.lib(lcd_color.o)
    0x20000304   0x00000060   Data   RW         2062    .data               STemWin526_CM3_OS_Keil.lib(wm.o)
    0x20000364   0x00000001   Data   RW         2063    .data               STemWin526_CM3_OS_Keil.lib(wm.o)
    0x20000365   0x00000003   PAD
    0x20000368   0x00000014   Data   RW         2133    .data               STemWin526_CM3_OS_Keil.lib(gui__managecache.o)
    0x2000037c   0x0000000c   Data   RW         2166    .data               STemWin526_CM3_OS_Keil.lib(gui_onkey.o)
    0x20000388   0x0000000c   Data   RW         2201    .data               STemWin526_CM3_OS_Keil.lib(gui_waitevent.o)
    0x20000394   0x00000004   Data   RW         2272    .data               STemWin526_CM3_OS_Keil.lib(wm__sendmessage.o)
    0x20000398   0x0000000c   Data   RW         2314    .data               STemWin526_CM3_OS_Keil.lib(wm_touch.o)
    0x200003a4   0x00003360   Zero   RW            2    .bss                main.o
    0x20003704   0x0000000e   Zero   RW          291    .bss                ili93xx.o
    0x20003712   0x000000c8   Zero   RW          462    .bss                usart.o
    0x200037da   0x00000002   PAD
    0x200037dc   0x00005500   Zero   RW          707    .bss                malloc.o
    0x20008cdc   0x00000dc8   Zero   RW          865    .bss                os_core.o
    0x20009aa4   0x000000c8   Zero   RW         1039    .bss                STemWin526_CM3_OS_Keil.lib(gui_alloc.o)
    0x20009b6c   0x00000070   Zero   RW         1085    .bss                STemWin526_CM3_OS_Keil.lib(gui_core.o)
    0x20009bdc   0x00000028   Zero   RW         1124    .bss                STemWin526_CM3_OS_Keil.lib(gui_curs1.o)
    0x20009c04   0x0000000c   Zero   RW         1203    .bss                STemWin526_CM3_OS_Keil.lib(gui_touch.o)
    0x20009c10   0x00000010   Zero   RW         1217    .bss                STemWin526_CM3_OS_Keil.lib(gui_touch_driveranalog.o)
    0x20009c20   0x00000048   Zero   RW         1772    .bss                STemWin526_CM3_OS_Keil.lib(gui_pid.o)
    0x20009c68   0x00000018   Zero   RW         2061    .bss                STemWin526_CM3_OS_Keil.lib(wm.o)
    0x20009c80   0x00000058   Zero   RW         2165    .bss                STemWin526_CM3_OS_Keil.lib(gui_onkey.o)
    0x20009cd8   0x0000000c   Zero   RW         2192    .bss                STemWin526_CM3_OS_Keil.lib(gui_touch_storestate.o)
    0x20009ce4   0x00000048   Zero   RW         2313    .bss                STemWin526_CM3_OS_Keil.lib(wm_touch.o)
    0x20009d2c   0x00000018   Zero   RW         2587    .bss                STemWin526_CM3_OS_Keil.lib(wm_pid__getprevstate.o)
    0x20009d44   0x00000060   Zero   RW         2862    .bss                c_w.l(libspace.o)
    0x20009da4   0x00000004   PAD
    0x20009da8   0x00000200   Zero   RW          548    HEAP                startup_stm32f10x_hd.o
    0x20009fa8   0x00000800   Zero   RW          547    STACK               startup_stm32f10x_hd.o


==============================================================================

Image component sizes


      Code (inc. data)   RO Data    RW Data    ZI Data      Debug   Object Name

       378          0          0          0          0       2622   24cxx.o
         0          0          0          0          0         32   core_cm3.o
       608         18          0          0          0       1989   ctiic.o
       244         20          0          4          0       9484   delay.o
       276         24          0         17          0      51103   gui_x_os.o
        24          0          0          0          0        940   gui_x_touch_analog.o
        40          4          0          0          0        863   guiconf.o
     22700        204       6080          4         14      23747   ili93xx.o
       640         38          0          0          0       4790   lcdconf_flexcolor_template.o
        80          8          0          0          0     205259   led.o
       348         56          0          0      13152       8020   main.o
       416          6          0         20      21760       3873   malloc.o
       220         22          0          0          0       1801   misc.o
       600         12          0          0          0       1840   myiic.o
      2192        216        256         72       3528      14775   os_core.o
       180         36          0          0          0        320   os_cpu_a.o
       174          0          0          0          0      10342   os_cpu_c.o
      2060         42          0          0          0       6756   os_flag.o
       972         16          0          0          0       4086   os_mbox.o
      1512         30          0          0          0       5485   os_q.o
       908         18          0          0          0       3830   os_sem.o
      1988         70          0          0          0       7421   os_task.o
       432         30          0          0          0       1758   os_time.o
       880         60         10          1          0       2538   ott2001a.o
        64         26        304          0       2560        788   startup_stm32f10x_hd.o
       860         38          0          0          0       5653   stm32f10x_gpio.o
        64         20          0          0          0      44571   stm32f10x_it.o
       932         36          0         20          0       8820   stm32f10x_rcc.o
      3610         88          0          0          0      22136   stm32f10x_tim.o
      1032         22          0          0          0       8372   stm32f10x_usart.o
        12          0          0          0          0        437   sys.o
       480         38          0         20          0       1703   system_stm32f10x.o
      3076        180        133         60          0       6355   touch.o
       336         18          0          6        200       3162   usart.o
      3136       1288         40         28          0       4238   usmart.o
         0          0        107        276          0       1596   usmart_config.o
      1320         12          0          0          0       5025   usmart_str.o

    ----------------------------------------------------------------------
     52800       2696       6966        536      41216     486530   Object Totals
         0          0         32          0          0          0   (incl. Generated)
         6          0          4          8          2          0   (incl. Padding)

    ----------------------------------------------------------------------

      Code (inc. data)   RO Data    RW Data    ZI Data      Debug   Library Member Name

         0          0       1816          0          0          0   f6x8.o
       292          0          0          0          0         76   gui__compactpixelindices.o
         0          0        256          0          0          0   gui__divtbl_255_31.o
         0          0        256          0          0          0   gui__divtbl_255_63.o
         0          0         32          0          0          0   gui__divtbl_31_255.o
         0          0         64          0          0          0   gui__divtbl_63_255.o
        58          0          0          0          0         68   gui__intersectrect.o
        82          0          0          0          0         80   gui__intersectrects.o
       216          8          0         20          0        156   gui__managecache.o
        76          0          0          0          0         76   gui__memset.o
        60          0          0          0          0         76   gui__memset16.o
        26          0          0          0          0         68   gui__sqrt32.o
      1770        102          0          8        200       1696   gui_alloc.o
        46          0          0          0          0         80   gui_alloc_alloczero.o
        60          0          0          0          0         76   gui_calccolordist.o
       164         20          0          0          0        308   gui_char.o
       458         36          0          4          0        472   gui_charline.o
       394         10          0          0          0        300   gui_charm.o
       476         78          8         62        112        620   gui_core.o
       120          6          0          0         40         88   gui_curs1.o
       434         34          8          0          0        676   gui_device.o
       264          4          0          0          0         88   gui_dispstring.o
        40          6          0          0          0         88   gui_dispstringat.o
       400          4          0          0          0        208   gui_drawroundedframe.o
       386          6          0          0          0        204   gui_drawroundedrect.o
       160          0          0          0          0        152   gui_getbitmappixelindex.o
        66         12          0          0          0        216   gui_goto.o
        88          0          0          0          0         76   gui_mergerect.o
        30          0          0          0          0         68   gui_moverect.o
        16          4          0         12         88         68   gui_onkey.o
       248         36          0          8         72        444   gui_pid.o
        56          0          0          0          0         68   gui_rectsintersect.o
       138         14          0          8          0        316   gui_selectlayer.o
        26          0          0          0          0         80   gui_selectlcd.o
        44          0          0          0          0        160   gui_setcolor.o
        64         16          0          0          0         88   gui_setorg.o
      1246         10          0          0          0        716   gui_sprite.o
       324         32          0         28          0        392   gui_task.o
        44          6          0          0         12         84   gui_touch.o
       632         46          0         48         16        472   gui_touch_driveranalog.o
        36          6          0          0         12         68   gui_touch_storestate.o
        44          4          0          8          0         88   gui_touch_storeunstable.o
        84         10          0          0          0        168   gui_uc.o
        18          0         16          0          0        272   gui_uc_encodenone.o
        16          4          0         12          0         68   gui_waitevent.o
       198          0         24          0          0        244   guicc_0.o
       218         38         24          0          0        388   guicc_565.o
       202         12          0          0          0        244   guidev.o
      2324         66        116          4          0       1336   guidev_16.o
        34          0          0          0          0         80   guidev_getdataptr.o
        84          0          0          0          0        164   guidev_usage.o
      1868         16          8          0          0        492   guidev_writetoactiveopaque.o
      1506         76        116         28          0       3316   guidrv_flexcolor.o
      1712         62          0          0          0        876   guidrv_flexcolor_16bpp_c0b16.o
       886         56          0          8          0       1160   guidrv_flexcolor_func66709.o
      1730        118         12          4          0       1436   lcd.o
       260         26          0         16          0        388   lcd_color.o
       304         24          0          0          0        920   lcd_getex.o
        26          0          0          0          0         80   lcd_getnumdisplays.o
         0          0        256          0          0          0   lcd_mirror.o
        64         10          0          0          0         80   lcd_selectlcd.o
       220          0          0          0          0        420   lcd_set.o
        48         10          0          0          0         80   lcd_setcliprectex.o
        36          4          0          0          0         80   lcd_updatecolorindices.o
      3060        142          0         97         24       2716   wm.o
        18          0          0          0          0         76   wm__getfirstsibling.o
        36          0          0          0          0         80   wm__getprevsibling.o
        34          0          0          0          0         80   wm__isancestor.o
        22          0          0          0          0         76   wm__isenabled.o
        60          6          0          4          0         88   wm__sendmessage.o
        28          0          0          0          0         92   wm__sendmessageifenabled.o
       136          0          0          0          0         92   wm_bringtobottom.o
        60         12          0          0          0        136   wm_criticalhandle.o
        32          0          0          0          0         80   wm_getclientrect.o
        24         10          0          0          0         68   wm_getdesktopwindow.o
        20          4          0          0          0         68   wm_getdesktopwindowex.o
        26          0          0          0          0         76   wm_getfirstchild.o
        26          0          0          0          0         76   wm_getparent.o
        24          0          0          0          0         76   wm_iswindow.o
        24          6          0          0         24         68   wm_pid__getprevstate.o
       204          6          0          0          0        324   wm_screen2win.o
        38          0          0          0          0         92   wm_sendtoparent.o
        62          8          0          0          0        160   wm_setcapture.o
      1108         46          0         12         72        344   wm_touch.o
        90          0          0          0          0          0   __dczerorl2.o
         8          0          0          0          0         68   __main.o
       392          4         17          0          0         92   __printf_flags_ss_wp.o
        14          0          0          0          0         68   __printf_wp.o
        52          8          0          0          0          0   __scatter.o
        28          0          0          0          0          0   __scatter_zi.o
         6          0          0          0          0          0   _printf_c.o
        44          0          0          0          0        108   _printf_char.o
        48          6          0          0          0         96   _printf_char_common.o
        36          4          0          0          0         80   _printf_char_file.o
         6          0          0          0          0          0   _printf_d.o
       116         16          0          0          0         92   _printf_dec.o
        88          4         40          0          0         88   _printf_hex_int.o
       178          0          0          0          0         88   _printf_intcommon.o
        78          0          0          0          0        108   _printf_pad.o
         0          0          0          0          0          0   _printf_percent.o
         4          0          0          0          0          0   _printf_percent_end.o
         6          0          0          0          0          0   _printf_s.o
        82          0          0          0          0         80   _printf_str.o
         6          0          0          0          0          0   _printf_u.o
         6          0          0          0          0          0   _printf_x.o
        22          0          0          0          0        100   _rserrno.o
        12          0          0          0          0         72   exit.o
         8          0          0          0          0         68   ferror.o
         6          0          0          0          0        152   heapauxi.o
         2          0          0          0          0          0   libinit.o
         2          0          0          0          0          0   libinit2.o
         2          0          0          0          0          0   libshutdown.o
         2          0          0          0          0          0   libshutdown2.o
         8          4          0          0         96         68   libspace.o
        88          0          0          0          0         76   memcmp.o
        24          4          0          0          0         84   noretval__2printf.o
         8          4          0          0          0         68   rt_errno_addr_intlibspace.o
        78          0          0          0          0         80   rt_memclr_w.o
       138          0          0          0          0         68   rt_memcpy_v6.o
       100          0          0          0          0         80   rt_memcpy_w.o
       132          0          0          0          0         68   rt_memmove_v6.o
       122          0          0          0          0         80   rt_memmove_w.o
         0          0          0          0          0          0   rtentry.o
        12          0          0          0          0          0   rtentry2.o
         6          0          0          0          0          0   rtentry4.o
         2          0          0          0          0          0   rtexit.o
        10          0          0          0          0          0   rtexit2.o
        74          0          0          0          0         80   sys_stackheap_outer.o
         2          0          0          0          0         68   use_no_semi.o
         2          0          0          0          0         68   use_no_semi_2.o
       826         16          0          0          0        348   daddsub_clz.o
        24          0          0          0          0         68   dcmpi.o
        90          4          0          0          0         92   dfixu.o
        84          0          0          0          0        136   dflt_clz.o
       120          4          0          0          0         92   dleqf.o
       340         12          0          0          0        104   dmul.o
       156          4          0          0          0         92   dnaninf.o
        12          0          0          0          0         68   dretinf.o
       108          0          0          0          0         80   drleqf.o
       460         56          0          0          0        120   dsqrt_noumaal.o
        86          4          0          0          0         84   f2d.o
       430          8          0          0          0        168   faddsub_clz.o
       388         76          0          0          0         96   fdiv.o
        54          4          0          0          0         84   ffix.o
        62          4          0          0          0         84   ffixu.o
        86          0          0          0          0        136   fflt_clz.o
       258          4          0          0          0         84   fmul.o
       140          4          0          0          0         84   fnaninf.o
        10          0          0          0          0         68   fretinf.o
         0          0          0          0          0          0   usenofp.o
        76          0          0          0          0         84   sqrt.o

    ----------------------------------------------------------------------
     31994       1526       3072        396        772      30640   Library Totals
        70          0          3          5          4          0   (incl. Padding)

    ----------------------------------------------------------------------

      Code (inc. data)   RO Data    RW Data    ZI Data      Debug   Library Name

     25964       1272       3012        391        672      26220   STemWin526_CM3_OS_Keil.lib
      2150         54         57          0         96       2248   c_w.l
      3734        200          0          0          0       2088   fz_ws.l
        76          0          0          0          0         84   m_ws.l

    ----------------------------------------------------------------------
     31994       1526       3072        396        772      30640   Library Totals

    ----------------------------------------------------------------------

==============================================================================


      Code (inc. data)   RO Data    RW Data    ZI Data      Debug   

     84794       4222      10038        932      41988     494910   Grand Totals
     84794       4222      10038        208      41988     494910   ELF Image Totals (compressed)
     84794       4222      10038        208          0          0   ROM Totals

==============================================================================

    Total RO  Size (Code + RO Data)                94832 (  92.61kB)
    Total RW  Size (RW Data + ZI Data)             42920 (  41.91kB)
    Total ROM Size (Code + RO Data + RW Data)      95040 (  92.81kB)

==============================================================================

