<html>
<body>
<pre>
<h1>µVision Build Log</h1>
<h2>Project:</h2>
G:\GitHub\STemWin-NumberDisplay\STemWin-uCOSII\USER\MALLOC.uvproj
Project File Date:  01/04/2016

<h2>Output:</h2>
Build target 'STemWin'
compiling main.c...
linking...
Program Size: Code=84794 RO-data=10038 RW-data=932 ZI-data=41988  
FromELF: creating hex file...
"..\OBJ\MALLOC.axf" - 0 Error(s), 0 Warning(s).
: Error: L6218E: Undefined symbol GUI_Text_Disp (referred from main.o).
Not enough information to list image symbols.
Finished: 1 information, 0 warning and 1 error messages.
"..\OBJ\MALLOC.axf" - 1 Error(s), 1 Warning(s).
Target not created
